2026-01-29 16:03:58,561 - INFO - Starting training for 800 epochs on cuda
2026-01-29 16:04:05,623 - INFO - Epoch 0/800 | Loss: 0.629106
2026-01-29 16:04:05,634 - INFO - Saved best model (Loss: 0.629106) to results\tgnn\checkpoints\best_model_20260129_160358.pth
2026-01-29 16:04:12,360 - INFO - Saved best model (Loss: 0.383991) to results\tgnn\checkpoints\best_model_20260129_160358.pth
2026-01-29 16:04:19,871 - INFO - Saved best model (Loss: 0.323356) to results\tgnn\checkpoints\best_model_20260129_160358.pth
2026-01-29 16:04:27,043 - INFO - Saved best model (Loss: 0.295255) to results\tgnn\checkpoints\best_model_20260129_160358.pth
2026-01-29 16:04:34,017 - INFO - Saved best model (Loss: 0.276733) to results\tgnn\checkpoints\best_model_20260129_160358.pth
2026-01-29 16:04:40,741 - INFO - Saved best model (Loss: 0.259913) to results\tgnn\checkpoints\best_model_20260129_160358.pth
2026-01-29 16:04:47,237 - INFO - Saved best model (Loss: 0.254482) to results\tgnn\checkpoints\best_model_20260129_160358.pth
2026-01-29 16:04:53,886 - INFO - Saved best model (Loss: 0.242539) to results\tgnn\checkpoints\best_model_20260129_160358.pth
2026-01-29 16:05:00,220 - INFO - Saved best model (Loss: 0.235544) to results\tgnn\checkpoints\best_model_20260129_160358.pth
2026-01-29 16:05:06,888 - INFO - Saved best model (Loss: 0.230982) to results\tgnn\checkpoints\best_model_20260129_160358.pth
2026-01-29 16:05:13,601 - INFO - Epoch 10/800 | Loss: 0.224503
2026-01-29 16:05:13,610 - INFO - Saved best model (Loss: 0.224503) to results\tgnn\checkpoints\best_model_20260129_160358.pth
2026-01-29 16:05:20,050 - INFO - Saved best model (Loss: 0.221144) to results\tgnn\checkpoints\best_model_20260129_160358.pth
2026-01-29 16:05:26,826 - INFO - Saved best model (Loss: 0.214251) to results\tgnn\checkpoints\best_model_20260129_160358.pth
2026-01-29 16:05:33,230 - INFO - Saved best model (Loss: 0.212122) to results\tgnn\checkpoints\best_model_20260129_160358.pth
2026-01-29 16:05:40,075 - INFO - Saved best model (Loss: 0.207486) to results\tgnn\checkpoints\best_model_20260129_160358.pth
2026-01-29 16:05:47,464 - INFO - Saved best model (Loss: 0.204712) to results\tgnn\checkpoints\best_model_20260129_160358.pth
2026-01-29 16:05:54,476 - INFO - Saved best model (Loss: 0.202857) to results\tgnn\checkpoints\best_model_20260129_160358.pth
2026-01-29 16:06:01,761 - INFO - Saved best model (Loss: 0.197326) to results\tgnn\checkpoints\best_model_20260129_160358.pth
2026-01-29 16:06:09,490 - INFO - Saved best model (Loss: 0.194543) to results\tgnn\checkpoints\best_model_20260129_160358.pth
2026-01-29 16:06:16,482 - INFO - Saved best model (Loss: 0.190763) to results\tgnn\checkpoints\best_model_20260129_160358.pth
2026-01-29 16:06:23,637 - INFO - Epoch 20/800 | Loss: 0.186996
2026-01-29 16:06:23,647 - INFO - Saved best model (Loss: 0.186996) to results\tgnn\checkpoints\best_model_20260129_160358.pth
2026-01-29 16:06:30,492 - INFO - Saved best model (Loss: 0.184249) to results\tgnn\checkpoints\best_model_20260129_160358.pth
2026-01-29 16:06:38,183 - INFO - Saved best model (Loss: 0.182514) to results\tgnn\checkpoints\best_model_20260129_160358.pth
2026-01-29 16:06:46,249 - INFO - Saved best model (Loss: 0.179775) to results\tgnn\checkpoints\best_model_20260129_160358.pth
2026-01-29 16:06:54,503 - INFO - Saved best model (Loss: 0.176302) to results\tgnn\checkpoints\best_model_20260129_160358.pth
2026-01-29 16:07:01,456 - INFO - Saved best model (Loss: 0.175231) to results\tgnn\checkpoints\best_model_20260129_160358.pth
2026-01-29 16:07:07,879 - INFO - Saved best model (Loss: 0.171926) to results\tgnn\checkpoints\best_model_20260129_160358.pth
2026-01-29 16:07:14,326 - INFO - Saved best model (Loss: 0.167566) to results\tgnn\checkpoints\best_model_20260129_160358.pth
2026-01-29 16:07:27,017 - INFO - Saved best model (Loss: 0.165529) to results\tgnn\checkpoints\best_model_20260129_160358.pth
2026-01-29 16:07:33,441 - INFO - Epoch 30/800 | Loss: 0.164482
2026-01-29 16:07:33,450 - INFO - Saved best model (Loss: 0.164482) to results\tgnn\checkpoints\best_model_20260129_160358.pth
2026-01-29 16:07:39,801 - INFO - Saved best model (Loss: 0.160856) to results\tgnn\checkpoints\best_model_20260129_160358.pth
2026-01-29 16:07:46,164 - INFO - Saved best model (Loss: 0.158962) to results\tgnn\checkpoints\best_model_20260129_160358.pth
2026-01-29 16:07:52,649 - INFO - Saved best model (Loss: 0.158239) to results\tgnn\checkpoints\best_model_20260129_160358.pth
2026-01-29 16:07:59,190 - INFO - Saved best model (Loss: 0.157427) to results\tgnn\checkpoints\best_model_20260129_160358.pth
2026-01-29 16:08:05,721 - INFO - Saved best model (Loss: 0.156136) to results\tgnn\checkpoints\best_model_20260129_160358.pth
2026-01-29 16:08:12,039 - INFO - Saved best model (Loss: 0.155782) to results\tgnn\checkpoints\best_model_20260129_160358.pth
2026-01-29 16:08:18,517 - INFO - Saved best model (Loss: 0.151792) to results\tgnn\checkpoints\best_model_20260129_160358.pth
2026-01-29 16:08:24,934 - INFO - Saved best model (Loss: 0.150558) to results\tgnn\checkpoints\best_model_20260129_160358.pth
2026-01-29 16:08:31,431 - INFO - Saved best model (Loss: 0.150169) to results\tgnn\checkpoints\best_model_20260129_160358.pth
2026-01-29 16:08:37,852 - INFO - Epoch 40/800 | Loss: 0.147318
2026-01-29 16:08:37,861 - INFO - Saved best model (Loss: 0.147318) to results\tgnn\checkpoints\best_model_20260129_160358.pth
2026-01-29 16:08:44,258 - INFO - Saved best model (Loss: 0.146457) to results\tgnn\checkpoints\best_model_20260129_160358.pth
2026-01-29 16:08:50,618 - INFO - Saved best model (Loss: 0.145564) to results\tgnn\checkpoints\best_model_20260129_160358.pth
2026-01-29 16:08:57,061 - INFO - Saved best model (Loss: 0.142685) to results\tgnn\checkpoints\best_model_20260129_160358.pth
2026-01-29 16:09:09,875 - INFO - Saved best model (Loss: 0.139704) to results\tgnn\checkpoints\best_model_20260129_160358.pth
2026-01-29 16:09:22,411 - INFO - Saved best model (Loss: 0.139440) to results\tgnn\checkpoints\best_model_20260129_160358.pth
2026-01-29 16:09:28,869 - INFO - Saved best model (Loss: 0.137822) to results\tgnn\checkpoints\best_model_20260129_160358.pth
2026-01-29 16:09:35,384 - INFO - Saved best model (Loss: 0.137065) to results\tgnn\checkpoints\best_model_20260129_160358.pth
2026-01-29 16:09:41,853 - INFO - Epoch 50/800 | Loss: 0.136640
2026-01-29 16:09:41,861 - INFO - Saved best model (Loss: 0.136640) to results\tgnn\checkpoints\best_model_20260129_160358.pth
2026-01-29 16:09:48,287 - INFO - Saved best model (Loss: 0.136025) to results\tgnn\checkpoints\best_model_20260129_160358.pth
2026-01-29 16:09:54,739 - INFO - Saved best model (Loss: 0.134333) to results\tgnn\checkpoints\best_model_20260129_160358.pth
2026-01-29 16:10:01,238 - INFO - Saved best model (Loss: 0.131742) to results\tgnn\checkpoints\best_model_20260129_160358.pth
2026-01-29 16:10:20,080 - INFO - Saved best model (Loss: 0.129888) to results\tgnn\checkpoints\best_model_20260129_160358.pth
2026-01-29 16:10:26,469 - INFO - Saved best model (Loss: 0.128742) to results\tgnn\checkpoints\best_model_20260129_160358.pth
2026-01-29 16:10:32,940 - INFO - Saved best model (Loss: 0.128074) to results\tgnn\checkpoints\best_model_20260129_160358.pth
2026-01-29 16:10:39,434 - INFO - Saved best model (Loss: 0.126654) to results\tgnn\checkpoints\best_model_20260129_160358.pth
2026-01-29 16:10:45,833 - INFO - Epoch 60/800 | Loss: 0.126171
2026-01-29 16:10:45,841 - INFO - Saved best model (Loss: 0.126171) to results\tgnn\checkpoints\best_model_20260129_160358.pth
2026-01-29 16:10:52,291 - INFO - Saved best model (Loss: 0.125426) to results\tgnn\checkpoints\best_model_20260129_160358.pth
2026-01-29 16:10:58,839 - INFO - Saved best model (Loss: 0.124741) to results\tgnn\checkpoints\best_model_20260129_160358.pth
2026-01-29 16:11:11,597 - INFO - Saved best model (Loss: 0.122565) to results\tgnn\checkpoints\best_model_20260129_160358.pth
2026-01-29 16:11:17,993 - INFO - Saved best model (Loss: 0.121062) to results\tgnn\checkpoints\best_model_20260129_160358.pth
2026-01-29 16:11:24,390 - INFO - Saved best model (Loss: 0.121009) to results\tgnn\checkpoints\best_model_20260129_160358.pth
2026-01-29 16:11:30,823 - INFO - Saved best model (Loss: 0.120694) to results\tgnn\checkpoints\best_model_20260129_160358.pth
2026-01-29 16:11:37,268 - INFO - Saved best model (Loss: 0.119125) to results\tgnn\checkpoints\best_model_20260129_160358.pth
2026-01-29 16:11:49,981 - INFO - Epoch 70/800 | Loss: 0.118003
2026-01-29 16:11:49,990 - INFO - Saved best model (Loss: 0.118003) to results\tgnn\checkpoints\best_model_20260129_160358.pth
2026-01-29 16:11:56,670 - INFO - Saved best model (Loss: 0.116713) to results\tgnn\checkpoints\best_model_20260129_160358.pth
2026-01-29 16:12:16,536 - INFO - Saved best model (Loss: 0.114299) to results\tgnn\checkpoints\best_model_20260129_160358.pth
2026-01-29 16:12:22,868 - INFO - Saved best model (Loss: 0.112659) to results\tgnn\checkpoints\best_model_20260129_160358.pth
2026-01-29 16:12:48,009 - INFO - Saved best model (Loss: 0.111144) to results\tgnn\checkpoints\best_model_20260129_160358.pth
2026-01-29 16:12:54,374 - INFO - Epoch 80/800 | Loss: 0.111189
2026-01-29 16:13:00,540 - INFO - Saved best model (Loss: 0.110613) to results\tgnn\checkpoints\best_model_20260129_160358.pth
2026-01-29 16:13:07,178 - INFO - Saved best model (Loss: 0.109991) to results\tgnn\checkpoints\best_model_20260129_160358.pth
2026-01-29 16:13:25,975 - INFO - Saved best model (Loss: 0.108336) to results\tgnn\checkpoints\best_model_20260129_160358.pth
2026-01-29 16:13:32,393 - INFO - Saved best model (Loss: 0.107149) to results\tgnn\checkpoints\best_model_20260129_160358.pth
2026-01-29 16:13:51,423 - INFO - Saved best model (Loss: 0.106038) to results\tgnn\checkpoints\best_model_20260129_160358.pth
2026-01-29 16:13:57,841 - INFO - Epoch 90/800 | Loss: 0.105686
2026-01-29 16:13:57,852 - INFO - Saved best model (Loss: 0.105686) to results\tgnn\checkpoints\best_model_20260129_160358.pth
2026-01-29 16:14:04,259 - INFO - Saved best model (Loss: 0.105051) to results\tgnn\checkpoints\best_model_20260129_160358.pth
2026-01-29 16:14:10,810 - INFO - Saved best model (Loss: 0.104437) to results\tgnn\checkpoints\best_model_20260129_160358.pth
2026-01-29 16:14:17,220 - INFO - Saved best model (Loss: 0.104263) to results\tgnn\checkpoints\best_model_20260129_160358.pth
2026-01-29 16:14:23,656 - INFO - Saved best model (Loss: 0.103219) to results\tgnn\checkpoints\best_model_20260129_160358.pth
2026-01-29 16:14:30,117 - INFO - Saved best model (Loss: 0.103092) to results\tgnn\checkpoints\best_model_20260129_160358.pth
2026-01-29 16:14:36,636 - INFO - Saved best model (Loss: 0.102977) to results\tgnn\checkpoints\best_model_20260129_160358.pth
2026-01-29 16:14:43,140 - INFO - Saved best model (Loss: 0.102667) to results\tgnn\checkpoints\best_model_20260129_160358.pth
2026-01-29 16:14:49,642 - INFO - Saved best model (Loss: 0.101425) to results\tgnn\checkpoints\best_model_20260129_160358.pth
2026-01-29 16:14:56,077 - INFO - Saved best model (Loss: 0.100050) to results\tgnn\checkpoints\best_model_20260129_160358.pth
2026-01-29 16:15:02,484 - INFO - Epoch 100/800 | Loss: 0.100343
2026-01-29 16:15:08,752 - INFO - Saved best model (Loss: 0.099131) to results\tgnn\checkpoints\best_model_20260129_160358.pth
2026-01-29 16:15:27,972 - INFO - Saved best model (Loss: 0.098774) to results\tgnn\checkpoints\best_model_20260129_160358.pth
2026-01-29 16:15:47,102 - INFO - Saved best model (Loss: 0.097835) to results\tgnn\checkpoints\best_model_20260129_160358.pth
2026-01-29 16:15:53,705 - INFO - Saved best model (Loss: 0.095571) to results\tgnn\checkpoints\best_model_20260129_160358.pth
2026-01-29 16:16:06,536 - INFO - Epoch 110/800 | Loss: 0.096494
2026-01-29 16:16:13,038 - INFO - Saved best model (Loss: 0.095259) to results\tgnn\checkpoints\best_model_20260129_160358.pth
2026-01-29 16:16:32,168 - INFO - Saved best model (Loss: 0.094336) to results\tgnn\checkpoints\best_model_20260129_160358.pth
2026-01-29 16:16:44,820 - INFO - Saved best model (Loss: 0.093467) to results\tgnn\checkpoints\best_model_20260129_160358.pth
2026-01-29 16:17:03,731 - INFO - Saved best model (Loss: 0.091983) to results\tgnn\checkpoints\best_model_20260129_160358.pth
2026-01-29 16:17:10,087 - INFO - Epoch 120/800 | Loss: 0.091189
2026-01-29 16:17:10,095 - INFO - Saved best model (Loss: 0.091189) to results\tgnn\checkpoints\best_model_20260129_160358.pth
2026-01-29 16:17:16,636 - INFO - Saved best model (Loss: 0.091188) to results\tgnn\checkpoints\best_model_20260129_160358.pth
2026-01-29 16:17:29,435 - INFO - Saved best model (Loss: 0.090552) to results\tgnn\checkpoints\best_model_20260129_160358.pth
2026-01-29 16:17:42,051 - INFO - Saved best model (Loss: 0.089893) to results\tgnn\checkpoints\best_model_20260129_160358.pth
2026-01-29 16:17:54,743 - INFO - Saved best model (Loss: 0.089018) to results\tgnn\checkpoints\best_model_20260129_160358.pth
2026-01-29 16:18:07,499 - INFO - Saved best model (Loss: 0.088545) to results\tgnn\checkpoints\best_model_20260129_160358.pth
2026-01-29 16:18:14,044 - INFO - Epoch 130/800 | Loss: 0.088510
2026-01-29 16:18:14,084 - INFO - Saved best model (Loss: 0.088510) to results\tgnn\checkpoints\best_model_20260129_160358.pth
2026-01-29 16:18:26,940 - INFO - Saved best model (Loss: 0.087958) to results\tgnn\checkpoints\best_model_20260129_160358.pth
2026-01-29 16:18:39,578 - INFO - Saved best model (Loss: 0.087772) to results\tgnn\checkpoints\best_model_20260129_160358.pth
2026-01-29 16:18:46,160 - INFO - Saved best model (Loss: 0.086100) to results\tgnn\checkpoints\best_model_20260129_160358.pth
2026-01-29 16:19:05,069 - INFO - Saved best model (Loss: 0.085360) to results\tgnn\checkpoints\best_model_20260129_160358.pth
2026-01-29 16:19:17,971 - INFO - Epoch 140/800 | Loss: 0.085242
2026-01-29 16:19:17,981 - INFO - Saved best model (Loss: 0.085242) to results\tgnn\checkpoints\best_model_20260129_160358.pth
2026-01-29 16:19:24,529 - INFO - Saved best model (Loss: 0.084799) to results\tgnn\checkpoints\best_model_20260129_160358.pth
2026-01-29 16:19:37,283 - INFO - Saved best model (Loss: 0.084276) to results\tgnn\checkpoints\best_model_20260129_160358.pth
2026-01-29 16:19:49,920 - INFO - Saved best model (Loss: 0.084135) to results\tgnn\checkpoints\best_model_20260129_160358.pth
2026-01-29 16:19:56,359 - INFO - Saved best model (Loss: 0.082884) to results\tgnn\checkpoints\best_model_20260129_160358.pth
2026-01-29 16:20:02,774 - INFO - Saved best model (Loss: 0.082364) to results\tgnn\checkpoints\best_model_20260129_160358.pth
2026-01-29 16:20:09,173 - INFO - Saved best model (Loss: 0.081850) to results\tgnn\checkpoints\best_model_20260129_160358.pth
2026-01-29 16:20:21,847 - INFO - Epoch 150/800 | Loss: 0.081913
2026-01-29 16:20:40,524 - INFO - Saved best model (Loss: 0.080490) to results\tgnn\checkpoints\best_model_20260129_160358.pth
2026-01-29 16:20:59,402 - INFO - Saved best model (Loss: 0.080154) to results\tgnn\checkpoints\best_model_20260129_160358.pth
2026-01-29 16:21:18,167 - INFO - Saved best model (Loss: 0.078990) to results\tgnn\checkpoints\best_model_20260129_160358.pth
2026-01-29 16:21:24,636 - INFO - Epoch 160/800 | Loss: 0.080614
2026-01-29 16:21:43,281 - INFO - Saved best model (Loss: 0.078728) to results\tgnn\checkpoints\best_model_20260129_160358.pth
2026-01-29 16:21:49,806 - INFO - Saved best model (Loss: 0.077911) to results\tgnn\checkpoints\best_model_20260129_160358.pth
2026-01-29 16:22:00,996 - INFO - Saved best model (Loss: 0.077707) to results\tgnn\checkpoints\best_model_20260129_160358.pth
2026-01-29 16:22:06,267 - INFO - Saved best model (Loss: 0.076722) to results\tgnn\checkpoints\best_model_20260129_160358.pth
2026-01-29 16:22:21,863 - INFO - Epoch 170/800 | Loss: 0.077006
2026-01-29 16:22:32,241 - INFO - Saved best model (Loss: 0.076059) to results\tgnn\checkpoints\best_model_20260129_160358.pth
2026-01-29 16:22:37,493 - INFO - Saved best model (Loss: 0.075147) to results\tgnn\checkpoints\best_model_20260129_160358.pth
2026-01-29 16:23:03,249 - INFO - Saved best model (Loss: 0.073867) to results\tgnn\checkpoints\best_model_20260129_160358.pth
2026-01-29 16:23:13,603 - INFO - Epoch 180/800 | Loss: 0.073000
2026-01-29 16:23:13,611 - INFO - Saved best model (Loss: 0.073000) to results\tgnn\checkpoints\best_model_20260129_160358.pth
2026-01-29 16:23:39,428 - INFO - Saved best model (Loss: 0.072816) to results\tgnn\checkpoints\best_model_20260129_160358.pth
2026-01-29 16:23:44,673 - INFO - Saved best model (Loss: 0.072163) to results\tgnn\checkpoints\best_model_20260129_160358.pth
2026-01-29 16:24:00,227 - INFO - Saved best model (Loss: 0.071080) to results\tgnn\checkpoints\best_model_20260129_160358.pth
2026-01-29 16:24:05,456 - INFO - Epoch 190/800 | Loss: 0.072354
2026-01-29 16:24:31,171 - INFO - Saved best model (Loss: 0.070364) to results\tgnn\checkpoints\best_model_20260129_160358.pth
2026-01-29 16:24:56,998 - INFO - Epoch 200/800 | Loss: 0.069678
2026-01-29 16:24:57,005 - INFO - Saved best model (Loss: 0.069678) to results\tgnn\checkpoints\best_model_20260129_160358.pth
2026-01-29 16:25:02,162 - INFO - Saved best model (Loss: 0.069592) to results\tgnn\checkpoints\best_model_20260129_160358.pth
2026-01-29 16:25:12,559 - INFO - Saved best model (Loss: 0.069570) to results\tgnn\checkpoints\best_model_20260129_160358.pth
2026-01-29 16:25:17,786 - INFO - Saved best model (Loss: 0.068715) to results\tgnn\checkpoints\best_model_20260129_160358.pth
2026-01-29 16:25:43,677 - INFO - Saved best model (Loss: 0.068566) to results\tgnn\checkpoints\best_model_20260129_160358.pth
2026-01-29 16:25:48,905 - INFO - Epoch 210/800 | Loss: 0.068383
2026-01-29 16:25:48,912 - INFO - Saved best model (Loss: 0.068383) to results\tgnn\checkpoints\best_model_20260129_160358.pth
2026-01-29 16:25:54,146 - INFO - Saved best model (Loss: 0.068343) to results\tgnn\checkpoints\best_model_20260129_160358.pth
2026-01-29 16:26:04,516 - INFO - Saved best model (Loss: 0.067689) to results\tgnn\checkpoints\best_model_20260129_160358.pth
2026-01-29 16:26:25,417 - INFO - Saved best model (Loss: 0.066733) to results\tgnn\checkpoints\best_model_20260129_160358.pth
2026-01-29 16:26:30,710 - INFO - Saved best model (Loss: 0.066306) to results\tgnn\checkpoints\best_model_20260129_160358.pth
2026-01-29 16:26:41,219 - INFO - Epoch 220/800 | Loss: 0.066700
2026-01-29 16:26:51,622 - INFO - Saved best model (Loss: 0.065937) to results\tgnn\checkpoints\best_model_20260129_160358.pth
2026-01-29 16:26:56,902 - INFO - Saved best model (Loss: 0.065417) to results\tgnn\checkpoints\best_model_20260129_160358.pth
2026-01-29 16:27:12,374 - INFO - Saved best model (Loss: 0.064635) to results\tgnn\checkpoints\best_model_20260129_160358.pth
2026-01-29 16:27:27,904 - INFO - Saved best model (Loss: 0.064400) to results\tgnn\checkpoints\best_model_20260129_160358.pth
2026-01-29 16:27:33,131 - INFO - Epoch 230/800 | Loss: 0.065302
2026-01-29 16:27:53,680 - INFO - Saved best model (Loss: 0.064242) to results\tgnn\checkpoints\best_model_20260129_160358.pth
2026-01-29 16:27:58,959 - INFO - Saved best model (Loss: 0.063672) to results\tgnn\checkpoints\best_model_20260129_160358.pth
2026-01-29 16:28:09,325 - INFO - Saved best model (Loss: 0.063572) to results\tgnn\checkpoints\best_model_20260129_160358.pth
2026-01-29 16:28:14,579 - INFO - Saved best model (Loss: 0.063174) to results\tgnn\checkpoints\best_model_20260129_160358.pth
2026-01-29 16:28:24,942 - INFO - Epoch 240/800 | Loss: 0.063445
2026-01-29 16:28:50,584 - INFO - Saved best model (Loss: 0.062078) to results\tgnn\checkpoints\best_model_20260129_160358.pth
2026-01-29 16:29:16,471 - INFO - Epoch 250/800 | Loss: 0.061756
2026-01-29 16:29:16,478 - INFO - Saved best model (Loss: 0.061756) to results\tgnn\checkpoints\best_model_20260129_160358.pth
2026-01-29 16:29:32,047 - INFO - Saved best model (Loss: 0.061687) to results\tgnn\checkpoints\best_model_20260129_160358.pth
2026-01-29 16:29:42,595 - INFO - Saved best model (Loss: 0.061197) to results\tgnn\checkpoints\best_model_20260129_160358.pth
2026-01-29 16:30:03,283 - INFO - Saved best model (Loss: 0.060938) to results\tgnn\checkpoints\best_model_20260129_160358.pth
2026-01-29 16:30:08,460 - INFO - Epoch 260/800 | Loss: 0.060692
2026-01-29 16:30:08,467 - INFO - Saved best model (Loss: 0.060692) to results\tgnn\checkpoints\best_model_20260129_160358.pth
2026-01-29 16:30:13,693 - INFO - Saved best model (Loss: 0.060677) to results\tgnn\checkpoints\best_model_20260129_160358.pth
2026-01-29 16:30:19,073 - INFO - Saved best model (Loss: 0.060589) to results\tgnn\checkpoints\best_model_20260129_160358.pth
2026-01-29 16:30:34,553 - INFO - Saved best model (Loss: 0.059271) to results\tgnn\checkpoints\best_model_20260129_160358.pth
2026-01-29 16:31:00,375 - INFO - Epoch 270/800 | Loss: 0.059550
2026-01-29 16:31:15,787 - INFO - Saved best model (Loss: 0.058462) to results\tgnn\checkpoints\best_model_20260129_160358.pth
2026-01-29 16:31:51,980 - INFO - Epoch 280/800 | Loss: 0.058228
2026-01-29 16:31:51,987 - INFO - Saved best model (Loss: 0.058228) to results\tgnn\checkpoints\best_model_20260129_160358.pth
2026-01-29 16:32:07,590 - INFO - Saved best model (Loss: 0.058104) to results\tgnn\checkpoints\best_model_20260129_160358.pth
2026-01-29 16:32:33,311 - INFO - Saved best model (Loss: 0.057328) to results\tgnn\checkpoints\best_model_20260129_160358.pth
2026-01-29 16:32:43,712 - INFO - Epoch 290/800 | Loss: 0.057350
2026-01-29 16:32:48,842 - INFO - Saved best model (Loss: 0.056518) to results\tgnn\checkpoints\best_model_20260129_160358.pth
2026-01-29 16:33:09,488 - INFO - Saved best model (Loss: 0.056307) to results\tgnn\checkpoints\best_model_20260129_160358.pth
2026-01-29 16:33:19,906 - INFO - Saved best model (Loss: 0.056204) to results\tgnn\checkpoints\best_model_20260129_160358.pth
2026-01-29 16:33:35,449 - INFO - Epoch 300/800 | Loss: 0.056666
2026-01-29 16:33:40,568 - INFO - Saved best model (Loss: 0.056021) to results\tgnn\checkpoints\best_model_20260129_160358.pth
2026-01-29 16:33:56,193 - INFO - Saved best model (Loss: 0.055845) to results\tgnn\checkpoints\best_model_20260129_160358.pth
2026-01-29 16:34:06,586 - INFO - Saved best model (Loss: 0.055434) to results\tgnn\checkpoints\best_model_20260129_160358.pth
2026-01-29 16:34:16,935 - INFO - Saved best model (Loss: 0.054936) to results\tgnn\checkpoints\best_model_20260129_160358.pth
2026-01-29 16:34:27,220 - INFO - Epoch 310/800 | Loss: 0.054964
2026-01-29 16:34:42,725 - INFO - Saved best model (Loss: 0.054880) to results\tgnn\checkpoints\best_model_20260129_160358.pth
2026-01-29 16:35:13,777 - INFO - Saved best model (Loss: 0.054136) to results\tgnn\checkpoints\best_model_20260129_160358.pth
2026-01-29 16:35:18,997 - INFO - Epoch 320/800 | Loss: 0.054395
2026-01-29 16:35:29,271 - INFO - Saved best model (Loss: 0.053860) to results\tgnn\checkpoints\best_model_20260129_160358.pth
2026-01-29 16:35:39,711 - INFO - Saved best model (Loss: 0.053150) to results\tgnn\checkpoints\best_model_20260129_160358.pth
2026-01-29 16:36:05,643 - INFO - Saved best model (Loss: 0.052731) to results\tgnn\checkpoints\best_model_20260129_160358.pth
2026-01-29 16:36:10,900 - INFO - Epoch 330/800 | Loss: 0.053346
2026-01-29 16:36:26,356 - INFO - Saved best model (Loss: 0.052548) to results\tgnn\checkpoints\best_model_20260129_160358.pth
2026-01-29 16:37:02,604 - INFO - Epoch 340/800 | Loss: 0.053067
2026-01-29 16:37:07,826 - INFO - Saved best model (Loss: 0.052167) to results\tgnn\checkpoints\best_model_20260129_160358.pth
2026-01-29 16:37:13,163 - INFO - Saved best model (Loss: 0.051854) to results\tgnn\checkpoints\best_model_20260129_160358.pth
2026-01-29 16:37:54,409 - INFO - Epoch 350/800 | Loss: 0.052370
2026-01-29 16:38:15,053 - INFO - Saved best model (Loss: 0.051653) to results\tgnn\checkpoints\best_model_20260129_160358.pth
2026-01-29 16:38:20,320 - INFO - Saved best model (Loss: 0.051635) to results\tgnn\checkpoints\best_model_20260129_160358.pth
2026-01-29 16:38:25,552 - INFO - Saved best model (Loss: 0.051238) to results\tgnn\checkpoints\best_model_20260129_160358.pth
2026-01-29 16:38:46,063 - INFO - Epoch 360/800 | Loss: 0.051913
2026-01-29 16:39:01,496 - INFO - Saved best model (Loss: 0.050831) to results\tgnn\checkpoints\best_model_20260129_160358.pth
2026-01-29 16:39:17,015 - INFO - Saved best model (Loss: 0.050101) to results\tgnn\checkpoints\best_model_20260129_160358.pth
2026-01-29 16:39:32,546 - INFO - Saved best model (Loss: 0.049994) to results\tgnn\checkpoints\best_model_20260129_160358.pth
2026-01-29 16:39:37,823 - INFO - Epoch 370/800 | Loss: 0.050660
2026-01-29 16:40:08,720 - INFO - Saved best model (Loss: 0.049450) to results\tgnn\checkpoints\best_model_20260129_160358.pth
2026-01-29 16:40:29,560 - INFO - Epoch 380/800 | Loss: 0.050206
2026-01-29 16:41:00,325 - INFO - Saved best model (Loss: 0.049331) to results\tgnn\checkpoints\best_model_20260129_160358.pth
2026-01-29 16:41:05,585 - INFO - Saved best model (Loss: 0.048829) to results\tgnn\checkpoints\best_model_20260129_160358.pth
2026-01-29 16:41:21,103 - INFO - Epoch 390/800 | Loss: 0.049359
2026-01-29 16:41:57,679 - INFO - Saved best model (Loss: 0.048573) to results\tgnn\checkpoints\best_model_20260129_160358.pth
2026-01-29 16:42:13,876 - INFO - Epoch 400/800 | Loss: 0.048774
2026-01-29 16:42:24,222 - INFO - Saved best model (Loss: 0.048135) to results\tgnn\checkpoints\best_model_20260129_160358.pth
2026-01-29 16:42:44,923 - INFO - Saved best model (Loss: 0.047788) to results\tgnn\checkpoints\best_model_20260129_160358.pth
2026-01-29 16:43:05,693 - INFO - Epoch 410/800 | Loss: 0.049152
2026-01-29 16:43:26,433 - INFO - Saved best model (Loss: 0.047788) to results\tgnn\checkpoints\best_model_20260129_160358.pth
2026-01-29 16:43:37,149 - INFO - Saved best model (Loss: 0.047224) to results\tgnn\checkpoints\best_model_20260129_160358.pth
2026-01-29 16:43:42,829 - INFO - Saved best model (Loss: 0.047216) to results\tgnn\checkpoints\best_model_20260129_160358.pth
2026-01-29 16:43:58,785 - INFO - Epoch 420/800 | Loss: 0.047926
2026-01-29 16:44:09,094 - INFO - Saved best model (Loss: 0.046905) to results\tgnn\checkpoints\best_model_20260129_160358.pth
2026-01-29 16:44:40,069 - INFO - Saved best model (Loss: 0.046549) to results\tgnn\checkpoints\best_model_20260129_160358.pth
2026-01-29 16:44:45,315 - INFO - Saved best model (Loss: 0.046019) to results\tgnn\checkpoints\best_model_20260129_160358.pth
2026-01-29 16:44:50,550 - INFO - Epoch 430/800 | Loss: 0.047223
2026-01-29 16:45:26,548 - INFO - Saved best model (Loss: 0.045916) to results\tgnn\checkpoints\best_model_20260129_160358.pth
2026-01-29 16:45:42,020 - INFO - Epoch 440/800 | Loss: 0.046779
2026-01-29 16:46:17,930 - INFO - Saved best model (Loss: 0.045721) to results\tgnn\checkpoints\best_model_20260129_160358.pth
2026-01-29 16:46:33,393 - INFO - Epoch 450/800 | Loss: 0.046162
2026-01-29 16:46:43,668 - INFO - Saved best model (Loss: 0.045433) to results\tgnn\checkpoints\best_model_20260129_160358.pth
2026-01-29 16:47:24,796 - INFO - Epoch 460/800 | Loss: 0.045312
2026-01-29 16:47:24,804 - INFO - Saved best model (Loss: 0.045312) to results\tgnn\checkpoints\best_model_20260129_160358.pth
2026-01-29 16:47:50,605 - INFO - Saved best model (Loss: 0.045217) to results\tgnn\checkpoints\best_model_20260129_160358.pth
2026-01-29 16:47:55,860 - INFO - Saved best model (Loss: 0.044572) to results\tgnn\checkpoints\best_model_20260129_160358.pth
2026-01-29 16:48:16,502 - INFO - Epoch 470/800 | Loss: 0.045092
2026-01-29 16:48:26,695 - INFO - Saved best model (Loss: 0.044455) to results\tgnn\checkpoints\best_model_20260129_160358.pth
2026-01-29 16:49:07,864 - INFO - Epoch 480/800 | Loss: 0.045271
2026-01-29 16:49:18,207 - INFO - Saved best model (Loss: 0.044274) to results\tgnn\checkpoints\best_model_20260129_160358.pth
2026-01-29 16:49:28,558 - INFO - Saved best model (Loss: 0.044249) to results\tgnn\checkpoints\best_model_20260129_160358.pth
2026-01-29 16:49:33,734 - INFO - Saved best model (Loss: 0.044163) to results\tgnn\checkpoints\best_model_20260129_160358.pth
2026-01-29 16:49:49,233 - INFO - Saved best model (Loss: 0.044093) to results\tgnn\checkpoints\best_model_20260129_160358.pth
2026-01-29 16:49:59,598 - INFO - Epoch 490/800 | Loss: 0.044670
2026-01-29 16:50:09,871 - INFO - Saved best model (Loss: 0.043648) to results\tgnn\checkpoints\best_model_20260129_160358.pth
2026-01-29 16:50:30,652 - INFO - Saved best model (Loss: 0.043357) to results\tgnn\checkpoints\best_model_20260129_160358.pth
2026-01-29 16:50:46,138 - INFO - Saved best model (Loss: 0.042954) to results\tgnn\checkpoints\best_model_20260129_160358.pth
2026-01-29 16:50:51,367 - INFO - Epoch 500/800 | Loss: 0.043242
2026-01-29 16:51:42,676 - INFO - Epoch 510/800 | Loss: 0.044011
2026-01-29 16:51:52,902 - INFO - Saved best model (Loss: 0.042577) to results\tgnn\checkpoints\best_model_20260129_160358.pth
2026-01-29 16:52:34,312 - INFO - Epoch 520/800 | Loss: 0.042482
2026-01-29 16:52:34,319 - INFO - Saved best model (Loss: 0.042482) to results\tgnn\checkpoints\best_model_20260129_160358.pth
2026-01-29 16:52:54,928 - INFO - Saved best model (Loss: 0.042468) to results\tgnn\checkpoints\best_model_20260129_160358.pth
2026-01-29 16:53:00,147 - INFO - Saved best model (Loss: 0.042433) to results\tgnn\checkpoints\best_model_20260129_160358.pth
2026-01-29 16:53:15,680 - INFO - Saved best model (Loss: 0.042318) to results\tgnn\checkpoints\best_model_20260129_160358.pth
2026-01-29 16:53:26,100 - INFO - Epoch 530/800 | Loss: 0.041286
2026-01-29 16:53:26,108 - INFO - Saved best model (Loss: 0.041286) to results\tgnn\checkpoints\best_model_20260129_160358.pth
2026-01-29 16:54:17,485 - INFO - Epoch 540/800 | Loss: 0.041627
2026-01-29 16:55:09,059 - INFO - Epoch 550/800 | Loss: 0.041868
2026-01-29 16:55:50,106 - INFO - Saved best model (Loss: 0.041276) to results\tgnn\checkpoints\best_model_20260129_160358.pth
2026-01-29 16:55:55,398 - INFO - Saved best model (Loss: 0.041079) to results\tgnn\checkpoints\best_model_20260129_160358.pth
2026-01-29 16:56:00,644 - INFO - Epoch 560/800 | Loss: 0.041688
2026-01-29 16:56:10,931 - INFO - Saved best model (Loss: 0.040805) to results\tgnn\checkpoints\best_model_20260129_160358.pth
2026-01-29 16:56:47,018 - INFO - Saved best model (Loss: 0.040121) to results\tgnn\checkpoints\best_model_20260129_160358.pth
2026-01-29 16:56:52,226 - INFO - Epoch 570/800 | Loss: 0.041877
2026-01-29 16:57:43,524 - INFO - Epoch 580/800 | Loss: 0.040933
2026-01-29 16:58:35,125 - INFO - Epoch 590/800 | Loss: 0.040558
2026-01-29 16:59:26,537 - INFO - Epoch 600/800 | Loss: 0.039939
2026-01-29 16:59:26,545 - INFO - Saved best model (Loss: 0.039939) to results\tgnn\checkpoints\best_model_20260129_160358.pth
2026-01-29 16:59:31,823 - INFO - Saved best model (Loss: 0.039711) to results\tgnn\checkpoints\best_model_20260129_160358.pth
2026-01-29 17:00:18,167 - INFO - Epoch 610/800 | Loss: 0.040047
2026-01-29 17:00:23,293 - INFO - Saved best model (Loss: 0.039682) to results\tgnn\checkpoints\best_model_20260129_160358.pth
2026-01-29 17:01:09,478 - INFO - Epoch 620/800 | Loss: 0.039617
2026-01-29 17:01:09,488 - INFO - Saved best model (Loss: 0.039617) to results\tgnn\checkpoints\best_model_20260129_160358.pth
2026-01-29 17:01:14,753 - INFO - Saved best model (Loss: 0.039600) to results\tgnn\checkpoints\best_model_20260129_160358.pth
2026-01-29 17:01:19,950 - INFO - Saved best model (Loss: 0.039456) to results\tgnn\checkpoints\best_model_20260129_160358.pth
2026-01-29 17:01:45,761 - INFO - Saved best model (Loss: 0.039032) to results\tgnn\checkpoints\best_model_20260129_160358.pth
2026-01-29 17:02:01,299 - INFO - Epoch 630/800 | Loss: 0.039312
2026-01-29 17:02:47,646 - INFO - Saved best model (Loss: 0.038769) to results\tgnn\checkpoints\best_model_20260129_160358.pth
2026-01-29 17:02:52,863 - INFO - Epoch 640/800 | Loss: 0.039681
2026-01-29 17:02:58,107 - INFO - Saved best model (Loss: 0.038565) to results\tgnn\checkpoints\best_model_20260129_160358.pth
2026-01-29 17:03:45,470 - INFO - Epoch 650/800 | Loss: 0.038057
2026-01-29 17:03:45,480 - INFO - Saved best model (Loss: 0.038057) to results\tgnn\checkpoints\best_model_20260129_160358.pth
2026-01-29 17:04:37,477 - INFO - Epoch 660/800 | Loss: 0.038524
2026-01-29 17:05:08,483 - INFO - Saved best model (Loss: 0.038028) to results\tgnn\checkpoints\best_model_20260129_160358.pth
2026-01-29 17:05:29,102 - INFO - Epoch 670/800 | Loss: 0.038382
2026-01-29 17:06:10,111 - INFO - Saved best model (Loss: 0.037966) to results\tgnn\checkpoints\best_model_20260129_160358.pth
2026-01-29 17:06:15,378 - INFO - Saved best model (Loss: 0.037928) to results\tgnn\checkpoints\best_model_20260129_160358.pth
2026-01-29 17:06:20,551 - INFO - Epoch 680/800 | Loss: 0.038254
2026-01-29 17:06:35,916 - INFO - Saved best model (Loss: 0.037886) to results\tgnn\checkpoints\best_model_20260129_160358.pth
2026-01-29 17:06:51,373 - INFO - Saved best model (Loss: 0.037316) to results\tgnn\checkpoints\best_model_20260129_160358.pth
2026-01-29 17:07:06,801 - INFO - Saved best model (Loss: 0.037182) to results\tgnn\checkpoints\best_model_20260129_160358.pth
2026-01-29 17:07:12,033 - INFO - Epoch 690/800 | Loss: 0.037875
2026-01-29 17:08:03,439 - INFO - Epoch 700/800 | Loss: 0.037558
2026-01-29 17:08:49,663 - INFO - Saved best model (Loss: 0.037142) to results\tgnn\checkpoints\best_model_20260129_160358.pth
2026-01-29 17:08:54,956 - INFO - Epoch 710/800 | Loss: 0.037922
2026-01-29 17:09:25,948 - INFO - Saved best model (Loss: 0.036748) to results\tgnn\checkpoints\best_model_20260129_160358.pth
2026-01-29 17:09:46,680 - INFO - Epoch 720/800 | Loss: 0.037608
2026-01-29 17:10:38,240 - INFO - Epoch 730/800 | Loss: 0.038326
2026-01-29 17:11:14,347 - INFO - Saved best model (Loss: 0.036514) to results\tgnn\checkpoints\best_model_20260129_160358.pth
2026-01-29 17:11:19,606 - INFO - Saved best model (Loss: 0.036459) to results\tgnn\checkpoints\best_model_20260129_160358.pth
2026-01-29 17:11:29,886 - INFO - Epoch 740/800 | Loss: 0.036888
2026-01-29 17:11:45,305 - INFO - Saved best model (Loss: 0.035980) to results\tgnn\checkpoints\best_model_20260129_160358.pth
2026-01-29 17:12:21,288 - INFO - Epoch 750/800 | Loss: 0.037238
2026-01-29 17:13:12,472 - INFO - Epoch 760/800 | Loss: 0.037239
2026-01-29 17:13:33,127 - INFO - Saved best model (Loss: 0.035884) to results\tgnn\checkpoints\best_model_20260129_160358.pth
2026-01-29 17:14:04,099 - INFO - Epoch 770/800 | Loss: 0.036589
2026-01-29 17:14:55,665 - INFO - Epoch 780/800 | Loss: 0.036719
2026-01-29 17:15:11,100 - INFO - Saved best model (Loss: 0.035808) to results\tgnn\checkpoints\best_model_20260129_160358.pth
2026-01-29 17:15:16,366 - INFO - Saved best model (Loss: 0.035790) to results\tgnn\checkpoints\best_model_20260129_160358.pth
2026-01-29 17:15:37,001 - INFO - Saved best model (Loss: 0.035482) to results\tgnn\checkpoints\best_model_20260129_160358.pth
2026-01-29 17:15:47,334 - INFO - Epoch 790/800 | Loss: 0.037030
2026-01-29 17:16:13,190 - INFO - Saved best model (Loss: 0.035250) to results\tgnn\checkpoints\best_model_20260129_160358.pth
2026-01-29 17:16:33,822 - INFO - Saved best model (Loss: 0.035101) to results\tgnn\checkpoints\best_model_20260129_160358.pth
2026-01-29 17:16:33,830 - INFO - Saved final model to results\tgnn\checkpoints\final_model_20260129_160358.pth
2026-01-29 17:16:33,830 - INFO - Training Complete. Best Loss: 0.035101
