2026-01-30 17:02:12,702 - INFO - Starting training for 800 epochs on cuda
2026-01-30 17:02:14,211 - INFO - Epoch 0/800 | Loss: 0.078608
2026-01-30 17:02:14,224 - INFO - Saved best model (Loss: 0.078608) to results\ddpg\checkpoints\best_model_20260130_170212.pth
2026-01-30 17:02:15,528 - INFO - Saved best model (Loss: 0.074928) to results\ddpg\checkpoints\best_model_20260130_170212.pth
2026-01-30 17:02:16,785 - INFO - Saved best model (Loss: 0.071758) to results\ddpg\checkpoints\best_model_20260130_170212.pth
2026-01-30 17:02:18,018 - INFO - Saved best model (Loss: 0.067564) to results\ddpg\checkpoints\best_model_20260130_170212.pth
2026-01-30 17:02:19,238 - INFO - Saved best model (Loss: 0.065080) to results\ddpg\checkpoints\best_model_20260130_170212.pth
2026-01-30 17:02:20,498 - INFO - Saved best model (Loss: 0.057683) to results\ddpg\checkpoints\best_model_20260130_170212.pth
2026-01-30 17:02:21,724 - INFO - Saved best model (Loss: 0.054118) to results\ddpg\checkpoints\best_model_20260130_170212.pth
2026-01-30 17:02:22,960 - INFO - Saved best model (Loss: 0.048578) to results\ddpg\checkpoints\best_model_20260130_170212.pth
2026-01-30 17:02:24,192 - INFO - Saved best model (Loss: 0.040629) to results\ddpg\checkpoints\best_model_20260130_170212.pth
2026-01-30 17:02:25,453 - INFO - Saved best model (Loss: 0.035798) to results\ddpg\checkpoints\best_model_20260130_170212.pth
2026-01-30 17:02:26,747 - INFO - Epoch 10/800 | Loss: 0.033737
2026-01-30 17:02:26,757 - INFO - Saved best model (Loss: 0.033737) to results\ddpg\checkpoints\best_model_20260130_170212.pth
2026-01-30 17:02:28,062 - INFO - Saved best model (Loss: 0.021750) to results\ddpg\checkpoints\best_model_20260130_170212.pth
2026-01-30 17:02:29,381 - INFO - Saved best model (Loss: 0.015575) to results\ddpg\checkpoints\best_model_20260130_170212.pth
2026-01-30 17:02:30,636 - INFO - Saved best model (Loss: 0.004155) to results\ddpg\checkpoints\best_model_20260130_170212.pth
2026-01-30 17:02:31,904 - INFO - Saved best model (Loss: -0.003052) to results\ddpg\checkpoints\best_model_20260130_170212.pth
2026-01-30 17:02:33,135 - INFO - Saved best model (Loss: -0.006093) to results\ddpg\checkpoints\best_model_20260130_170212.pth
2026-01-30 17:02:34,354 - INFO - Saved best model (Loss: -0.015785) to results\ddpg\checkpoints\best_model_20260130_170212.pth
2026-01-30 17:02:35,617 - INFO - Saved best model (Loss: -0.027679) to results\ddpg\checkpoints\best_model_20260130_170212.pth
2026-01-30 17:02:36,830 - INFO - Saved best model (Loss: -0.035989) to results\ddpg\checkpoints\best_model_20260130_170212.pth
2026-01-30 17:02:38,049 - INFO - Saved best model (Loss: -0.042387) to results\ddpg\checkpoints\best_model_20260130_170212.pth
2026-01-30 17:02:39,275 - INFO - Epoch 20/800 | Loss: -0.043664
2026-01-30 17:02:39,285 - INFO - Saved best model (Loss: -0.043664) to results\ddpg\checkpoints\best_model_20260130_170212.pth
2026-01-30 17:02:40,526 - INFO - Saved best model (Loss: -0.060059) to results\ddpg\checkpoints\best_model_20260130_170212.pth
2026-01-30 17:02:41,757 - INFO - Saved best model (Loss: -0.070953) to results\ddpg\checkpoints\best_model_20260130_170212.pth
2026-01-30 17:02:42,960 - INFO - Saved best model (Loss: -0.071631) to results\ddpg\checkpoints\best_model_20260130_170212.pth
2026-01-30 17:02:44,175 - INFO - Saved best model (Loss: -0.084810) to results\ddpg\checkpoints\best_model_20260130_170212.pth
2026-01-30 17:02:45,415 - INFO - Saved best model (Loss: -0.098311) to results\ddpg\checkpoints\best_model_20260130_170212.pth
2026-01-30 17:02:46,653 - INFO - Saved best model (Loss: -0.103836) to results\ddpg\checkpoints\best_model_20260130_170212.pth
2026-01-30 17:02:47,879 - INFO - Saved best model (Loss: -0.117583) to results\ddpg\checkpoints\best_model_20260130_170212.pth
2026-01-30 17:02:50,299 - INFO - Saved best model (Loss: -0.128975) to results\ddpg\checkpoints\best_model_20260130_170212.pth
2026-01-30 17:02:51,551 - INFO - Epoch 30/800 | Loss: -0.144517
2026-01-30 17:02:51,562 - INFO - Saved best model (Loss: -0.144517) to results\ddpg\checkpoints\best_model_20260130_170212.pth
2026-01-30 17:02:52,777 - INFO - Saved best model (Loss: -0.162174) to results\ddpg\checkpoints\best_model_20260130_170212.pth
2026-01-30 17:02:55,234 - INFO - Saved best model (Loss: -0.176465) to results\ddpg\checkpoints\best_model_20260130_170212.pth
2026-01-30 17:02:56,518 - INFO - Saved best model (Loss: -0.186172) to results\ddpg\checkpoints\best_model_20260130_170212.pth
2026-01-30 17:02:57,763 - INFO - Saved best model (Loss: -0.198795) to results\ddpg\checkpoints\best_model_20260130_170212.pth
2026-01-30 17:02:58,992 - INFO - Saved best model (Loss: -0.212207) to results\ddpg\checkpoints\best_model_20260130_170212.pth
2026-01-30 17:03:01,478 - INFO - Saved best model (Loss: -0.223071) to results\ddpg\checkpoints\best_model_20260130_170212.pth
2026-01-30 17:03:02,703 - INFO - Saved best model (Loss: -0.247534) to results\ddpg\checkpoints\best_model_20260130_170212.pth
2026-01-30 17:03:03,942 - INFO - Epoch 40/800 | Loss: -0.255752
2026-01-30 17:03:03,952 - INFO - Saved best model (Loss: -0.255752) to results\ddpg\checkpoints\best_model_20260130_170212.pth
2026-01-30 17:03:06,388 - INFO - Saved best model (Loss: -0.268002) to results\ddpg\checkpoints\best_model_20260130_170212.pth
2026-01-30 17:03:07,615 - INFO - Saved best model (Loss: -0.290810) to results\ddpg\checkpoints\best_model_20260130_170212.pth
2026-01-30 17:03:10,054 - INFO - Saved best model (Loss: -0.299423) to results\ddpg\checkpoints\best_model_20260130_170212.pth
2026-01-30 17:03:11,275 - INFO - Saved best model (Loss: -0.326023) to results\ddpg\checkpoints\best_model_20260130_170212.pth
2026-01-30 17:03:12,529 - INFO - Saved best model (Loss: -0.352792) to results\ddpg\checkpoints\best_model_20260130_170212.pth
2026-01-30 17:03:13,798 - INFO - Saved best model (Loss: -0.354356) to results\ddpg\checkpoints\best_model_20260130_170212.pth
2026-01-30 17:03:15,020 - INFO - Saved best model (Loss: -0.370070) to results\ddpg\checkpoints\best_model_20260130_170212.pth
2026-01-30 17:03:16,239 - INFO - Epoch 50/800 | Loss: -0.404648
2026-01-30 17:03:16,248 - INFO - Saved best model (Loss: -0.404648) to results\ddpg\checkpoints\best_model_20260130_170212.pth
2026-01-30 17:03:18,703 - INFO - Saved best model (Loss: -0.408930) to results\ddpg\checkpoints\best_model_20260130_170212.pth
2026-01-30 17:03:19,925 - INFO - Saved best model (Loss: -0.424267) to results\ddpg\checkpoints\best_model_20260130_170212.pth
2026-01-30 17:03:21,137 - INFO - Saved best model (Loss: -0.426264) to results\ddpg\checkpoints\best_model_20260130_170212.pth
2026-01-30 17:03:22,400 - INFO - Saved best model (Loss: -0.454800) to results\ddpg\checkpoints\best_model_20260130_170212.pth
2026-01-30 17:03:23,622 - INFO - Saved best model (Loss: -0.462509) to results\ddpg\checkpoints\best_model_20260130_170212.pth
2026-01-30 17:03:24,866 - INFO - Saved best model (Loss: -0.491332) to results\ddpg\checkpoints\best_model_20260130_170212.pth
2026-01-30 17:03:26,086 - INFO - Saved best model (Loss: -0.504633) to results\ddpg\checkpoints\best_model_20260130_170212.pth
2026-01-30 17:03:27,340 - INFO - Saved best model (Loss: -0.541167) to results\ddpg\checkpoints\best_model_20260130_170212.pth
2026-01-30 17:03:28,577 - INFO - Epoch 60/800 | Loss: -0.558531
2026-01-30 17:03:28,587 - INFO - Saved best model (Loss: -0.558531) to results\ddpg\checkpoints\best_model_20260130_170212.pth
2026-01-30 17:03:31,049 - INFO - Saved best model (Loss: -0.571107) to results\ddpg\checkpoints\best_model_20260130_170212.pth
2026-01-30 17:03:32,269 - INFO - Saved best model (Loss: -0.603646) to results\ddpg\checkpoints\best_model_20260130_170212.pth
2026-01-30 17:03:33,514 - INFO - Saved best model (Loss: -0.618605) to results\ddpg\checkpoints\best_model_20260130_170212.pth
2026-01-30 17:03:34,746 - INFO - Saved best model (Loss: -0.640413) to results\ddpg\checkpoints\best_model_20260130_170212.pth
2026-01-30 17:03:35,966 - INFO - Saved best model (Loss: -0.664360) to results\ddpg\checkpoints\best_model_20260130_170212.pth
2026-01-30 17:03:37,180 - INFO - Saved best model (Loss: -0.666953) to results\ddpg\checkpoints\best_model_20260130_170212.pth
2026-01-30 17:03:38,427 - INFO - Saved best model (Loss: -0.686852) to results\ddpg\checkpoints\best_model_20260130_170212.pth
2026-01-30 17:03:39,637 - INFO - Saved best model (Loss: -0.704389) to results\ddpg\checkpoints\best_model_20260130_170212.pth
2026-01-30 17:03:40,856 - INFO - Epoch 70/800 | Loss: -0.735535
2026-01-30 17:03:40,866 - INFO - Saved best model (Loss: -0.735535) to results\ddpg\checkpoints\best_model_20260130_170212.pth
2026-01-30 17:03:42,085 - INFO - Saved best model (Loss: -0.752813) to results\ddpg\checkpoints\best_model_20260130_170212.pth
2026-01-30 17:03:43,327 - INFO - Saved best model (Loss: -0.768643) to results\ddpg\checkpoints\best_model_20260130_170212.pth
2026-01-30 17:03:44,576 - INFO - Saved best model (Loss: -0.807267) to results\ddpg\checkpoints\best_model_20260130_170212.pth
2026-01-30 17:03:45,806 - INFO - Saved best model (Loss: -0.808024) to results\ddpg\checkpoints\best_model_20260130_170212.pth
2026-01-30 17:03:47,034 - INFO - Saved best model (Loss: -0.851561) to results\ddpg\checkpoints\best_model_20260130_170212.pth
2026-01-30 17:03:48,273 - INFO - Saved best model (Loss: -0.872730) to results\ddpg\checkpoints\best_model_20260130_170212.pth
2026-01-30 17:03:49,485 - INFO - Saved best model (Loss: -0.885973) to results\ddpg\checkpoints\best_model_20260130_170212.pth
2026-01-30 17:03:50,698 - INFO - Saved best model (Loss: -0.922702) to results\ddpg\checkpoints\best_model_20260130_170212.pth
2026-01-30 17:03:53,187 - INFO - Epoch 80/800 | Loss: -0.933186
2026-01-30 17:03:53,197 - INFO - Saved best model (Loss: -0.933186) to results\ddpg\checkpoints\best_model_20260130_170212.pth
2026-01-30 17:03:54,468 - INFO - Saved best model (Loss: -0.965041) to results\ddpg\checkpoints\best_model_20260130_170212.pth
2026-01-30 17:03:55,730 - INFO - Saved best model (Loss: -1.002615) to results\ddpg\checkpoints\best_model_20260130_170212.pth
2026-01-30 17:03:58,236 - INFO - Saved best model (Loss: -1.051491) to results\ddpg\checkpoints\best_model_20260130_170212.pth
2026-01-30 17:04:00,769 - INFO - Saved best model (Loss: -1.086291) to results\ddpg\checkpoints\best_model_20260130_170212.pth
2026-01-30 17:04:02,008 - INFO - Saved best model (Loss: -1.118774) to results\ddpg\checkpoints\best_model_20260130_170212.pth
2026-01-30 17:04:03,243 - INFO - Saved best model (Loss: -1.144108) to results\ddpg\checkpoints\best_model_20260130_170212.pth
2026-01-30 17:04:04,502 - INFO - Saved best model (Loss: -1.166210) to results\ddpg\checkpoints\best_model_20260130_170212.pth
2026-01-30 17:04:05,731 - INFO - Epoch 90/800 | Loss: -1.177971
2026-01-30 17:04:05,741 - INFO - Saved best model (Loss: -1.177971) to results\ddpg\checkpoints\best_model_20260130_170212.pth
2026-01-30 17:04:07,070 - INFO - Saved best model (Loss: -1.218883) to results\ddpg\checkpoints\best_model_20260130_170212.pth
2026-01-30 17:04:08,422 - INFO - Saved best model (Loss: -1.219316) to results\ddpg\checkpoints\best_model_20260130_170212.pth
2026-01-30 17:04:09,771 - INFO - Saved best model (Loss: -1.268770) to results\ddpg\checkpoints\best_model_20260130_170212.pth
2026-01-30 17:04:10,998 - INFO - Saved best model (Loss: -1.273195) to results\ddpg\checkpoints\best_model_20260130_170212.pth
2026-01-30 17:04:12,226 - INFO - Saved best model (Loss: -1.309272) to results\ddpg\checkpoints\best_model_20260130_170212.pth
2026-01-30 17:04:14,688 - INFO - Saved best model (Loss: -1.327422) to results\ddpg\checkpoints\best_model_20260130_170212.pth
2026-01-30 17:04:15,893 - INFO - Saved best model (Loss: -1.360431) to results\ddpg\checkpoints\best_model_20260130_170212.pth
2026-01-30 17:04:17,117 - INFO - Saved best model (Loss: -1.378878) to results\ddpg\checkpoints\best_model_20260130_170212.pth
2026-01-30 17:04:18,317 - INFO - Epoch 100/800 | Loss: -1.412048
2026-01-30 17:04:18,327 - INFO - Saved best model (Loss: -1.412048) to results\ddpg\checkpoints\best_model_20260130_170212.pth
2026-01-30 17:04:19,581 - INFO - Saved best model (Loss: -1.475944) to results\ddpg\checkpoints\best_model_20260130_170212.pth
2026-01-30 17:04:20,791 - INFO - Saved best model (Loss: -1.490532) to results\ddpg\checkpoints\best_model_20260130_170212.pth
2026-01-30 17:04:22,008 - INFO - Saved best model (Loss: -1.505646) to results\ddpg\checkpoints\best_model_20260130_170212.pth
2026-01-30 17:04:23,232 - INFO - Saved best model (Loss: -1.538313) to results\ddpg\checkpoints\best_model_20260130_170212.pth
2026-01-30 17:04:25,711 - INFO - Saved best model (Loss: -1.588955) to results\ddpg\checkpoints\best_model_20260130_170212.pth
2026-01-30 17:04:26,932 - INFO - Saved best model (Loss: -1.606712) to results\ddpg\checkpoints\best_model_20260130_170212.pth
2026-01-30 17:04:28,178 - INFO - Saved best model (Loss: -1.622389) to results\ddpg\checkpoints\best_model_20260130_170212.pth
2026-01-30 17:04:29,471 - INFO - Saved best model (Loss: -1.700482) to results\ddpg\checkpoints\best_model_20260130_170212.pth
2026-01-30 17:04:30,843 - INFO - Epoch 110/800 | Loss: -1.686561
2026-01-30 17:04:32,114 - INFO - Saved best model (Loss: -1.713371) to results\ddpg\checkpoints\best_model_20260130_170212.pth
2026-01-30 17:04:33,426 - INFO - Saved best model (Loss: -1.760543) to results\ddpg\checkpoints\best_model_20260130_170212.pth
2026-01-30 17:04:34,736 - INFO - Saved best model (Loss: -1.795790) to results\ddpg\checkpoints\best_model_20260130_170212.pth
2026-01-30 17:04:36,061 - INFO - Saved best model (Loss: -1.846618) to results\ddpg\checkpoints\best_model_20260130_170212.pth
2026-01-30 17:04:37,391 - INFO - Saved best model (Loss: -1.851891) to results\ddpg\checkpoints\best_model_20260130_170212.pth
2026-01-30 17:04:38,764 - INFO - Saved best model (Loss: -1.867254) to results\ddpg\checkpoints\best_model_20260130_170212.pth
2026-01-30 17:04:40,114 - INFO - Saved best model (Loss: -1.889110) to results\ddpg\checkpoints\best_model_20260130_170212.pth
2026-01-30 17:04:42,745 - INFO - Saved best model (Loss: -1.933644) to results\ddpg\checkpoints\best_model_20260130_170212.pth
2026-01-30 17:04:44,012 - INFO - Epoch 120/800 | Loss: -1.940646
2026-01-30 17:04:44,023 - INFO - Saved best model (Loss: -1.940646) to results\ddpg\checkpoints\best_model_20260130_170212.pth
2026-01-30 17:04:45,290 - INFO - Saved best model (Loss: -2.030575) to results\ddpg\checkpoints\best_model_20260130_170212.pth
2026-01-30 17:04:46,660 - INFO - Saved best model (Loss: -2.050648) to results\ddpg\checkpoints\best_model_20260130_170212.pth
2026-01-30 17:04:49,280 - INFO - Saved best model (Loss: -2.090097) to results\ddpg\checkpoints\best_model_20260130_170212.pth
2026-01-30 17:04:50,517 - INFO - Saved best model (Loss: -2.100546) to results\ddpg\checkpoints\best_model_20260130_170212.pth
2026-01-30 17:04:51,833 - INFO - Saved best model (Loss: -2.147937) to results\ddpg\checkpoints\best_model_20260130_170212.pth
2026-01-30 17:04:53,066 - INFO - Saved best model (Loss: -2.155889) to results\ddpg\checkpoints\best_model_20260130_170212.pth
2026-01-30 17:04:54,283 - INFO - Saved best model (Loss: -2.231746) to results\ddpg\checkpoints\best_model_20260130_170212.pth
2026-01-30 17:04:56,775 - INFO - Epoch 130/800 | Loss: -2.272514
2026-01-30 17:04:56,785 - INFO - Saved best model (Loss: -2.272514) to results\ddpg\checkpoints\best_model_20260130_170212.pth
2026-01-30 17:04:58,010 - INFO - Saved best model (Loss: -2.309700) to results\ddpg\checkpoints\best_model_20260130_170212.pth
2026-01-30 17:05:00,467 - INFO - Saved best model (Loss: -2.370978) to results\ddpg\checkpoints\best_model_20260130_170212.pth
2026-01-30 17:05:01,755 - INFO - Saved best model (Loss: -2.394238) to results\ddpg\checkpoints\best_model_20260130_170212.pth
2026-01-30 17:05:02,988 - INFO - Saved best model (Loss: -2.435249) to results\ddpg\checkpoints\best_model_20260130_170212.pth
2026-01-30 17:05:04,211 - INFO - Saved best model (Loss: -2.460412) to results\ddpg\checkpoints\best_model_20260130_170212.pth
2026-01-30 17:05:05,454 - INFO - Saved best model (Loss: -2.526559) to results\ddpg\checkpoints\best_model_20260130_170212.pth
2026-01-30 17:05:06,715 - INFO - Saved best model (Loss: -2.544460) to results\ddpg\checkpoints\best_model_20260130_170212.pth
2026-01-30 17:05:07,965 - INFO - Saved best model (Loss: -2.550641) to results\ddpg\checkpoints\best_model_20260130_170212.pth
2026-01-30 17:05:09,190 - INFO - Epoch 140/800 | Loss: -2.579363
2026-01-30 17:05:09,199 - INFO - Saved best model (Loss: -2.579363) to results\ddpg\checkpoints\best_model_20260130_170212.pth
2026-01-30 17:05:10,412 - INFO - Saved best model (Loss: -2.611454) to results\ddpg\checkpoints\best_model_20260130_170212.pth
2026-01-30 17:05:11,659 - INFO - Saved best model (Loss: -2.617933) to results\ddpg\checkpoints\best_model_20260130_170212.pth
2026-01-30 17:05:12,886 - INFO - Saved best model (Loss: -2.660092) to results\ddpg\checkpoints\best_model_20260130_170212.pth
2026-01-30 17:05:14,107 - INFO - Saved best model (Loss: -2.691393) to results\ddpg\checkpoints\best_model_20260130_170212.pth
2026-01-30 17:05:15,319 - INFO - Saved best model (Loss: -2.727369) to results\ddpg\checkpoints\best_model_20260130_170212.pth
2026-01-30 17:05:16,547 - INFO - Saved best model (Loss: -2.756894) to results\ddpg\checkpoints\best_model_20260130_170212.pth
2026-01-30 17:05:17,818 - INFO - Saved best model (Loss: -2.774395) to results\ddpg\checkpoints\best_model_20260130_170212.pth
2026-01-30 17:05:19,031 - INFO - Saved best model (Loss: -2.839501) to results\ddpg\checkpoints\best_model_20260130_170212.pth
2026-01-30 17:05:20,259 - INFO - Saved best model (Loss: -2.863652) to results\ddpg\checkpoints\best_model_20260130_170212.pth
2026-01-30 17:05:21,462 - INFO - Epoch 150/800 | Loss: -2.872546
2026-01-30 17:05:21,472 - INFO - Saved best model (Loss: -2.872546) to results\ddpg\checkpoints\best_model_20260130_170212.pth
2026-01-30 17:05:22,722 - INFO - Saved best model (Loss: -2.919191) to results\ddpg\checkpoints\best_model_20260130_170212.pth
2026-01-30 17:05:23,950 - INFO - Saved best model (Loss: -2.924731) to results\ddpg\checkpoints\best_model_20260130_170212.pth
2026-01-30 17:05:25,168 - INFO - Saved best model (Loss: -2.960913) to results\ddpg\checkpoints\best_model_20260130_170212.pth
2026-01-30 17:05:26,397 - INFO - Saved best model (Loss: -3.021718) to results\ddpg\checkpoints\best_model_20260130_170212.pth
2026-01-30 17:05:27,653 - INFO - Saved best model (Loss: -3.063796) to results\ddpg\checkpoints\best_model_20260130_170212.pth
2026-01-30 17:05:30,107 - INFO - Saved best model (Loss: -3.115496) to results\ddpg\checkpoints\best_model_20260130_170212.pth
2026-01-30 17:05:31,346 - INFO - Saved best model (Loss: -3.118273) to results\ddpg\checkpoints\best_model_20260130_170212.pth
2026-01-30 17:05:32,618 - INFO - Saved best model (Loss: -3.139430) to results\ddpg\checkpoints\best_model_20260130_170212.pth
2026-01-30 17:05:33,847 - INFO - Epoch 160/800 | Loss: -3.196615
2026-01-30 17:05:33,856 - INFO - Saved best model (Loss: -3.196615) to results\ddpg\checkpoints\best_model_20260130_170212.pth
2026-01-30 17:05:35,081 - INFO - Saved best model (Loss: -3.249692) to results\ddpg\checkpoints\best_model_20260130_170212.pth
2026-01-30 17:05:37,534 - INFO - Saved best model (Loss: -3.265053) to results\ddpg\checkpoints\best_model_20260130_170212.pth
2026-01-30 17:05:40,005 - INFO - Saved best model (Loss: -3.348520) to results\ddpg\checkpoints\best_model_20260130_170212.pth
2026-01-30 17:05:41,211 - INFO - Saved best model (Loss: -3.361436) to results\ddpg\checkpoints\best_model_20260130_170212.pth
2026-01-30 17:05:42,427 - INFO - Saved best model (Loss: -3.364665) to results\ddpg\checkpoints\best_model_20260130_170212.pth
2026-01-30 17:05:43,726 - INFO - Saved best model (Loss: -3.409213) to results\ddpg\checkpoints\best_model_20260130_170212.pth
2026-01-30 17:05:44,970 - INFO - Saved best model (Loss: -3.441746) to results\ddpg\checkpoints\best_model_20260130_170212.pth
2026-01-30 17:05:46,170 - INFO - Epoch 170/800 | Loss: -3.449548
2026-01-30 17:05:46,180 - INFO - Saved best model (Loss: -3.449548) to results\ddpg\checkpoints\best_model_20260130_170212.pth
2026-01-30 17:05:47,414 - INFO - Saved best model (Loss: -3.504973) to results\ddpg\checkpoints\best_model_20260130_170212.pth
2026-01-30 17:05:48,674 - INFO - Saved best model (Loss: -3.521391) to results\ddpg\checkpoints\best_model_20260130_170212.pth
2026-01-30 17:05:49,893 - INFO - Saved best model (Loss: -3.547966) to results\ddpg\checkpoints\best_model_20260130_170212.pth
2026-01-30 17:05:51,113 - INFO - Saved best model (Loss: -3.602146) to results\ddpg\checkpoints\best_model_20260130_170212.pth
2026-01-30 17:05:52,314 - INFO - Saved best model (Loss: -3.620618) to results\ddpg\checkpoints\best_model_20260130_170212.pth
2026-01-30 17:05:53,653 - INFO - Saved best model (Loss: -3.675401) to results\ddpg\checkpoints\best_model_20260130_170212.pth
2026-01-30 17:05:54,941 - INFO - Saved best model (Loss: -3.680143) to results\ddpg\checkpoints\best_model_20260130_170212.pth
2026-01-30 17:05:56,164 - INFO - Saved best model (Loss: -3.705532) to results\ddpg\checkpoints\best_model_20260130_170212.pth
2026-01-30 17:05:57,390 - INFO - Saved best model (Loss: -3.721986) to results\ddpg\checkpoints\best_model_20260130_170212.pth
2026-01-30 17:05:58,634 - INFO - Epoch 180/800 | Loss: -3.720230
2026-01-30 17:05:59,866 - INFO - Saved best model (Loss: -3.764144) to results\ddpg\checkpoints\best_model_20260130_170212.pth
2026-01-30 17:06:02,294 - INFO - Saved best model (Loss: -3.795992) to results\ddpg\checkpoints\best_model_20260130_170212.pth
2026-01-30 17:06:03,533 - INFO - Saved best model (Loss: -3.863597) to results\ddpg\checkpoints\best_model_20260130_170212.pth
2026-01-30 17:06:04,790 - INFO - Saved best model (Loss: -3.913764) to results\ddpg\checkpoints\best_model_20260130_170212.pth
2026-01-30 17:06:07,247 - INFO - Saved best model (Loss: -3.948079) to results\ddpg\checkpoints\best_model_20260130_170212.pth
2026-01-30 17:06:09,739 - INFO - Saved best model (Loss: -4.028562) to results\ddpg\checkpoints\best_model_20260130_170212.pth
2026-01-30 17:06:10,953 - INFO - Epoch 190/800 | Loss: -4.016492
2026-01-30 17:06:12,176 - INFO - Saved best model (Loss: -4.045216) to results\ddpg\checkpoints\best_model_20260130_170212.pth
2026-01-30 17:06:13,396 - INFO - Saved best model (Loss: -4.140560) to results\ddpg\checkpoints\best_model_20260130_170212.pth
2026-01-30 17:06:14,641 - INFO - Saved best model (Loss: -4.145133) to results\ddpg\checkpoints\best_model_20260130_170212.pth
2026-01-30 17:06:18,346 - INFO - Saved best model (Loss: -4.188338) to results\ddpg\checkpoints\best_model_20260130_170212.pth
2026-01-30 17:06:20,807 - INFO - Saved best model (Loss: -4.215019) to results\ddpg\checkpoints\best_model_20260130_170212.pth
2026-01-30 17:06:22,036 - INFO - Saved best model (Loss: -4.256303) to results\ddpg\checkpoints\best_model_20260130_170212.pth
2026-01-30 17:06:23,245 - INFO - Epoch 200/800 | Loss: -4.282534
2026-01-30 17:06:23,256 - INFO - Saved best model (Loss: -4.282534) to results\ddpg\checkpoints\best_model_20260130_170212.pth
2026-01-30 17:06:24,478 - INFO - Saved best model (Loss: -4.353334) to results\ddpg\checkpoints\best_model_20260130_170212.pth
2026-01-30 17:06:28,138 - INFO - Saved best model (Loss: -4.394717) to results\ddpg\checkpoints\best_model_20260130_170212.pth
2026-01-30 17:06:30,618 - INFO - Saved best model (Loss: -4.440758) to results\ddpg\checkpoints\best_model_20260130_170212.pth
2026-01-30 17:06:31,857 - INFO - Saved best model (Loss: -4.448425) to results\ddpg\checkpoints\best_model_20260130_170212.pth
2026-01-30 17:06:33,086 - INFO - Saved best model (Loss: -4.478956) to results\ddpg\checkpoints\best_model_20260130_170212.pth
2026-01-30 17:06:34,328 - INFO - Saved best model (Loss: -4.524794) to results\ddpg\checkpoints\best_model_20260130_170212.pth
2026-01-30 17:06:35,597 - INFO - Epoch 210/800 | Loss: -4.569962
2026-01-30 17:06:35,607 - INFO - Saved best model (Loss: -4.569962) to results\ddpg\checkpoints\best_model_20260130_170212.pth
2026-01-30 17:06:36,842 - INFO - Saved best model (Loss: -4.584972) to results\ddpg\checkpoints\best_model_20260130_170212.pth
2026-01-30 17:06:38,093 - INFO - Saved best model (Loss: -4.604363) to results\ddpg\checkpoints\best_model_20260130_170212.pth
2026-01-30 17:06:39,354 - INFO - Saved best model (Loss: -4.629916) to results\ddpg\checkpoints\best_model_20260130_170212.pth
2026-01-30 17:06:40,703 - INFO - Saved best model (Loss: -4.707336) to results\ddpg\checkpoints\best_model_20260130_170212.pth
2026-01-30 17:06:45,799 - INFO - Saved best model (Loss: -4.729695) to results\ddpg\checkpoints\best_model_20260130_170212.pth
2026-01-30 17:06:47,039 - INFO - Saved best model (Loss: -4.749102) to results\ddpg\checkpoints\best_model_20260130_170212.pth
2026-01-30 17:06:48,293 - INFO - Epoch 220/800 | Loss: -4.784125
2026-01-30 17:06:48,304 - INFO - Saved best model (Loss: -4.784125) to results\ddpg\checkpoints\best_model_20260130_170212.pth
2026-01-30 17:06:49,541 - INFO - Saved best model (Loss: -4.821663) to results\ddpg\checkpoints\best_model_20260130_170212.pth
2026-01-30 17:06:50,790 - INFO - Saved best model (Loss: -4.822189) to results\ddpg\checkpoints\best_model_20260130_170212.pth
2026-01-30 17:06:52,018 - INFO - Saved best model (Loss: -4.860951) to results\ddpg\checkpoints\best_model_20260130_170212.pth
2026-01-30 17:06:53,244 - INFO - Saved best model (Loss: -4.943355) to results\ddpg\checkpoints\best_model_20260130_170212.pth
2026-01-30 17:06:56,947 - INFO - Saved best model (Loss: -4.990488) to results\ddpg\checkpoints\best_model_20260130_170212.pth
2026-01-30 17:07:00,609 - INFO - Epoch 230/800 | Loss: -5.028199
2026-01-30 17:07:00,619 - INFO - Saved best model (Loss: -5.028199) to results\ddpg\checkpoints\best_model_20260130_170212.pth
2026-01-30 17:07:01,892 - INFO - Saved best model (Loss: -5.098624) to results\ddpg\checkpoints\best_model_20260130_170212.pth
2026-01-30 17:07:03,117 - INFO - Saved best model (Loss: -5.098835) to results\ddpg\checkpoints\best_model_20260130_170212.pth
2026-01-30 17:07:06,848 - INFO - Saved best model (Loss: -5.168258) to results\ddpg\checkpoints\best_model_20260130_170212.pth
2026-01-30 17:07:08,092 - INFO - Saved best model (Loss: -5.197471) to results\ddpg\checkpoints\best_model_20260130_170212.pth
2026-01-30 17:07:10,566 - INFO - Saved best model (Loss: -5.206969) to results\ddpg\checkpoints\best_model_20260130_170212.pth
2026-01-30 17:07:11,846 - INFO - Saved best model (Loss: -5.208192) to results\ddpg\checkpoints\best_model_20260130_170212.pth
2026-01-30 17:07:13,069 - INFO - Epoch 240/800 | Loss: -5.256535
2026-01-30 17:07:13,079 - INFO - Saved best model (Loss: -5.256535) to results\ddpg\checkpoints\best_model_20260130_170212.pth
2026-01-30 17:07:14,302 - INFO - Saved best model (Loss: -5.321144) to results\ddpg\checkpoints\best_model_20260130_170212.pth
2026-01-30 17:07:15,524 - INFO - Saved best model (Loss: -5.339455) to results\ddpg\checkpoints\best_model_20260130_170212.pth
2026-01-30 17:07:17,994 - INFO - Saved best model (Loss: -5.357077) to results\ddpg\checkpoints\best_model_20260130_170212.pth
2026-01-30 17:07:19,221 - INFO - Saved best model (Loss: -5.393236) to results\ddpg\checkpoints\best_model_20260130_170212.pth
2026-01-30 17:07:22,890 - INFO - Saved best model (Loss: -5.450026) to results\ddpg\checkpoints\best_model_20260130_170212.pth
2026-01-30 17:07:24,104 - INFO - Saved best model (Loss: -5.485894) to results\ddpg\checkpoints\best_model_20260130_170212.pth
2026-01-30 17:07:25,310 - INFO - Epoch 250/800 | Loss: -5.512242
2026-01-30 17:07:25,322 - INFO - Saved best model (Loss: -5.512242) to results\ddpg\checkpoints\best_model_20260130_170212.pth
2026-01-30 17:07:28,997 - INFO - Saved best model (Loss: -5.566415) to results\ddpg\checkpoints\best_model_20260130_170212.pth
2026-01-30 17:07:31,551 - INFO - Saved best model (Loss: -5.592502) to results\ddpg\checkpoints\best_model_20260130_170212.pth
2026-01-30 17:07:32,867 - INFO - Saved best model (Loss: -5.627184) to results\ddpg\checkpoints\best_model_20260130_170212.pth
2026-01-30 17:07:34,148 - INFO - Saved best model (Loss: -5.650698) to results\ddpg\checkpoints\best_model_20260130_170212.pth
2026-01-30 17:07:36,712 - INFO - Saved best model (Loss: -5.679071) to results\ddpg\checkpoints\best_model_20260130_170212.pth
2026-01-30 17:07:38,016 - INFO - Epoch 260/800 | Loss: -5.702128
2026-01-30 17:07:38,026 - INFO - Saved best model (Loss: -5.702128) to results\ddpg\checkpoints\best_model_20260130_170212.pth
2026-01-30 17:07:39,299 - INFO - Saved best model (Loss: -5.745496) to results\ddpg\checkpoints\best_model_20260130_170212.pth
2026-01-30 17:07:40,590 - INFO - Saved best model (Loss: -5.758630) to results\ddpg\checkpoints\best_model_20260130_170212.pth
2026-01-30 17:07:41,807 - INFO - Saved best model (Loss: -5.775840) to results\ddpg\checkpoints\best_model_20260130_170212.pth
2026-01-30 17:07:43,080 - INFO - Saved best model (Loss: -5.795326) to results\ddpg\checkpoints\best_model_20260130_170212.pth
2026-01-30 17:07:44,307 - INFO - Saved best model (Loss: -5.848418) to results\ddpg\checkpoints\best_model_20260130_170212.pth
2026-01-30 17:07:46,761 - INFO - Saved best model (Loss: -5.874924) to results\ddpg\checkpoints\best_model_20260130_170212.pth
2026-01-30 17:07:47,993 - INFO - Saved best model (Loss: -5.882133) to results\ddpg\checkpoints\best_model_20260130_170212.pth
2026-01-30 17:07:49,267 - INFO - Saved best model (Loss: -5.917669) to results\ddpg\checkpoints\best_model_20260130_170212.pth
2026-01-30 17:07:50,478 - INFO - Epoch 270/800 | Loss: -5.889721
2026-01-30 17:07:51,685 - INFO - Saved best model (Loss: -5.934042) to results\ddpg\checkpoints\best_model_20260130_170212.pth
2026-01-30 17:07:54,119 - INFO - Saved best model (Loss: -5.986170) to results\ddpg\checkpoints\best_model_20260130_170212.pth
2026-01-30 17:07:56,552 - INFO - Saved best model (Loss: -6.044729) to results\ddpg\checkpoints\best_model_20260130_170212.pth
2026-01-30 17:07:57,757 - INFO - Saved best model (Loss: -6.101771) to results\ddpg\checkpoints\best_model_20260130_170212.pth
2026-01-30 17:08:02,653 - INFO - Epoch 280/800 | Loss: -6.137824
2026-01-30 17:08:02,664 - INFO - Saved best model (Loss: -6.137824) to results\ddpg\checkpoints\best_model_20260130_170212.pth
2026-01-30 17:08:03,914 - INFO - Saved best model (Loss: -6.161320) to results\ddpg\checkpoints\best_model_20260130_170212.pth
2026-01-30 17:08:06,341 - INFO - Saved best model (Loss: -6.217741) to results\ddpg\checkpoints\best_model_20260130_170212.pth
2026-01-30 17:08:08,797 - INFO - Saved best model (Loss: -6.231584) to results\ddpg\checkpoints\best_model_20260130_170212.pth
2026-01-30 17:08:11,274 - INFO - Saved best model (Loss: -6.264868) to results\ddpg\checkpoints\best_model_20260130_170212.pth
2026-01-30 17:08:12,513 - INFO - Saved best model (Loss: -6.353214) to results\ddpg\checkpoints\best_model_20260130_170212.pth
2026-01-30 17:08:15,000 - INFO - Epoch 290/800 | Loss: -6.296359
2026-01-30 17:08:16,214 - INFO - Saved best model (Loss: -6.407217) to results\ddpg\checkpoints\best_model_20260130_170212.pth
2026-01-30 17:08:17,437 - INFO - Saved best model (Loss: -6.410228) to results\ddpg\checkpoints\best_model_20260130_170212.pth
2026-01-30 17:08:18,659 - INFO - Saved best model (Loss: -6.416950) to results\ddpg\checkpoints\best_model_20260130_170212.pth
2026-01-30 17:08:19,932 - INFO - Saved best model (Loss: -6.484037) to results\ddpg\checkpoints\best_model_20260130_170212.pth
2026-01-30 17:08:22,364 - INFO - Saved best model (Loss: -6.488924) to results\ddpg\checkpoints\best_model_20260130_170212.pth
2026-01-30 17:08:23,586 - INFO - Saved best model (Loss: -6.532826) to results\ddpg\checkpoints\best_model_20260130_170212.pth
2026-01-30 17:08:24,827 - INFO - Saved best model (Loss: -6.550602) to results\ddpg\checkpoints\best_model_20260130_170212.pth
2026-01-30 17:08:27,244 - INFO - Epoch 300/800 | Loss: -6.571319
2026-01-30 17:08:27,254 - INFO - Saved best model (Loss: -6.571319) to results\ddpg\checkpoints\best_model_20260130_170212.pth
2026-01-30 17:08:28,461 - INFO - Saved best model (Loss: -6.595907) to results\ddpg\checkpoints\best_model_20260130_170212.pth
2026-01-30 17:08:31,048 - INFO - Saved best model (Loss: -6.708517) to results\ddpg\checkpoints\best_model_20260130_170212.pth
2026-01-30 17:08:38,906 - INFO - Saved best model (Loss: -6.714022) to results\ddpg\checkpoints\best_model_20260130_170212.pth
2026-01-30 17:08:40,186 - INFO - Epoch 310/800 | Loss: -6.779175
2026-01-30 17:08:40,201 - INFO - Saved best model (Loss: -6.779175) to results\ddpg\checkpoints\best_model_20260130_170212.pth
2026-01-30 17:08:44,104 - INFO - Saved best model (Loss: -6.817505) to results\ddpg\checkpoints\best_model_20260130_170212.pth
2026-01-30 17:08:46,686 - INFO - Saved best model (Loss: -6.821825) to results\ddpg\checkpoints\best_model_20260130_170212.pth
2026-01-30 17:08:47,901 - INFO - Saved best model (Loss: -6.840757) to results\ddpg\checkpoints\best_model_20260130_170212.pth
2026-01-30 17:08:49,130 - INFO - Saved best model (Loss: -6.908291) to results\ddpg\checkpoints\best_model_20260130_170212.pth
2026-01-30 17:08:52,791 - INFO - Epoch 320/800 | Loss: -6.939949
2026-01-30 17:08:52,802 - INFO - Saved best model (Loss: -6.939949) to results\ddpg\checkpoints\best_model_20260130_170212.pth
2026-01-30 17:08:56,466 - INFO - Saved best model (Loss: -7.035865) to results\ddpg\checkpoints\best_model_20260130_170212.pth
2026-01-30 17:09:00,123 - INFO - Saved best model (Loss: -7.039509) to results\ddpg\checkpoints\best_model_20260130_170212.pth
2026-01-30 17:09:01,462 - INFO - Saved best model (Loss: -7.058654) to results\ddpg\checkpoints\best_model_20260130_170212.pth
2026-01-30 17:09:02,680 - INFO - Saved best model (Loss: -7.087499) to results\ddpg\checkpoints\best_model_20260130_170212.pth
2026-01-30 17:09:05,115 - INFO - Epoch 330/800 | Loss: -7.087837
2026-01-30 17:09:05,127 - INFO - Saved best model (Loss: -7.087837) to results\ddpg\checkpoints\best_model_20260130_170212.pth
2026-01-30 17:09:06,433 - INFO - Saved best model (Loss: -7.103167) to results\ddpg\checkpoints\best_model_20260130_170212.pth
2026-01-30 17:09:07,672 - INFO - Saved best model (Loss: -7.159133) to results\ddpg\checkpoints\best_model_20260130_170212.pth
2026-01-30 17:09:08,912 - INFO - Saved best model (Loss: -7.165025) to results\ddpg\checkpoints\best_model_20260130_170212.pth
2026-01-30 17:09:11,380 - INFO - Saved best model (Loss: -7.225545) to results\ddpg\checkpoints\best_model_20260130_170212.pth
2026-01-30 17:09:12,633 - INFO - Saved best model (Loss: -7.243825) to results\ddpg\checkpoints\best_model_20260130_170212.pth
2026-01-30 17:09:16,347 - INFO - Saved best model (Loss: -7.250763) to results\ddpg\checkpoints\best_model_20260130_170212.pth
2026-01-30 17:09:17,590 - INFO - Epoch 340/800 | Loss: -7.260315
2026-01-30 17:09:17,600 - INFO - Saved best model (Loss: -7.260315) to results\ddpg\checkpoints\best_model_20260130_170212.pth
2026-01-30 17:09:18,808 - INFO - Saved best model (Loss: -7.262200) to results\ddpg\checkpoints\best_model_20260130_170212.pth
2026-01-30 17:09:20,055 - INFO - Saved best model (Loss: -7.337841) to results\ddpg\checkpoints\best_model_20260130_170212.pth
2026-01-30 17:09:22,509 - INFO - Saved best model (Loss: -7.407364) to results\ddpg\checkpoints\best_model_20260130_170212.pth
2026-01-30 17:09:23,739 - INFO - Saved best model (Loss: -7.408936) to results\ddpg\checkpoints\best_model_20260130_170212.pth
2026-01-30 17:09:27,397 - INFO - Saved best model (Loss: -7.431277) to results\ddpg\checkpoints\best_model_20260130_170212.pth
2026-01-30 17:09:29,840 - INFO - Epoch 350/800 | Loss: -7.457679
2026-01-30 17:09:29,851 - INFO - Saved best model (Loss: -7.457679) to results\ddpg\checkpoints\best_model_20260130_170212.pth
2026-01-30 17:09:33,573 - INFO - Saved best model (Loss: -7.505505) to results\ddpg\checkpoints\best_model_20260130_170212.pth
2026-01-30 17:09:37,182 - INFO - Saved best model (Loss: -7.572473) to results\ddpg\checkpoints\best_model_20260130_170212.pth
2026-01-30 17:09:39,699 - INFO - Saved best model (Loss: -7.583059) to results\ddpg\checkpoints\best_model_20260130_170212.pth
2026-01-30 17:09:40,921 - INFO - Saved best model (Loss: -7.625011) to results\ddpg\checkpoints\best_model_20260130_170212.pth
2026-01-30 17:09:42,156 - INFO - Epoch 360/800 | Loss: -7.574946
2026-01-30 17:09:44,654 - INFO - Saved best model (Loss: -7.636482) to results\ddpg\checkpoints\best_model_20260130_170212.pth
2026-01-30 17:09:45,903 - INFO - Saved best model (Loss: -7.649861) to results\ddpg\checkpoints\best_model_20260130_170212.pth
2026-01-30 17:09:47,133 - INFO - Saved best model (Loss: -7.693826) to results\ddpg\checkpoints\best_model_20260130_170212.pth
2026-01-30 17:09:48,393 - INFO - Saved best model (Loss: -7.713282) to results\ddpg\checkpoints\best_model_20260130_170212.pth
2026-01-30 17:09:49,620 - INFO - Saved best model (Loss: -7.730217) to results\ddpg\checkpoints\best_model_20260130_170212.pth
2026-01-30 17:09:52,081 - INFO - Saved best model (Loss: -7.762051) to results\ddpg\checkpoints\best_model_20260130_170212.pth
2026-01-30 17:09:53,318 - INFO - Saved best model (Loss: -7.786927) to results\ddpg\checkpoints\best_model_20260130_170212.pth
2026-01-30 17:09:54,535 - INFO - Epoch 370/800 | Loss: -7.744761
2026-01-30 17:09:55,794 - INFO - Saved best model (Loss: -7.838768) to results\ddpg\checkpoints\best_model_20260130_170212.pth
2026-01-30 17:10:00,717 - INFO - Saved best model (Loss: -7.917745) to results\ddpg\checkpoints\best_model_20260130_170212.pth
2026-01-30 17:10:04,443 - INFO - Saved best model (Loss: -7.923925) to results\ddpg\checkpoints\best_model_20260130_170212.pth
2026-01-30 17:10:06,867 - INFO - Epoch 380/800 | Loss: -7.945301
2026-01-30 17:10:06,877 - INFO - Saved best model (Loss: -7.945301) to results\ddpg\checkpoints\best_model_20260130_170212.pth
2026-01-30 17:10:09,356 - INFO - Saved best model (Loss: -7.973324) to results\ddpg\checkpoints\best_model_20260130_170212.pth
2026-01-30 17:10:10,585 - INFO - Saved best model (Loss: -8.085674) to results\ddpg\checkpoints\best_model_20260130_170212.pth
2026-01-30 17:10:19,175 - INFO - Epoch 390/800 | Loss: -8.210247
2026-01-30 17:10:19,184 - INFO - Saved best model (Loss: -8.210247) to results\ddpg\checkpoints\best_model_20260130_170212.pth
2026-01-30 17:10:28,921 - INFO - Saved best model (Loss: -8.243391) to results\ddpg\checkpoints\best_model_20260130_170212.pth
2026-01-30 17:10:31,384 - INFO - Epoch 400/800 | Loss: -8.246311
2026-01-30 17:10:31,394 - INFO - Saved best model (Loss: -8.246311) to results\ddpg\checkpoints\best_model_20260130_170212.pth
2026-01-30 17:10:32,757 - INFO - Saved best model (Loss: -8.251565) to results\ddpg\checkpoints\best_model_20260130_170212.pth
2026-01-30 17:10:33,919 - INFO - Saved best model (Loss: -8.257936) to results\ddpg\checkpoints\best_model_20260130_170212.pth
2026-01-30 17:10:36,252 - INFO - Saved best model (Loss: -8.333970) to results\ddpg\checkpoints\best_model_20260130_170212.pth
2026-01-30 17:10:38,430 - INFO - Saved best model (Loss: -8.375225) to results\ddpg\checkpoints\best_model_20260130_170212.pth
2026-01-30 17:10:39,440 - INFO - Saved best model (Loss: -8.442743) to results\ddpg\checkpoints\best_model_20260130_170212.pth
2026-01-30 17:10:42,506 - INFO - Epoch 410/800 | Loss: -8.423218
2026-01-30 17:10:43,507 - INFO - Saved best model (Loss: -8.446077) to results\ddpg\checkpoints\best_model_20260130_170212.pth
2026-01-30 17:10:45,600 - INFO - Saved best model (Loss: -8.464085) to results\ddpg\checkpoints\best_model_20260130_170212.pth
2026-01-30 17:10:46,762 - INFO - Saved best model (Loss: -8.526783) to results\ddpg\checkpoints\best_model_20260130_170212.pth
2026-01-30 17:10:52,685 - INFO - Saved best model (Loss: -8.586269) to results\ddpg\checkpoints\best_model_20260130_170212.pth
2026-01-30 17:10:53,943 - INFO - Epoch 420/800 | Loss: -8.519773
2026-01-30 17:10:56,809 - INFO - Saved best model (Loss: -8.587932) to results\ddpg\checkpoints\best_model_20260130_170212.pth
2026-01-30 17:10:58,380 - INFO - Saved best model (Loss: -8.618512) to results\ddpg\checkpoints\best_model_20260130_170212.pth
2026-01-30 17:11:03,351 - INFO - Saved best model (Loss: -8.667104) to results\ddpg\checkpoints\best_model_20260130_170212.pth
2026-01-30 17:11:04,976 - INFO - Saved best model (Loss: -8.740725) to results\ddpg\checkpoints\best_model_20260130_170212.pth
2026-01-30 17:11:08,550 - INFO - Saved best model (Loss: -8.762477) to results\ddpg\checkpoints\best_model_20260130_170212.pth
2026-01-30 17:11:10,041 - INFO - Epoch 430/800 | Loss: -8.710612
2026-01-30 17:11:11,069 - INFO - Saved best model (Loss: -8.773673) to results\ddpg\checkpoints\best_model_20260130_170212.pth
2026-01-30 17:11:12,107 - INFO - Saved best model (Loss: -8.804162) to results\ddpg\checkpoints\best_model_20260130_170212.pth
2026-01-30 17:11:13,130 - INFO - Saved best model (Loss: -8.808798) to results\ddpg\checkpoints\best_model_20260130_170212.pth
2026-01-30 17:11:16,151 - INFO - Saved best model (Loss: -8.813938) to results\ddpg\checkpoints\best_model_20260130_170212.pth
2026-01-30 17:11:19,229 - INFO - Saved best model (Loss: -8.858146) to results\ddpg\checkpoints\best_model_20260130_170212.pth
2026-01-30 17:11:20,222 - INFO - Epoch 440/800 | Loss: -8.872450
2026-01-30 17:11:20,230 - INFO - Saved best model (Loss: -8.872450) to results\ddpg\checkpoints\best_model_20260130_170212.pth
2026-01-30 17:11:21,259 - INFO - Saved best model (Loss: -8.917449) to results\ddpg\checkpoints\best_model_20260130_170212.pth
2026-01-30 17:11:23,283 - INFO - Saved best model (Loss: -8.949922) to results\ddpg\checkpoints\best_model_20260130_170212.pth
2026-01-30 17:11:25,314 - INFO - Saved best model (Loss: -8.960572) to results\ddpg\checkpoints\best_model_20260130_170212.pth
2026-01-30 17:11:26,354 - INFO - Saved best model (Loss: -8.985462) to results\ddpg\checkpoints\best_model_20260130_170212.pth
2026-01-30 17:11:29,377 - INFO - Saved best model (Loss: -9.045555) to results\ddpg\checkpoints\best_model_20260130_170212.pth
2026-01-30 17:11:30,387 - INFO - Epoch 450/800 | Loss: -9.003069
2026-01-30 17:11:36,487 - INFO - Saved best model (Loss: -9.075029) to results\ddpg\checkpoints\best_model_20260130_170212.pth
2026-01-30 17:11:39,997 - INFO - Saved best model (Loss: -9.079122) to results\ddpg\checkpoints\best_model_20260130_170212.pth
2026-01-30 17:11:41,180 - INFO - Epoch 460/800 | Loss: -9.097527
2026-01-30 17:11:41,190 - INFO - Saved best model (Loss: -9.097527) to results\ddpg\checkpoints\best_model_20260130_170212.pth
2026-01-30 17:11:42,339 - INFO - Saved best model (Loss: -9.110621) to results\ddpg\checkpoints\best_model_20260130_170212.pth
2026-01-30 17:11:43,500 - INFO - Saved best model (Loss: -9.118795) to results\ddpg\checkpoints\best_model_20260130_170212.pth
2026-01-30 17:11:44,709 - INFO - Saved best model (Loss: -9.153851) to results\ddpg\checkpoints\best_model_20260130_170212.pth
2026-01-30 17:11:48,117 - INFO - Saved best model (Loss: -9.222210) to results\ddpg\checkpoints\best_model_20260130_170212.pth
2026-01-30 17:11:49,281 - INFO - Saved best model (Loss: -9.246365) to results\ddpg\checkpoints\best_model_20260130_170212.pth
2026-01-30 17:11:52,583 - INFO - Epoch 470/800 | Loss: -9.213824
2026-01-30 17:11:53,666 - INFO - Saved best model (Loss: -9.274961) to results\ddpg\checkpoints\best_model_20260130_170212.pth
2026-01-30 17:11:55,792 - INFO - Saved best model (Loss: -9.297319) to results\ddpg\checkpoints\best_model_20260130_170212.pth
2026-01-30 17:11:56,874 - INFO - Saved best model (Loss: -9.354146) to results\ddpg\checkpoints\best_model_20260130_170212.pth
2026-01-30 17:12:02,020 - INFO - Saved best model (Loss: -9.354902) to results\ddpg\checkpoints\best_model_20260130_170212.pth
2026-01-30 17:12:03,032 - INFO - Epoch 480/800 | Loss: -9.383307
2026-01-30 17:12:03,041 - INFO - Saved best model (Loss: -9.383307) to results\ddpg\checkpoints\best_model_20260130_170212.pth
2026-01-30 17:12:05,130 - INFO - Saved best model (Loss: -9.432940) to results\ddpg\checkpoints\best_model_20260130_170212.pth
2026-01-30 17:12:08,218 - INFO - Saved best model (Loss: -9.443561) to results\ddpg\checkpoints\best_model_20260130_170212.pth
2026-01-30 17:12:13,334 - INFO - Epoch 490/800 | Loss: -9.417414
2026-01-30 17:12:15,405 - INFO - Saved best model (Loss: -9.517825) to results\ddpg\checkpoints\best_model_20260130_170212.pth
2026-01-30 17:12:17,458 - INFO - Saved best model (Loss: -9.529175) to results\ddpg\checkpoints\best_model_20260130_170212.pth
2026-01-30 17:12:20,574 - INFO - Saved best model (Loss: -9.531543) to results\ddpg\checkpoints\best_model_20260130_170212.pth
2026-01-30 17:12:21,629 - INFO - Saved best model (Loss: -9.565947) to results\ddpg\checkpoints\best_model_20260130_170212.pth
2026-01-30 17:12:23,672 - INFO - Epoch 500/800 | Loss: -9.516019
2026-01-30 17:12:25,730 - INFO - Saved best model (Loss: -9.654287) to results\ddpg\checkpoints\best_model_20260130_170212.pth
2026-01-30 17:12:30,914 - INFO - Saved best model (Loss: -9.655045) to results\ddpg\checkpoints\best_model_20260130_170212.pth
2026-01-30 17:12:34,009 - INFO - Epoch 510/800 | Loss: -9.625253
2026-01-30 17:12:35,080 - INFO - Saved best model (Loss: -9.664774) to results\ddpg\checkpoints\best_model_20260130_170212.pth
2026-01-30 17:12:37,138 - INFO - Saved best model (Loss: -9.740666) to results\ddpg\checkpoints\best_model_20260130_170212.pth
2026-01-30 17:12:38,210 - INFO - Saved best model (Loss: -9.769757) to results\ddpg\checkpoints\best_model_20260130_170212.pth
2026-01-30 17:12:43,389 - INFO - Saved best model (Loss: -9.772718) to results\ddpg\checkpoints\best_model_20260130_170212.pth
2026-01-30 17:12:44,425 - INFO - Epoch 520/800 | Loss: -9.721977
2026-01-30 17:12:45,484 - INFO - Saved best model (Loss: -9.779642) to results\ddpg\checkpoints\best_model_20260130_170212.pth
2026-01-30 17:12:46,531 - INFO - Saved best model (Loss: -9.788935) to results\ddpg\checkpoints\best_model_20260130_170212.pth
2026-01-30 17:12:47,570 - INFO - Saved best model (Loss: -9.812097) to results\ddpg\checkpoints\best_model_20260130_170212.pth
2026-01-30 17:12:51,704 - INFO - Saved best model (Loss: -9.816305) to results\ddpg\checkpoints\best_model_20260130_170212.pth
2026-01-30 17:12:52,730 - INFO - Saved best model (Loss: -9.891184) to results\ddpg\checkpoints\best_model_20260130_170212.pth
2026-01-30 17:12:54,794 - INFO - Epoch 530/800 | Loss: -9.840861
2026-01-30 17:12:57,934 - INFO - Saved best model (Loss: -10.008943) to results\ddpg\checkpoints\best_model_20260130_170212.pth
2026-01-30 17:13:05,058 - INFO - Epoch 540/800 | Loss: -9.894408
2026-01-30 17:13:07,085 - INFO - Saved best model (Loss: -10.023829) to results\ddpg\checkpoints\best_model_20260130_170212.pth
2026-01-30 17:13:12,139 - INFO - Saved best model (Loss: -10.036494) to results\ddpg\checkpoints\best_model_20260130_170212.pth
2026-01-30 17:13:13,142 - INFO - Saved best model (Loss: -10.085344) to results\ddpg\checkpoints\best_model_20260130_170212.pth
2026-01-30 17:13:15,176 - INFO - Epoch 550/800 | Loss: -10.083723
2026-01-30 17:13:18,225 - INFO - Saved best model (Loss: -10.104033) to results\ddpg\checkpoints\best_model_20260130_170212.pth
2026-01-30 17:13:21,261 - INFO - Saved best model (Loss: -10.112552) to results\ddpg\checkpoints\best_model_20260130_170212.pth
2026-01-30 17:13:22,277 - INFO - Saved best model (Loss: -10.124306) to results\ddpg\checkpoints\best_model_20260130_170212.pth
2026-01-30 17:13:23,296 - INFO - Saved best model (Loss: -10.170789) to results\ddpg\checkpoints\best_model_20260130_170212.pth
2026-01-30 17:13:25,325 - INFO - Epoch 560/800 | Loss: -10.147930
2026-01-30 17:13:29,381 - INFO - Saved best model (Loss: -10.205877) to results\ddpg\checkpoints\best_model_20260130_170212.pth
2026-01-30 17:13:30,383 - INFO - Saved best model (Loss: -10.313802) to results\ddpg\checkpoints\best_model_20260130_170212.pth
2026-01-30 17:13:35,441 - INFO - Epoch 570/800 | Loss: -10.321512
2026-01-30 17:13:35,450 - INFO - Saved best model (Loss: -10.321512) to results\ddpg\checkpoints\best_model_20260130_170212.pth
2026-01-30 17:13:39,497 - INFO - Saved best model (Loss: -10.323025) to results\ddpg\checkpoints\best_model_20260130_170212.pth
2026-01-30 17:13:41,524 - INFO - Saved best model (Loss: -10.330433) to results\ddpg\checkpoints\best_model_20260130_170212.pth
2026-01-30 17:13:42,560 - INFO - Saved best model (Loss: -10.381169) to results\ddpg\checkpoints\best_model_20260130_170212.pth
2026-01-30 17:13:44,601 - INFO - Saved best model (Loss: -10.407369) to results\ddpg\checkpoints\best_model_20260130_170212.pth
2026-01-30 17:13:45,626 - INFO - Epoch 580/800 | Loss: -10.314816
2026-01-30 17:13:48,664 - INFO - Saved best model (Loss: -10.480772) to results\ddpg\checkpoints\best_model_20260130_170212.pth
2026-01-30 17:13:55,802 - INFO - Epoch 590/800 | Loss: -10.346727
2026-01-30 17:13:58,845 - INFO - Saved best model (Loss: -10.483439) to results\ddpg\checkpoints\best_model_20260130_170212.pth
2026-01-30 17:13:59,869 - INFO - Saved best model (Loss: -10.513141) to results\ddpg\checkpoints\best_model_20260130_170212.pth
2026-01-30 17:14:00,921 - INFO - Saved best model (Loss: -10.514977) to results\ddpg\checkpoints\best_model_20260130_170212.pth
2026-01-30 17:14:01,935 - INFO - Saved best model (Loss: -10.516063) to results\ddpg\checkpoints\best_model_20260130_170212.pth
2026-01-30 17:14:02,955 - INFO - Saved best model (Loss: -10.554558) to results\ddpg\checkpoints\best_model_20260130_170212.pth
2026-01-30 17:14:05,978 - INFO - Epoch 600/800 | Loss: -10.536942
2026-01-30 17:14:09,033 - INFO - Saved best model (Loss: -10.595685) to results\ddpg\checkpoints\best_model_20260130_170212.pth
2026-01-30 17:14:10,051 - INFO - Saved best model (Loss: -10.618559) to results\ddpg\checkpoints\best_model_20260130_170212.pth
2026-01-30 17:14:11,084 - INFO - Saved best model (Loss: -10.628370) to results\ddpg\checkpoints\best_model_20260130_170212.pth
2026-01-30 17:14:16,145 - INFO - Epoch 610/800 | Loss: -10.595530
2026-01-30 17:14:17,150 - INFO - Saved best model (Loss: -10.685355) to results\ddpg\checkpoints\best_model_20260130_170212.pth
2026-01-30 17:14:21,218 - INFO - Saved best model (Loss: -10.732752) to results\ddpg\checkpoints\best_model_20260130_170212.pth
2026-01-30 17:14:25,253 - INFO - Saved best model (Loss: -10.751927) to results\ddpg\checkpoints\best_model_20260130_170212.pth
2026-01-30 17:14:26,280 - INFO - Epoch 620/800 | Loss: -10.749037
2026-01-30 17:14:27,304 - INFO - Saved best model (Loss: -10.800378) to results\ddpg\checkpoints\best_model_20260130_170212.pth
2026-01-30 17:14:28,302 - INFO - Saved best model (Loss: -10.826189) to results\ddpg\checkpoints\best_model_20260130_170212.pth
2026-01-30 17:14:32,380 - INFO - Saved best model (Loss: -10.840716) to results\ddpg\checkpoints\best_model_20260130_170212.pth
2026-01-30 17:14:36,434 - INFO - Epoch 630/800 | Loss: -10.831181
2026-01-30 17:14:37,471 - INFO - Saved best model (Loss: -10.858119) to results\ddpg\checkpoints\best_model_20260130_170212.pth
2026-01-30 17:14:43,587 - INFO - Saved best model (Loss: -10.868958) to results\ddpg\checkpoints\best_model_20260130_170212.pth
2026-01-30 17:14:44,609 - INFO - Saved best model (Loss: -10.874819) to results\ddpg\checkpoints\best_model_20260130_170212.pth
2026-01-30 17:14:45,610 - INFO - Saved best model (Loss: -10.921065) to results\ddpg\checkpoints\best_model_20260130_170212.pth
2026-01-30 17:14:46,648 - INFO - Epoch 640/800 | Loss: -10.859072
2026-01-30 17:14:49,687 - INFO - Saved best model (Loss: -10.922798) to results\ddpg\checkpoints\best_model_20260130_170212.pth
2026-01-30 17:14:51,719 - INFO - Saved best model (Loss: -10.926813) to results\ddpg\checkpoints\best_model_20260130_170212.pth
2026-01-30 17:14:54,790 - INFO - Saved best model (Loss: -10.944681) to results\ddpg\checkpoints\best_model_20260130_170212.pth
2026-01-30 17:14:55,826 - INFO - Saved best model (Loss: -10.990517) to results\ddpg\checkpoints\best_model_20260130_170212.pth
2026-01-30 17:14:56,830 - INFO - Epoch 650/800 | Loss: -10.915283
2026-01-30 17:14:58,887 - INFO - Saved best model (Loss: -11.032525) to results\ddpg\checkpoints\best_model_20260130_170212.pth
2026-01-30 17:15:04,967 - INFO - Saved best model (Loss: -11.038673) to results\ddpg\checkpoints\best_model_20260130_170212.pth
2026-01-30 17:15:06,984 - INFO - Epoch 660/800 | Loss: -10.986121
2026-01-30 17:15:08,021 - INFO - Saved best model (Loss: -11.099430) to results\ddpg\checkpoints\best_model_20260130_170212.pth
2026-01-30 17:15:13,103 - INFO - Saved best model (Loss: -11.117539) to results\ddpg\checkpoints\best_model_20260130_170212.pth
2026-01-30 17:15:17,152 - INFO - Epoch 670/800 | Loss: -11.131207
2026-01-30 17:15:17,160 - INFO - Saved best model (Loss: -11.131207) to results\ddpg\checkpoints\best_model_20260130_170212.pth
2026-01-30 17:15:21,229 - INFO - Saved best model (Loss: -11.132745) to results\ddpg\checkpoints\best_model_20260130_170212.pth
2026-01-30 17:15:22,266 - INFO - Saved best model (Loss: -11.153236) to results\ddpg\checkpoints\best_model_20260130_170212.pth
2026-01-30 17:15:24,321 - INFO - Saved best model (Loss: -11.208855) to results\ddpg\checkpoints\best_model_20260130_170212.pth
2026-01-30 17:15:27,352 - INFO - Epoch 680/800 | Loss: -11.169812
2026-01-30 17:15:32,462 - INFO - Saved best model (Loss: -11.260463) to results\ddpg\checkpoints\best_model_20260130_170212.pth
2026-01-30 17:15:37,511 - INFO - Epoch 690/800 | Loss: -11.238140
2026-01-30 17:15:38,521 - INFO - Saved best model (Loss: -11.335020) to results\ddpg\checkpoints\best_model_20260130_170212.pth
2026-01-30 17:15:47,624 - INFO - Epoch 700/800 | Loss: -11.265672
2026-01-30 17:15:54,723 - INFO - Saved best model (Loss: -11.388416) to results\ddpg\checkpoints\best_model_20260130_170212.pth
2026-01-30 17:15:57,800 - INFO - Epoch 710/800 | Loss: -11.357836
2026-01-30 17:16:03,885 - INFO - Saved best model (Loss: -11.420372) to results\ddpg\checkpoints\best_model_20260130_170212.pth
2026-01-30 17:16:07,939 - INFO - Epoch 720/800 | Loss: -11.374587
2026-01-30 17:16:09,970 - INFO - Saved best model (Loss: -11.443355) to results\ddpg\checkpoints\best_model_20260130_170212.pth
2026-01-30 17:16:13,065 - INFO - Saved best model (Loss: -11.536963) to results\ddpg\checkpoints\best_model_20260130_170212.pth
2026-01-30 17:16:18,099 - INFO - Epoch 730/800 | Loss: -11.439030
2026-01-30 17:16:28,197 - INFO - Epoch 740/800 | Loss: -11.517563
2026-01-30 17:16:29,207 - INFO - Saved best model (Loss: -11.579692) to results\ddpg\checkpoints\best_model_20260130_170212.pth
2026-01-30 17:16:36,304 - INFO - Saved best model (Loss: -11.621328) to results\ddpg\checkpoints\best_model_20260130_170212.pth
2026-01-30 17:16:38,341 - INFO - Epoch 750/800 | Loss: -11.577651
2026-01-30 17:16:39,368 - INFO - Saved best model (Loss: -11.624113) to results\ddpg\checkpoints\best_model_20260130_170212.pth
2026-01-30 17:16:46,447 - INFO - Saved best model (Loss: -11.659945) to results\ddpg\checkpoints\best_model_20260130_170212.pth
2026-01-30 17:16:48,480 - INFO - Epoch 760/800 | Loss: -11.583118
2026-01-30 17:16:49,514 - INFO - Saved best model (Loss: -11.667724) to results\ddpg\checkpoints\best_model_20260130_170212.pth
2026-01-30 17:16:50,561 - INFO - Saved best model (Loss: -11.679933) to results\ddpg\checkpoints\best_model_20260130_170212.pth
2026-01-30 17:16:52,607 - INFO - Saved best model (Loss: -11.730568) to results\ddpg\checkpoints\best_model_20260130_170212.pth
2026-01-30 17:16:58,737 - INFO - Epoch 770/800 | Loss: -11.641573
2026-01-30 17:17:01,798 - INFO - Saved best model (Loss: -11.732583) to results\ddpg\checkpoints\best_model_20260130_170212.pth
2026-01-30 17:17:05,866 - INFO - Saved best model (Loss: -11.735214) to results\ddpg\checkpoints\best_model_20260130_170212.pth
2026-01-30 17:17:08,967 - INFO - Epoch 780/800 | Loss: -11.777616
2026-01-30 17:17:08,976 - INFO - Saved best model (Loss: -11.777616) to results\ddpg\checkpoints\best_model_20260130_170212.pth
2026-01-30 17:17:09,997 - INFO - Saved best model (Loss: -11.796074) to results\ddpg\checkpoints\best_model_20260130_170212.pth
2026-01-30 17:17:16,360 - INFO - Saved best model (Loss: -11.811157) to results\ddpg\checkpoints\best_model_20260130_170212.pth
2026-01-30 17:17:19,590 - INFO - Epoch 790/800 | Loss: -11.888783
2026-01-30 17:17:19,599 - INFO - Saved best model (Loss: -11.888783) to results\ddpg\checkpoints\best_model_20260130_170212.pth
2026-01-30 17:17:28,882 - INFO - Saved final model to results\ddpg\checkpoints\final_model_20260130_170212.pth
2026-01-30 17:17:28,882 - INFO - Training Complete. Best Loss: -11.888783
