2026-02-01 16:47:25,072 - INFO - Starting training for 800 epochs on cuda
2026-02-01 16:47:26,403 - INFO - Epoch 0/800 | Loss: -0.185487
2026-02-01 16:47:26,426 - INFO - Saved best model (Loss: -0.185487) to results\hybrid\checkpoints\best_model_20260201_164725.pth
2026-02-01 16:47:27,644 - INFO - Saved best model (Loss: -0.196800) to results\hybrid\checkpoints\best_model_20260201_164725.pth
2026-02-01 16:47:28,822 - INFO - Saved best model (Loss: -0.209597) to results\hybrid\checkpoints\best_model_20260201_164725.pth
2026-02-01 16:47:30,007 - INFO - Saved best model (Loss: -0.231568) to results\hybrid\checkpoints\best_model_20260201_164725.pth
2026-02-01 16:47:31,160 - INFO - Saved best model (Loss: -0.251200) to results\hybrid\checkpoints\best_model_20260201_164725.pth
2026-02-01 16:47:32,279 - INFO - Saved best model (Loss: -0.259496) to results\hybrid\checkpoints\best_model_20260201_164725.pth
2026-02-01 16:47:33,439 - INFO - Saved best model (Loss: -0.267040) to results\hybrid\checkpoints\best_model_20260201_164725.pth
2026-02-01 16:47:34,559 - INFO - Saved best model (Loss: -0.277414) to results\hybrid\checkpoints\best_model_20260201_164725.pth
2026-02-01 16:47:35,677 - INFO - Saved best model (Loss: -0.283170) to results\hybrid\checkpoints\best_model_20260201_164725.pth
2026-02-01 16:47:37,919 - INFO - Epoch 10/800 | Loss: -0.283836
2026-02-01 16:47:37,939 - INFO - Saved best model (Loss: -0.283836) to results\hybrid\checkpoints\best_model_20260201_164725.pth
2026-02-01 16:47:39,115 - INFO - Saved best model (Loss: -0.284003) to results\hybrid\checkpoints\best_model_20260201_164725.pth
2026-02-01 16:47:49,420 - INFO - Epoch 20/800 | Loss: -0.268118
2026-02-01 16:48:00,698 - INFO - Epoch 30/800 | Loss: -0.228768
2026-02-01 16:48:12,192 - INFO - Epoch 40/800 | Loss: -0.211110
2026-02-01 16:48:23,597 - INFO - Epoch 50/800 | Loss: -0.205365
2026-02-01 16:48:35,312 - INFO - Epoch 60/800 | Loss: -0.199451
2026-02-01 16:48:45,931 - INFO - Saved best model (Loss: -0.300310) to results\hybrid\checkpoints\best_model_20260201_164725.pth
2026-02-01 16:48:47,139 - INFO - Epoch 70/800 | Loss: -0.312363
2026-02-01 16:48:47,157 - INFO - Saved best model (Loss: -0.312363) to results\hybrid\checkpoints\best_model_20260201_164725.pth
2026-02-01 16:48:49,656 - INFO - Saved best model (Loss: -0.324670) to results\hybrid\checkpoints\best_model_20260201_164725.pth
2026-02-01 16:48:51,976 - INFO - Saved best model (Loss: -0.347185) to results\hybrid\checkpoints\best_model_20260201_164725.pth
2026-02-01 16:48:55,457 - INFO - Saved best model (Loss: -0.358027) to results\hybrid\checkpoints\best_model_20260201_164725.pth
2026-02-01 16:48:57,789 - INFO - Saved best model (Loss: -0.386252) to results\hybrid\checkpoints\best_model_20260201_164725.pth
2026-02-01 16:48:58,926 - INFO - Epoch 80/800 | Loss: -0.397542
2026-02-01 16:48:58,944 - INFO - Saved best model (Loss: -0.397542) to results\hybrid\checkpoints\best_model_20260201_164725.pth
2026-02-01 16:49:00,108 - INFO - Saved best model (Loss: -0.415491) to results\hybrid\checkpoints\best_model_20260201_164725.pth
2026-02-01 16:49:01,274 - INFO - Saved best model (Loss: -0.417150) to results\hybrid\checkpoints\best_model_20260201_164725.pth
2026-02-01 16:49:02,418 - INFO - Saved best model (Loss: -0.430514) to results\hybrid\checkpoints\best_model_20260201_164725.pth
2026-02-01 16:49:03,607 - INFO - Saved best model (Loss: -0.449549) to results\hybrid\checkpoints\best_model_20260201_164725.pth
2026-02-01 16:49:04,764 - INFO - Saved best model (Loss: -0.461060) to results\hybrid\checkpoints\best_model_20260201_164725.pth
2026-02-01 16:49:05,899 - INFO - Saved best model (Loss: -0.484381) to results\hybrid\checkpoints\best_model_20260201_164725.pth
2026-02-01 16:49:08,428 - INFO - Saved best model (Loss: -0.489994) to results\hybrid\checkpoints\best_model_20260201_164725.pth
2026-02-01 16:49:09,612 - INFO - Saved best model (Loss: -0.529921) to results\hybrid\checkpoints\best_model_20260201_164725.pth
2026-02-01 16:49:10,796 - INFO - Epoch 90/800 | Loss: -0.537786
2026-02-01 16:49:10,813 - INFO - Saved best model (Loss: -0.537786) to results\hybrid\checkpoints\best_model_20260201_164725.pth
2026-02-01 16:49:11,959 - INFO - Saved best model (Loss: -0.568031) to results\hybrid\checkpoints\best_model_20260201_164725.pth
2026-02-01 16:49:13,131 - INFO - Saved best model (Loss: -0.588383) to results\hybrid\checkpoints\best_model_20260201_164725.pth
2026-02-01 16:49:14,300 - INFO - Saved best model (Loss: -0.590749) to results\hybrid\checkpoints\best_model_20260201_164725.pth
2026-02-01 16:49:15,459 - INFO - Saved best model (Loss: -0.619598) to results\hybrid\checkpoints\best_model_20260201_164725.pth
2026-02-01 16:49:16,610 - INFO - Saved best model (Loss: -0.645694) to results\hybrid\checkpoints\best_model_20260201_164725.pth
2026-02-01 16:49:17,800 - INFO - Saved best model (Loss: -0.645864) to results\hybrid\checkpoints\best_model_20260201_164725.pth
2026-02-01 16:49:19,013 - INFO - Saved best model (Loss: -0.690065) to results\hybrid\checkpoints\best_model_20260201_164725.pth
2026-02-01 16:49:22,457 - INFO - Epoch 100/800 | Loss: -0.732988
2026-02-01 16:49:22,475 - INFO - Saved best model (Loss: -0.732988) to results\hybrid\checkpoints\best_model_20260201_164725.pth
2026-02-01 16:49:23,678 - INFO - Saved best model (Loss: -0.755882) to results\hybrid\checkpoints\best_model_20260201_164725.pth
2026-02-01 16:49:25,950 - INFO - Saved best model (Loss: -0.805549) to results\hybrid\checkpoints\best_model_20260201_164725.pth
2026-02-01 16:49:27,108 - INFO - Saved best model (Loss: -0.819306) to results\hybrid\checkpoints\best_model_20260201_164725.pth
2026-02-01 16:49:30,874 - INFO - Saved best model (Loss: -0.867457) to results\hybrid\checkpoints\best_model_20260201_164725.pth
2026-02-01 16:49:32,047 - INFO - Saved best model (Loss: -0.904115) to results\hybrid\checkpoints\best_model_20260201_164725.pth
2026-02-01 16:49:34,343 - INFO - Epoch 110/800 | Loss: -0.942337
2026-02-01 16:49:34,361 - INFO - Saved best model (Loss: -0.942337) to results\hybrid\checkpoints\best_model_20260201_164725.pth
2026-02-01 16:49:35,502 - INFO - Saved best model (Loss: -0.983785) to results\hybrid\checkpoints\best_model_20260201_164725.pth
2026-02-01 16:49:37,796 - INFO - Saved best model (Loss: -1.003374) to results\hybrid\checkpoints\best_model_20260201_164725.pth
2026-02-01 16:49:38,945 - INFO - Saved best model (Loss: -1.017207) to results\hybrid\checkpoints\best_model_20260201_164725.pth
2026-02-01 16:49:40,140 - INFO - Saved best model (Loss: -1.019914) to results\hybrid\checkpoints\best_model_20260201_164725.pth
2026-02-01 16:49:42,469 - INFO - Saved best model (Loss: -1.039113) to results\hybrid\checkpoints\best_model_20260201_164725.pth
2026-02-01 16:49:43,630 - INFO - Saved best model (Loss: -1.061322) to results\hybrid\checkpoints\best_model_20260201_164725.pth
2026-02-01 16:49:44,786 - INFO - Saved best model (Loss: -1.065712) to results\hybrid\checkpoints\best_model_20260201_164725.pth
2026-02-01 16:49:45,913 - INFO - Epoch 120/800 | Loss: -1.061751
2026-02-01 16:49:47,071 - INFO - Saved best model (Loss: -1.101691) to results\hybrid\checkpoints\best_model_20260201_164725.pth
2026-02-01 16:49:48,199 - INFO - Saved best model (Loss: -1.186915) to results\hybrid\checkpoints\best_model_20260201_164725.pth
2026-02-01 16:49:51,815 - INFO - Saved best model (Loss: -1.191786) to results\hybrid\checkpoints\best_model_20260201_164725.pth
2026-02-01 16:49:53,119 - INFO - Saved best model (Loss: -1.195876) to results\hybrid\checkpoints\best_model_20260201_164725.pth
2026-02-01 16:49:54,258 - INFO - Saved best model (Loss: -1.219192) to results\hybrid\checkpoints\best_model_20260201_164725.pth
2026-02-01 16:49:55,417 - INFO - Saved best model (Loss: -1.242998) to results\hybrid\checkpoints\best_model_20260201_164725.pth
2026-02-01 16:49:56,555 - INFO - Saved best model (Loss: -1.274270) to results\hybrid\checkpoints\best_model_20260201_164725.pth
2026-02-01 16:49:57,678 - INFO - Epoch 130/800 | Loss: -1.225608
2026-02-01 16:49:58,828 - INFO - Saved best model (Loss: -1.300607) to results\hybrid\checkpoints\best_model_20260201_164725.pth
2026-02-01 16:50:02,325 - INFO - Saved best model (Loss: -1.341825) to results\hybrid\checkpoints\best_model_20260201_164725.pth
2026-02-01 16:50:03,504 - INFO - Saved best model (Loss: -1.352451) to results\hybrid\checkpoints\best_model_20260201_164725.pth
2026-02-01 16:50:05,965 - INFO - Saved best model (Loss: -1.353184) to results\hybrid\checkpoints\best_model_20260201_164725.pth
2026-02-01 16:50:07,119 - INFO - Saved best model (Loss: -1.395549) to results\hybrid\checkpoints\best_model_20260201_164725.pth
2026-02-01 16:50:09,434 - INFO - Epoch 140/800 | Loss: -1.435202
2026-02-01 16:50:09,451 - INFO - Saved best model (Loss: -1.435202) to results\hybrid\checkpoints\best_model_20260201_164725.pth
2026-02-01 16:50:12,964 - INFO - Saved best model (Loss: -1.444450) to results\hybrid\checkpoints\best_model_20260201_164725.pth
2026-02-01 16:50:14,336 - INFO - Saved best model (Loss: -1.488513) to results\hybrid\checkpoints\best_model_20260201_164725.pth
2026-02-01 16:50:17,848 - INFO - Saved best model (Loss: -1.547071) to results\hybrid\checkpoints\best_model_20260201_164725.pth
2026-02-01 16:50:21,415 - INFO - Epoch 150/800 | Loss: -1.536978
2026-02-01 16:50:22,594 - INFO - Saved best model (Loss: -1.548449) to results\hybrid\checkpoints\best_model_20260201_164725.pth
2026-02-01 16:50:24,890 - INFO - Saved best model (Loss: -1.571957) to results\hybrid\checkpoints\best_model_20260201_164725.pth
2026-02-01 16:50:28,324 - INFO - Saved best model (Loss: -1.609870) to results\hybrid\checkpoints\best_model_20260201_164725.pth
2026-02-01 16:50:29,498 - INFO - Saved best model (Loss: -1.616752) to results\hybrid\checkpoints\best_model_20260201_164725.pth
2026-02-01 16:50:31,842 - INFO - Saved best model (Loss: -1.675044) to results\hybrid\checkpoints\best_model_20260201_164725.pth
2026-02-01 16:50:32,997 - INFO - Epoch 160/800 | Loss: -1.629032
2026-02-01 16:50:35,300 - INFO - Saved best model (Loss: -1.711675) to results\hybrid\checkpoints\best_model_20260201_164725.pth
2026-02-01 16:50:38,900 - INFO - Saved best model (Loss: -1.720995) to results\hybrid\checkpoints\best_model_20260201_164725.pth
2026-02-01 16:50:43,518 - INFO - Saved best model (Loss: -1.752502) to results\hybrid\checkpoints\best_model_20260201_164725.pth
2026-02-01 16:50:44,651 - INFO - Epoch 170/800 | Loss: -1.721513
2026-02-01 16:50:48,061 - INFO - Saved best model (Loss: -1.754185) to results\hybrid\checkpoints\best_model_20260201_164725.pth
2026-02-01 16:50:50,358 - INFO - Saved best model (Loss: -1.765566) to results\hybrid\checkpoints\best_model_20260201_164725.pth
2026-02-01 16:50:56,603 - INFO - Epoch 180/800 | Loss: -1.753989
2026-02-01 16:50:59,087 - INFO - Saved best model (Loss: -1.780690) to results\hybrid\checkpoints\best_model_20260201_164725.pth
2026-02-01 16:51:05,567 - INFO - Saved best model (Loss: -1.791619) to results\hybrid\checkpoints\best_model_20260201_164725.pth
2026-02-01 16:51:09,076 - INFO - Epoch 190/800 | Loss: -1.786957
2026-02-01 16:51:11,712 - INFO - Saved best model (Loss: -1.850725) to results\hybrid\checkpoints\best_model_20260201_164725.pth
2026-02-01 16:51:15,517 - INFO - Saved best model (Loss: -1.904375) to results\hybrid\checkpoints\best_model_20260201_164725.pth
2026-02-01 16:51:21,407 - INFO - Epoch 200/800 | Loss: -1.840266
2026-02-01 16:51:25,570 - INFO - Saved best model (Loss: -1.948780) to results\hybrid\checkpoints\best_model_20260201_164725.pth
2026-02-01 16:51:31,756 - INFO - Epoch 210/800 | Loss: -1.951497
2026-02-01 16:51:31,772 - INFO - Saved best model (Loss: -1.951497) to results\hybrid\checkpoints\best_model_20260201_164725.pth
2026-02-01 16:51:35,922 - INFO - Saved best model (Loss: -1.976730) to results\hybrid\checkpoints\best_model_20260201_164725.pth
2026-02-01 16:51:36,963 - INFO - Saved best model (Loss: -2.048826) to results\hybrid\checkpoints\best_model_20260201_164725.pth
2026-02-01 16:51:39,056 - INFO - Saved best model (Loss: -2.049808) to results\hybrid\checkpoints\best_model_20260201_164725.pth
2026-02-01 16:51:42,142 - INFO - Epoch 220/800 | Loss: -1.985289
2026-02-01 16:51:49,385 - INFO - Saved best model (Loss: -2.072387) to results\hybrid\checkpoints\best_model_20260201_164725.pth
2026-02-01 16:51:51,490 - INFO - Saved best model (Loss: -2.080795) to results\hybrid\checkpoints\best_model_20260201_164725.pth
2026-02-01 16:51:52,516 - INFO - Epoch 230/800 | Loss: -2.047532
2026-02-01 16:52:00,761 - INFO - Saved best model (Loss: -2.104451) to results\hybrid\checkpoints\best_model_20260201_164725.pth
2026-02-01 16:52:01,840 - INFO - Saved best model (Loss: -2.126039) to results\hybrid\checkpoints\best_model_20260201_164725.pth
2026-02-01 16:52:02,886 - INFO - Epoch 240/800 | Loss: -2.058389
2026-02-01 16:52:04,046 - INFO - Saved best model (Loss: -2.130904) to results\hybrid\checkpoints\best_model_20260201_164725.pth
2026-02-01 16:52:09,221 - INFO - Saved best model (Loss: -2.146202) to results\hybrid\checkpoints\best_model_20260201_164725.pth
2026-02-01 16:52:13,337 - INFO - Epoch 250/800 | Loss: -2.139503
2026-02-01 16:52:18,525 - INFO - Saved best model (Loss: -2.149894) to results\hybrid\checkpoints\best_model_20260201_164725.pth
2026-02-01 16:52:23,758 - INFO - Epoch 260/800 | Loss: -2.128282
2026-02-01 16:52:24,792 - INFO - Saved best model (Loss: -2.181897) to results\hybrid\checkpoints\best_model_20260201_164725.pth
2026-02-01 16:52:26,899 - INFO - Saved best model (Loss: -2.206975) to results\hybrid\checkpoints\best_model_20260201_164725.pth
2026-02-01 16:52:27,937 - INFO - Saved best model (Loss: -2.223839) to results\hybrid\checkpoints\best_model_20260201_164725.pth
2026-02-01 16:52:34,099 - INFO - Epoch 270/800 | Loss: -2.198439
2026-02-01 16:52:42,290 - INFO - Saved best model (Loss: -2.255214) to results\hybrid\checkpoints\best_model_20260201_164725.pth
2026-02-01 16:52:44,368 - INFO - Epoch 280/800 | Loss: -2.209960
2026-02-01 16:52:48,463 - INFO - Saved best model (Loss: -2.287666) to results\hybrid\checkpoints\best_model_20260201_164725.pth
2026-02-01 16:52:50,548 - INFO - Saved best model (Loss: -2.292588) to results\hybrid\checkpoints\best_model_20260201_164725.pth
2026-02-01 16:52:54,656 - INFO - Epoch 290/800 | Loss: -2.318083
2026-02-01 16:52:54,673 - INFO - Saved best model (Loss: -2.318083) to results\hybrid\checkpoints\best_model_20260201_164725.pth
2026-02-01 16:52:56,789 - INFO - Saved best model (Loss: -2.326191) to results\hybrid\checkpoints\best_model_20260201_164725.pth
2026-02-01 16:53:01,967 - INFO - Saved best model (Loss: -2.352650) to results\hybrid\checkpoints\best_model_20260201_164725.pth
2026-02-01 16:53:04,032 - INFO - Saved best model (Loss: -2.398022) to results\hybrid\checkpoints\best_model_20260201_164725.pth
2026-02-01 16:53:05,067 - INFO - Epoch 300/800 | Loss: -2.326455
2026-02-01 16:53:12,329 - INFO - Saved best model (Loss: -2.408203) to results\hybrid\checkpoints\best_model_20260201_164725.pth
2026-02-01 16:53:13,377 - INFO - Saved best model (Loss: -2.417511) to results\hybrid\checkpoints\best_model_20260201_164725.pth
2026-02-01 16:53:14,410 - INFO - Saved best model (Loss: -2.429735) to results\hybrid\checkpoints\best_model_20260201_164725.pth
2026-02-01 16:53:15,456 - INFO - Epoch 310/800 | Loss: -2.413206
2026-02-01 16:53:17,539 - INFO - Saved best model (Loss: -2.501405) to results\hybrid\checkpoints\best_model_20260201_164725.pth
2026-02-01 16:53:22,793 - INFO - Saved best model (Loss: -2.521809) to results\hybrid\checkpoints\best_model_20260201_164725.pth
2026-02-01 16:53:23,824 - INFO - Saved best model (Loss: -2.529925) to results\hybrid\checkpoints\best_model_20260201_164725.pth
2026-02-01 16:53:25,867 - INFO - Epoch 320/800 | Loss: -2.529343
2026-02-01 16:53:27,944 - INFO - Saved best model (Loss: -2.575020) to results\hybrid\checkpoints\best_model_20260201_164725.pth
2026-02-01 16:53:29,995 - INFO - Saved best model (Loss: -2.616867) to results\hybrid\checkpoints\best_model_20260201_164725.pth
2026-02-01 16:53:31,040 - INFO - Saved best model (Loss: -2.626337) to results\hybrid\checkpoints\best_model_20260201_164725.pth
2026-02-01 16:53:32,105 - INFO - Saved best model (Loss: -2.651095) to results\hybrid\checkpoints\best_model_20260201_164725.pth
2026-02-01 16:53:33,158 - INFO - Saved best model (Loss: -2.665027) to results\hybrid\checkpoints\best_model_20260201_164725.pth
2026-02-01 16:53:36,230 - INFO - Epoch 330/800 | Loss: -2.639996
2026-02-01 16:53:38,320 - INFO - Saved best model (Loss: -2.685931) to results\hybrid\checkpoints\best_model_20260201_164725.pth
2026-02-01 16:53:40,363 - INFO - Saved best model (Loss: -2.699313) to results\hybrid\checkpoints\best_model_20260201_164725.pth
2026-02-01 16:53:43,452 - INFO - Saved best model (Loss: -2.754164) to results\hybrid\checkpoints\best_model_20260201_164725.pth
2026-02-01 16:53:44,535 - INFO - Saved best model (Loss: -2.786754) to results\hybrid\checkpoints\best_model_20260201_164725.pth
2026-02-01 16:53:45,554 - INFO - Saved best model (Loss: -2.821013) to results\hybrid\checkpoints\best_model_20260201_164725.pth
2026-02-01 16:53:46,568 - INFO - Epoch 340/800 | Loss: -2.751938
2026-02-01 16:53:47,677 - INFO - Saved best model (Loss: -2.837665) to results\hybrid\checkpoints\best_model_20260201_164725.pth
2026-02-01 16:53:49,735 - INFO - Saved best model (Loss: -2.869390) to results\hybrid\checkpoints\best_model_20260201_164725.pth
2026-02-01 16:53:55,911 - INFO - Saved best model (Loss: -2.876806) to results\hybrid\checkpoints\best_model_20260201_164725.pth
2026-02-01 16:53:56,941 - INFO - Epoch 350/800 | Loss: -2.896839
2026-02-01 16:53:56,958 - INFO - Saved best model (Loss: -2.896839) to results\hybrid\checkpoints\best_model_20260201_164725.pth
2026-02-01 16:54:00,060 - INFO - Saved best model (Loss: -2.922736) to results\hybrid\checkpoints\best_model_20260201_164725.pth
2026-02-01 16:54:02,122 - INFO - Saved best model (Loss: -2.948864) to results\hybrid\checkpoints\best_model_20260201_164725.pth
2026-02-01 16:54:04,211 - INFO - Saved best model (Loss: -2.989296) to results\hybrid\checkpoints\best_model_20260201_164725.pth
2026-02-01 16:54:06,267 - INFO - Saved best model (Loss: -3.062749) to results\hybrid\checkpoints\best_model_20260201_164725.pth
2026-02-01 16:54:07,312 - INFO - Epoch 360/800 | Loss: -3.033105
2026-02-01 16:54:13,473 - INFO - Saved best model (Loss: -3.128000) to results\hybrid\checkpoints\best_model_20260201_164725.pth
2026-02-01 16:54:17,526 - INFO - Epoch 370/800 | Loss: -3.103100
2026-02-01 16:54:18,592 - INFO - Saved best model (Loss: -3.136926) to results\hybrid\checkpoints\best_model_20260201_164725.pth
2026-02-01 16:54:19,651 - INFO - Saved best model (Loss: -3.149232) to results\hybrid\checkpoints\best_model_20260201_164725.pth
2026-02-01 16:54:23,764 - INFO - Saved best model (Loss: -3.159172) to results\hybrid\checkpoints\best_model_20260201_164725.pth
2026-02-01 16:54:26,899 - INFO - Saved best model (Loss: -3.191291) to results\hybrid\checkpoints\best_model_20260201_164725.pth
2026-02-01 16:54:27,956 - INFO - Epoch 380/800 | Loss: -3.175077
2026-02-01 16:54:29,037 - INFO - Saved best model (Loss: -3.227314) to results\hybrid\checkpoints\best_model_20260201_164725.pth
2026-02-01 16:54:31,148 - INFO - Saved best model (Loss: -3.246981) to results\hybrid\checkpoints\best_model_20260201_164725.pth
2026-02-01 16:54:32,262 - INFO - Saved best model (Loss: -3.324260) to results\hybrid\checkpoints\best_model_20260201_164725.pth
2026-02-01 16:54:38,573 - INFO - Epoch 390/800 | Loss: -3.401819
2026-02-01 16:54:38,591 - INFO - Saved best model (Loss: -3.401819) to results\hybrid\checkpoints\best_model_20260201_164725.pth
2026-02-01 16:54:46,874 - INFO - Saved best model (Loss: -3.403146) to results\hybrid\checkpoints\best_model_20260201_164725.pth
2026-02-01 16:54:48,964 - INFO - Epoch 400/800 | Loss: -3.464783
2026-02-01 16:54:48,979 - INFO - Saved best model (Loss: -3.464783) to results\hybrid\checkpoints\best_model_20260201_164725.pth
2026-02-01 16:54:52,110 - INFO - Saved best model (Loss: -3.506146) to results\hybrid\checkpoints\best_model_20260201_164725.pth
2026-02-01 16:54:54,215 - INFO - Saved best model (Loss: -3.522247) to results\hybrid\checkpoints\best_model_20260201_164725.pth
2026-02-01 16:54:56,326 - INFO - Saved best model (Loss: -3.564805) to results\hybrid\checkpoints\best_model_20260201_164725.pth
2026-02-01 16:54:58,431 - INFO - Saved best model (Loss: -3.612468) to results\hybrid\checkpoints\best_model_20260201_164725.pth
2026-02-01 16:54:59,461 - INFO - Epoch 410/800 | Loss: -3.529002
2026-02-01 16:55:04,691 - INFO - Saved best model (Loss: -3.633977) to results\hybrid\checkpoints\best_model_20260201_164725.pth
2026-02-01 16:55:05,720 - INFO - Saved best model (Loss: -3.688304) to results\hybrid\checkpoints\best_model_20260201_164725.pth
2026-02-01 16:55:09,860 - INFO - Epoch 420/800 | Loss: -3.540781
2026-02-01 16:55:12,933 - INFO - Saved best model (Loss: -3.691338) to results\hybrid\checkpoints\best_model_20260201_164725.pth
2026-02-01 16:55:15,060 - INFO - Saved best model (Loss: -3.715415) to results\hybrid\checkpoints\best_model_20260201_164725.pth
2026-02-01 16:55:16,105 - INFO - Saved best model (Loss: -3.741071) to results\hybrid\checkpoints\best_model_20260201_164725.pth
2026-02-01 16:55:19,205 - INFO - Saved best model (Loss: -3.749243) to results\hybrid\checkpoints\best_model_20260201_164725.pth
2026-02-01 16:55:20,282 - INFO - Epoch 430/800 | Loss: -3.705027
2026-02-01 16:55:21,342 - INFO - Saved best model (Loss: -3.775494) to results\hybrid\checkpoints\best_model_20260201_164725.pth
2026-02-01 16:55:24,431 - INFO - Saved best model (Loss: -3.778737) to results\hybrid\checkpoints\best_model_20260201_164725.pth
2026-02-01 16:55:25,492 - INFO - Saved best model (Loss: -3.807302) to results\hybrid\checkpoints\best_model_20260201_164725.pth
2026-02-01 16:55:26,545 - INFO - Saved best model (Loss: -3.818444) to results\hybrid\checkpoints\best_model_20260201_164725.pth
2026-02-01 16:55:29,701 - INFO - Saved best model (Loss: -3.877389) to results\hybrid\checkpoints\best_model_20260201_164725.pth
2026-02-01 16:55:30,735 - INFO - Epoch 440/800 | Loss: -3.796864
2026-02-01 16:55:33,814 - INFO - Saved best model (Loss: -3.915141) to results\hybrid\checkpoints\best_model_20260201_164725.pth
2026-02-01 16:55:41,010 - INFO - Epoch 450/800 | Loss: -3.939693
2026-02-01 16:55:41,024 - INFO - Saved best model (Loss: -3.939693) to results\hybrid\checkpoints\best_model_20260201_164725.pth
2026-02-01 16:55:46,137 - INFO - Saved best model (Loss: -4.036028) to results\hybrid\checkpoints\best_model_20260201_164725.pth
2026-02-01 16:55:51,434 - INFO - Epoch 460/800 | Loss: -4.000695
2026-02-01 16:55:52,741 - INFO - Saved best model (Loss: -4.070943) to results\hybrid\checkpoints\best_model_20260201_164725.pth
2026-02-01 16:55:56,245 - INFO - Saved best model (Loss: -4.074388) to results\hybrid\checkpoints\best_model_20260201_164725.pth
2026-02-01 16:55:57,460 - INFO - Saved best model (Loss: -4.099472) to results\hybrid\checkpoints\best_model_20260201_164725.pth
2026-02-01 16:56:00,961 - INFO - Saved best model (Loss: -4.122835) to results\hybrid\checkpoints\best_model_20260201_164725.pth
2026-02-01 16:56:02,119 - INFO - Saved best model (Loss: -4.125593) to results\hybrid\checkpoints\best_model_20260201_164725.pth
2026-02-01 16:56:03,239 - INFO - Epoch 470/800 | Loss: -4.067423
2026-02-01 16:56:04,359 - INFO - Saved best model (Loss: -4.142326) to results\hybrid\checkpoints\best_model_20260201_164725.pth
2026-02-01 16:56:05,474 - INFO - Saved best model (Loss: -4.167810) to results\hybrid\checkpoints\best_model_20260201_164725.pth
2026-02-01 16:56:09,745 - INFO - Saved best model (Loss: -4.169691) to results\hybrid\checkpoints\best_model_20260201_164725.pth
2026-02-01 16:56:12,883 - INFO - Saved best model (Loss: -4.215952) to results\hybrid\checkpoints\best_model_20260201_164725.pth
2026-02-01 16:56:13,914 - INFO - Epoch 480/800 | Loss: -4.206092
2026-02-01 16:56:14,954 - INFO - Saved best model (Loss: -4.269427) to results\hybrid\checkpoints\best_model_20260201_164725.pth
2026-02-01 16:56:24,467 - INFO - Epoch 490/800 | Loss: -4.250045
2026-02-01 16:56:25,691 - INFO - Saved best model (Loss: -4.308768) to results\hybrid\checkpoints\best_model_20260201_164725.pth
2026-02-01 16:56:27,743 - INFO - Saved best model (Loss: -4.347742) to results\hybrid\checkpoints\best_model_20260201_164725.pth
2026-02-01 16:56:29,816 - INFO - Saved best model (Loss: -4.370428) to results\hybrid\checkpoints\best_model_20260201_164725.pth
2026-02-01 16:56:33,891 - INFO - Saved best model (Loss: -4.400491) to results\hybrid\checkpoints\best_model_20260201_164725.pth
2026-02-01 16:56:34,898 - INFO - Epoch 500/800 | Loss: -4.411508
2026-02-01 16:56:34,913 - INFO - Saved best model (Loss: -4.411508) to results\hybrid\checkpoints\best_model_20260201_164725.pth
2026-02-01 16:56:35,959 - INFO - Saved best model (Loss: -4.413945) to results\hybrid\checkpoints\best_model_20260201_164725.pth
2026-02-01 16:56:38,004 - INFO - Saved best model (Loss: -4.414060) to results\hybrid\checkpoints\best_model_20260201_164725.pth
2026-02-01 16:56:39,033 - INFO - Saved best model (Loss: -4.450663) to results\hybrid\checkpoints\best_model_20260201_164725.pth
2026-02-01 16:56:41,054 - INFO - Saved best model (Loss: -4.498479) to results\hybrid\checkpoints\best_model_20260201_164725.pth
2026-02-01 16:56:42,098 - INFO - Saved best model (Loss: -4.504447) to results\hybrid\checkpoints\best_model_20260201_164725.pth
2026-02-01 16:56:43,133 - INFO - Saved best model (Loss: -4.511015) to results\hybrid\checkpoints\best_model_20260201_164725.pth
2026-02-01 16:56:45,166 - INFO - Epoch 510/800 | Loss: -4.522851
2026-02-01 16:56:45,185 - INFO - Saved best model (Loss: -4.522851) to results\hybrid\checkpoints\best_model_20260201_164725.pth
2026-02-01 16:56:46,222 - INFO - Saved best model (Loss: -4.590693) to results\hybrid\checkpoints\best_model_20260201_164725.pth
2026-02-01 16:56:47,258 - INFO - Saved best model (Loss: -4.606524) to results\hybrid\checkpoints\best_model_20260201_164725.pth
2026-02-01 16:56:55,502 - INFO - Epoch 520/800 | Loss: -4.586649
2026-02-01 16:56:56,539 - INFO - Saved best model (Loss: -4.653414) to results\hybrid\checkpoints\best_model_20260201_164725.pth
2026-02-01 16:57:00,618 - INFO - Saved best model (Loss: -4.668671) to results\hybrid\checkpoints\best_model_20260201_164725.pth
2026-02-01 16:57:02,645 - INFO - Saved best model (Loss: -4.683946) to results\hybrid\checkpoints\best_model_20260201_164725.pth
2026-02-01 16:57:03,710 - INFO - Saved best model (Loss: -4.714959) to results\hybrid\checkpoints\best_model_20260201_164725.pth
2026-02-01 16:57:05,737 - INFO - Epoch 530/800 | Loss: -4.666054
2026-02-01 16:57:06,793 - INFO - Saved best model (Loss: -4.726792) to results\hybrid\checkpoints\best_model_20260201_164725.pth
2026-02-01 16:57:10,903 - INFO - Saved best model (Loss: -4.783115) to results\hybrid\checkpoints\best_model_20260201_164725.pth
2026-02-01 16:57:13,958 - INFO - Saved best model (Loss: -4.797904) to results\hybrid\checkpoints\best_model_20260201_164725.pth
2026-02-01 16:57:15,980 - INFO - Epoch 540/800 | Loss: -4.802790
2026-02-01 16:57:15,995 - INFO - Saved best model (Loss: -4.802790) to results\hybrid\checkpoints\best_model_20260201_164725.pth
2026-02-01 16:57:17,023 - INFO - Saved best model (Loss: -4.817998) to results\hybrid\checkpoints\best_model_20260201_164725.pth
2026-02-01 16:57:20,090 - INFO - Saved best model (Loss: -4.819961) to results\hybrid\checkpoints\best_model_20260201_164725.pth
2026-02-01 16:57:23,166 - INFO - Saved best model (Loss: -4.847373) to results\hybrid\checkpoints\best_model_20260201_164725.pth
2026-02-01 16:57:26,254 - INFO - Epoch 550/800 | Loss: -4.785974
2026-02-01 16:57:28,301 - INFO - Saved best model (Loss: -4.853784) to results\hybrid\checkpoints\best_model_20260201_164725.pth
2026-02-01 16:57:29,389 - INFO - Saved best model (Loss: -4.873274) to results\hybrid\checkpoints\best_model_20260201_164725.pth
2026-02-01 16:57:32,452 - INFO - Saved best model (Loss: -4.897933) to results\hybrid\checkpoints\best_model_20260201_164725.pth
2026-02-01 16:57:33,491 - INFO - Saved best model (Loss: -4.936204) to results\hybrid\checkpoints\best_model_20260201_164725.pth
2026-02-01 16:57:35,578 - INFO - Saved best model (Loss: -4.947764) to results\hybrid\checkpoints\best_model_20260201_164725.pth
2026-02-01 16:57:36,591 - INFO - Epoch 560/800 | Loss: -4.961919
2026-02-01 16:57:36,607 - INFO - Saved best model (Loss: -4.961919) to results\hybrid\checkpoints\best_model_20260201_164725.pth
2026-02-01 16:57:44,780 - INFO - Saved best model (Loss: -5.030708) to results\hybrid\checkpoints\best_model_20260201_164725.pth
2026-02-01 16:57:46,856 - INFO - Epoch 570/800 | Loss: -4.933433
2026-02-01 16:57:52,974 - INFO - Saved best model (Loss: -5.036848) to results\hybrid\checkpoints\best_model_20260201_164725.pth
2026-02-01 16:57:57,070 - INFO - Epoch 580/800 | Loss: -4.997953
2026-02-01 16:57:58,116 - INFO - Saved best model (Loss: -5.111881) to results\hybrid\checkpoints\best_model_20260201_164725.pth
2026-02-01 16:58:07,272 - INFO - Epoch 590/800 | Loss: -5.113138
2026-02-01 16:58:07,287 - INFO - Saved best model (Loss: -5.113138) to results\hybrid\checkpoints\best_model_20260201_164725.pth
2026-02-01 16:58:09,376 - INFO - Saved best model (Loss: -5.118390) to results\hybrid\checkpoints\best_model_20260201_164725.pth
2026-02-01 16:58:11,418 - INFO - Saved best model (Loss: -5.168517) to results\hybrid\checkpoints\best_model_20260201_164725.pth
2026-02-01 16:58:17,573 - INFO - Epoch 600/800 | Loss: -5.103487
2026-02-01 16:58:20,660 - INFO - Saved best model (Loss: -5.182421) to results\hybrid\checkpoints\best_model_20260201_164725.pth
2026-02-01 16:58:21,694 - INFO - Saved best model (Loss: -5.198429) to results\hybrid\checkpoints\best_model_20260201_164725.pth
2026-02-01 16:58:22,761 - INFO - Saved best model (Loss: -5.236676) to results\hybrid\checkpoints\best_model_20260201_164725.pth
2026-02-01 16:58:25,873 - INFO - Saved best model (Loss: -5.244937) to results\hybrid\checkpoints\best_model_20260201_164725.pth
2026-02-01 16:58:27,934 - INFO - Epoch 610/800 | Loss: -5.174311
2026-02-01 16:58:38,237 - INFO - Epoch 620/800 | Loss: -5.223793
2026-02-01 16:58:40,277 - INFO - Saved best model (Loss: -5.264965) to results\hybrid\checkpoints\best_model_20260201_164725.pth
2026-02-01 16:58:42,363 - INFO - Saved best model (Loss: -5.318723) to results\hybrid\checkpoints\best_model_20260201_164725.pth
2026-02-01 16:58:47,530 - INFO - Saved best model (Loss: -5.330357) to results\hybrid\checkpoints\best_model_20260201_164725.pth
2026-02-01 16:58:48,546 - INFO - Epoch 630/800 | Loss: -5.237918
2026-02-01 16:58:52,664 - INFO - Saved best model (Loss: -5.338924) to results\hybrid\checkpoints\best_model_20260201_164725.pth
2026-02-01 16:58:56,744 - INFO - Saved best model (Loss: -5.339256) to results\hybrid\checkpoints\best_model_20260201_164725.pth
2026-02-01 16:58:57,834 - INFO - Saved best model (Loss: -5.354006) to results\hybrid\checkpoints\best_model_20260201_164725.pth
2026-02-01 16:58:58,866 - INFO - Epoch 640/800 | Loss: -5.386689
2026-02-01 16:58:58,881 - INFO - Saved best model (Loss: -5.386689) to results\hybrid\checkpoints\best_model_20260201_164725.pth
2026-02-01 16:59:05,096 - INFO - Saved best model (Loss: -5.397339) to results\hybrid\checkpoints\best_model_20260201_164725.pth
2026-02-01 16:59:09,180 - INFO - Epoch 650/800 | Loss: -5.351845
2026-02-01 16:59:10,246 - INFO - Saved best model (Loss: -5.535071) to results\hybrid\checkpoints\best_model_20260201_164725.pth
2026-02-01 16:59:19,476 - INFO - Epoch 660/800 | Loss: -5.440639
2026-02-01 16:59:23,570 - INFO - Saved best model (Loss: -5.574830) to results\hybrid\checkpoints\best_model_20260201_164725.pth
2026-02-01 16:59:27,821 - INFO - Saved best model (Loss: -5.606573) to results\hybrid\checkpoints\best_model_20260201_164725.pth
2026-02-01 16:59:31,194 - INFO - Epoch 670/800 | Loss: -5.567977
2026-02-01 16:59:33,642 - INFO - Saved best model (Loss: -5.619428) to results\hybrid\checkpoints\best_model_20260201_164725.pth
2026-02-01 16:59:38,160 - INFO - Saved best model (Loss: -5.620323) to results\hybrid\checkpoints\best_model_20260201_164725.pth
2026-02-01 16:59:39,314 - INFO - Saved best model (Loss: -5.625785) to results\hybrid\checkpoints\best_model_20260201_164725.pth
2026-02-01 16:59:40,477 - INFO - Saved best model (Loss: -5.671311) to results\hybrid\checkpoints\best_model_20260201_164725.pth
2026-02-01 16:59:41,686 - INFO - Saved best model (Loss: -5.674530) to results\hybrid\checkpoints\best_model_20260201_164725.pth
2026-02-01 16:59:42,818 - INFO - Epoch 680/800 | Loss: -5.610187
2026-02-01 16:59:45,052 - INFO - Saved best model (Loss: -5.758572) to results\hybrid\checkpoints\best_model_20260201_164725.pth
2026-02-01 16:59:54,374 - INFO - Epoch 690/800 | Loss: -5.690474
2026-02-01 16:59:56,615 - INFO - Saved best model (Loss: -5.766934) to results\hybrid\checkpoints\best_model_20260201_164725.pth
2026-02-01 16:59:57,756 - INFO - Saved best model (Loss: -5.820846) to results\hybrid\checkpoints\best_model_20260201_164725.pth
2026-02-01 17:00:05,753 - INFO - Epoch 700/800 | Loss: -5.774236
2026-02-01 17:00:10,551 - INFO - Saved best model (Loss: -5.830553) to results\hybrid\checkpoints\best_model_20260201_164725.pth
2026-02-01 17:00:15,095 - INFO - Saved best model (Loss: -5.852603) to results\hybrid\checkpoints\best_model_20260201_164725.pth
2026-02-01 17:00:17,378 - INFO - Epoch 710/800 | Loss: -5.857379
2026-02-01 17:00:17,395 - INFO - Saved best model (Loss: -5.857379) to results\hybrid\checkpoints\best_model_20260201_164725.pth
2026-02-01 17:00:27,616 - INFO - Saved best model (Loss: -5.915585) to results\hybrid\checkpoints\best_model_20260201_164725.pth
2026-02-01 17:00:28,753 - INFO - Epoch 720/800 | Loss: -5.887855
2026-02-01 17:00:35,736 - INFO - Saved best model (Loss: -6.017468) to results\hybrid\checkpoints\best_model_20260201_164725.pth
2026-02-01 17:00:40,300 - INFO - Epoch 730/800 | Loss: -5.868846
2026-02-01 17:00:51,759 - INFO - Epoch 740/800 | Loss: -6.030813
2026-02-01 17:00:51,777 - INFO - Saved best model (Loss: -6.030813) to results\hybrid\checkpoints\best_model_20260201_164725.pth
2026-02-01 17:00:57,734 - INFO - Saved best model (Loss: -6.038454) to results\hybrid\checkpoints\best_model_20260201_164725.pth
2026-02-01 17:01:02,383 - INFO - Saved best model (Loss: -6.047544) to results\hybrid\checkpoints\best_model_20260201_164725.pth
2026-02-01 17:01:03,532 - INFO - Epoch 750/800 | Loss: -6.004275
2026-02-01 17:01:05,846 - INFO - Saved best model (Loss: -6.075608) to results\hybrid\checkpoints\best_model_20260201_164725.pth
2026-02-01 17:01:10,382 - INFO - Saved best model (Loss: -6.096040) to results\hybrid\checkpoints\best_model_20260201_164725.pth
2026-02-01 17:01:14,967 - INFO - Epoch 760/800 | Loss: -6.070382
2026-02-01 17:01:19,722 - INFO - Saved best model (Loss: -6.146532) to results\hybrid\checkpoints\best_model_20260201_164725.pth
2026-02-01 17:01:25,538 - INFO - Saved best model (Loss: -6.226809) to results\hybrid\checkpoints\best_model_20260201_164725.pth
2026-02-01 17:01:26,679 - INFO - Epoch 770/800 | Loss: -6.155202
2026-02-01 17:01:38,007 - INFO - Epoch 780/800 | Loss: -6.184234
2026-02-01 17:01:42,879 - INFO - Saved best model (Loss: -6.300000) to results\hybrid\checkpoints\best_model_20260201_164725.pth
2026-02-01 17:01:49,704 - INFO - Epoch 790/800 | Loss: -6.206984
2026-02-01 17:01:50,881 - INFO - Saved best model (Loss: -6.360408) to results\hybrid\checkpoints\best_model_20260201_164725.pth
2026-02-01 17:02:00,196 - INFO - Saved final model to results\hybrid\checkpoints\final_model_20260201_164725.pth
2026-02-01 17:02:00,197 - INFO - Training Complete. Best Loss: -6.360408
