2026-02-01 16:29:34,261 - INFO - Starting training for 800 epochs on cuda
2026-02-01 16:29:34,667 - INFO - Epoch 0/800 | Loss: 0.000000
2026-02-01 16:29:34,705 - INFO - Saved best model (Loss: 0.000000) to results\hybrid\checkpoints\best_model_20260201_162934.pth
2026-02-01 16:29:38,320 - INFO - Epoch 10/800 | Loss: 0.000000
2026-02-01 16:29:41,507 - INFO - Epoch 20/800 | Loss: 0.000000
2026-02-01 16:29:44,783 - INFO - Epoch 30/800 | Loss: 0.000000
2026-02-01 16:29:47,978 - INFO - Epoch 40/800 | Loss: 0.000000
2026-02-01 16:29:51,162 - INFO - Epoch 50/800 | Loss: 0.000000
2026-02-01 16:29:54,329 - INFO - Epoch 60/800 | Loss: 0.000000
2026-02-01 16:29:57,462 - INFO - Epoch 70/800 | Loss: 0.000000
2026-02-01 16:30:00,624 - INFO - Epoch 80/800 | Loss: 0.000000
2026-02-01 16:30:03,778 - INFO - Epoch 90/800 | Loss: 0.000000
2026-02-01 16:30:06,947 - INFO - Epoch 100/800 | Loss: 0.000000
2026-02-01 16:30:10,204 - INFO - Epoch 110/800 | Loss: 0.000000
2026-02-01 16:30:13,304 - INFO - Epoch 120/800 | Loss: 0.000000
2026-02-01 16:30:16,606 - INFO - Epoch 130/800 | Loss: 0.000000
2026-02-01 16:30:20,190 - INFO - Epoch 140/800 | Loss: 0.000000
2026-02-01 16:30:23,498 - INFO - Epoch 150/800 | Loss: 0.000000
2026-02-01 16:30:26,661 - INFO - Epoch 160/800 | Loss: 0.000000
2026-02-01 16:30:29,928 - INFO - Epoch 170/800 | Loss: 0.000000
2026-02-01 16:30:33,290 - INFO - Epoch 180/800 | Loss: 0.000000
2026-02-01 16:30:36,954 - INFO - Epoch 190/800 | Loss: 0.000000
2026-02-01 16:30:41,061 - INFO - Epoch 200/800 | Loss: 0.000000
2026-02-01 16:30:45,060 - INFO - Epoch 210/800 | Loss: 0.000000
2026-02-01 16:30:48,542 - INFO - Epoch 220/800 | Loss: 0.000000
2026-02-01 16:30:51,804 - INFO - Epoch 230/800 | Loss: 0.000000
2026-02-01 16:30:54,982 - INFO - Epoch 240/800 | Loss: 0.000000
2026-02-01 16:30:59,004 - INFO - Epoch 250/800 | Loss: 0.000000
2026-02-01 16:31:02,514 - INFO - Epoch 260/800 | Loss: 0.000000
2026-02-01 16:31:05,875 - INFO - Epoch 270/800 | Loss: 0.000000
2026-02-01 16:31:08,957 - INFO - Epoch 280/800 | Loss: 0.000000
2026-02-01 16:31:12,208 - INFO - Epoch 290/800 | Loss: 0.000000
2026-02-01 16:31:15,354 - INFO - Epoch 300/800 | Loss: 0.000000
2026-02-01 16:31:18,399 - INFO - Epoch 310/800 | Loss: 0.000000
2026-02-01 16:31:21,376 - INFO - Epoch 320/800 | Loss: 0.000000
2026-02-01 16:31:24,244 - INFO - Epoch 330/800 | Loss: 0.000000
2026-02-01 16:31:27,200 - INFO - Epoch 340/800 | Loss: 0.000000
2026-02-01 16:31:30,138 - INFO - Epoch 350/800 | Loss: 0.000000
2026-02-01 16:31:33,454 - INFO - Epoch 360/800 | Loss: 0.000000
2026-02-01 16:31:36,257 - INFO - Epoch 370/800 | Loss: 0.000000
2026-02-01 16:31:38,945 - INFO - Epoch 380/800 | Loss: 0.000000
2026-02-01 16:31:41,984 - INFO - Epoch 390/800 | Loss: 0.000000
2026-02-01 16:31:44,812 - INFO - Epoch 400/800 | Loss: 0.000000
2026-02-01 16:31:47,801 - INFO - Epoch 410/800 | Loss: 0.000000
2026-02-01 16:31:50,643 - INFO - Epoch 420/800 | Loss: 0.000000
2026-02-01 16:31:53,914 - INFO - Epoch 430/800 | Loss: 0.000000
2026-02-01 16:31:56,833 - INFO - Epoch 440/800 | Loss: 0.000000
2026-02-01 16:32:00,006 - INFO - Epoch 450/800 | Loss: 0.000000
2026-02-01 16:32:03,118 - INFO - Epoch 460/800 | Loss: 0.000000
2026-02-01 16:32:05,987 - INFO - Epoch 470/800 | Loss: 0.000000
2026-02-01 16:32:08,843 - INFO - Epoch 480/800 | Loss: 0.000000
2026-02-01 16:32:11,778 - INFO - Epoch 490/800 | Loss: 0.000000
2026-02-01 16:32:14,910 - INFO - Epoch 500/800 | Loss: 0.000000
2026-02-01 16:32:17,971 - INFO - Epoch 510/800 | Loss: 0.000000
2026-02-01 16:32:20,923 - INFO - Epoch 520/800 | Loss: 0.000000
2026-02-01 16:32:24,109 - INFO - Epoch 530/800 | Loss: 0.000000
2026-02-01 16:32:27,347 - INFO - Epoch 540/800 | Loss: 0.000000
2026-02-01 16:32:30,453 - INFO - Epoch 550/800 | Loss: 0.000000
2026-02-01 16:32:33,494 - INFO - Epoch 560/800 | Loss: 0.000000
2026-02-01 16:32:36,465 - INFO - Epoch 570/800 | Loss: 0.000000
2026-02-01 16:32:39,361 - INFO - Epoch 580/800 | Loss: 0.000000
2026-02-01 16:32:42,311 - INFO - Epoch 590/800 | Loss: 0.000000
2026-02-01 16:32:45,562 - INFO - Epoch 600/800 | Loss: 0.000000
2026-02-01 16:32:48,887 - INFO - Epoch 610/800 | Loss: 0.000000
2026-02-01 16:32:52,324 - INFO - Epoch 620/800 | Loss: 0.000000
2026-02-01 16:32:55,541 - INFO - Epoch 630/800 | Loss: 0.000000
2026-02-01 16:32:58,673 - INFO - Epoch 640/800 | Loss: 0.000000
2026-02-01 16:33:01,530 - INFO - Epoch 650/800 | Loss: 0.000000
2026-02-01 16:33:04,659 - INFO - Epoch 660/800 | Loss: 0.000000
2026-02-01 16:33:07,668 - INFO - Epoch 670/800 | Loss: 0.000000
2026-02-01 16:33:10,600 - INFO - Epoch 680/800 | Loss: 0.000000
2026-02-01 16:33:13,579 - INFO - Epoch 690/800 | Loss: 0.000000
2026-02-01 16:33:16,579 - INFO - Epoch 700/800 | Loss: 0.000000
2026-02-01 16:33:19,566 - INFO - Epoch 710/800 | Loss: 0.000000
2026-02-01 16:33:22,492 - INFO - Epoch 720/800 | Loss: 0.000000
2026-02-01 16:33:25,480 - INFO - Epoch 730/800 | Loss: 0.000000
2026-02-01 16:33:28,471 - INFO - Epoch 740/800 | Loss: 0.000000
2026-02-01 16:33:31,438 - INFO - Epoch 750/800 | Loss: 0.000000
2026-02-01 16:33:34,357 - INFO - Epoch 760/800 | Loss: 0.000000
2026-02-01 16:33:37,328 - INFO - Epoch 770/800 | Loss: 0.000000
2026-02-01 16:33:40,849 - INFO - Epoch 780/800 | Loss: 0.000000
2026-02-01 16:33:44,278 - INFO - Epoch 790/800 | Loss: 0.000000
2026-02-01 16:33:47,268 - INFO - Saved final model to results\hybrid\checkpoints\final_model_20260201_162934.pth
2026-02-01 16:33:47,268 - INFO - Training Complete. Best Loss: 0.000000
