2026-02-02 02:53:46,169 - INFO - Starting training for 800 epochs on cuda
2026-02-02 02:53:52,867 - INFO - Epoch 0/800 | Loss: 0.514523
2026-02-02 02:53:52,900 - INFO - Saved best model (Loss: 0.514523) to results\tgnn\checkpoints\best_model_20260202_025346.pth
2026-02-02 02:53:59,340 - INFO - Saved best model (Loss: 0.340976) to results\tgnn\checkpoints\best_model_20260202_025346.pth
2026-02-02 02:54:05,769 - INFO - Saved best model (Loss: 0.312683) to results\tgnn\checkpoints\best_model_20260202_025346.pth
2026-02-02 02:54:12,202 - INFO - Saved best model (Loss: 0.304546) to results\tgnn\checkpoints\best_model_20260202_025346.pth
2026-02-02 02:54:18,597 - INFO - Saved best model (Loss: 0.300588) to results\tgnn\checkpoints\best_model_20260202_025346.pth
2026-02-02 02:54:25,254 - INFO - Saved best model (Loss: 0.298024) to results\tgnn\checkpoints\best_model_20260202_025346.pth
2026-02-02 02:54:31,999 - INFO - Saved best model (Loss: 0.296189) to results\tgnn\checkpoints\best_model_20260202_025346.pth
2026-02-02 02:54:38,763 - INFO - Saved best model (Loss: 0.295148) to results\tgnn\checkpoints\best_model_20260202_025346.pth
2026-02-02 02:54:45,299 - INFO - Saved best model (Loss: 0.294025) to results\tgnn\checkpoints\best_model_20260202_025346.pth
2026-02-02 02:54:51,689 - INFO - Saved best model (Loss: 0.293275) to results\tgnn\checkpoints\best_model_20260202_025346.pth
2026-02-02 02:54:58,291 - INFO - Epoch 10/800 | Loss: 0.292921
2026-02-02 02:54:58,299 - INFO - Saved best model (Loss: 0.292921) to results\tgnn\checkpoints\best_model_20260202_025346.pth
2026-02-02 02:55:04,898 - INFO - Saved best model (Loss: 0.292531) to results\tgnn\checkpoints\best_model_20260202_025346.pth
2026-02-02 02:55:11,532 - INFO - Saved best model (Loss: 0.292115) to results\tgnn\checkpoints\best_model_20260202_025346.pth
2026-02-02 02:55:18,083 - INFO - Saved best model (Loss: 0.291822) to results\tgnn\checkpoints\best_model_20260202_025346.pth
2026-02-02 02:55:24,840 - INFO - Saved best model (Loss: 0.291449) to results\tgnn\checkpoints\best_model_20260202_025346.pth
2026-02-02 02:55:31,627 - INFO - Saved best model (Loss: 0.291209) to results\tgnn\checkpoints\best_model_20260202_025346.pth
2026-02-02 02:55:38,493 - INFO - Saved best model (Loss: 0.290924) to results\tgnn\checkpoints\best_model_20260202_025346.pth
2026-02-02 02:55:45,207 - INFO - Saved best model (Loss: 0.290830) to results\tgnn\checkpoints\best_model_20260202_025346.pth
2026-02-02 02:55:51,816 - INFO - Saved best model (Loss: 0.290535) to results\tgnn\checkpoints\best_model_20260202_025346.pth
2026-02-02 02:55:58,403 - INFO - Saved best model (Loss: 0.290492) to results\tgnn\checkpoints\best_model_20260202_025346.pth
2026-02-02 02:56:05,030 - INFO - Epoch 20/800 | Loss: 0.290284
2026-02-02 02:56:05,039 - INFO - Saved best model (Loss: 0.290284) to results\tgnn\checkpoints\best_model_20260202_025346.pth
2026-02-02 02:56:11,655 - INFO - Saved best model (Loss: 0.290149) to results\tgnn\checkpoints\best_model_20260202_025346.pth
2026-02-02 02:56:18,237 - INFO - Saved best model (Loss: 0.290021) to results\tgnn\checkpoints\best_model_20260202_025346.pth
2026-02-02 02:56:24,980 - INFO - Saved best model (Loss: 0.289592) to results\tgnn\checkpoints\best_model_20260202_025346.pth
2026-02-02 02:56:31,814 - INFO - Saved best model (Loss: 0.288940) to results\tgnn\checkpoints\best_model_20260202_025346.pth
2026-02-02 02:56:38,613 - INFO - Saved best model (Loss: 0.288349) to results\tgnn\checkpoints\best_model_20260202_025346.pth
2026-02-02 02:56:45,317 - INFO - Saved best model (Loss: 0.287623) to results\tgnn\checkpoints\best_model_20260202_025346.pth
2026-02-02 02:56:51,884 - INFO - Saved best model (Loss: 0.286772) to results\tgnn\checkpoints\best_model_20260202_025346.pth
2026-02-02 02:56:58,412 - INFO - Saved best model (Loss: 0.285865) to results\tgnn\checkpoints\best_model_20260202_025346.pth
2026-02-02 02:57:04,986 - INFO - Saved best model (Loss: 0.285102) to results\tgnn\checkpoints\best_model_20260202_025346.pth
2026-02-02 02:57:11,536 - INFO - Epoch 30/800 | Loss: 0.284263
2026-02-02 02:57:11,543 - INFO - Saved best model (Loss: 0.284263) to results\tgnn\checkpoints\best_model_20260202_025346.pth
2026-02-02 02:57:18,113 - INFO - Saved best model (Loss: 0.282186) to results\tgnn\checkpoints\best_model_20260202_025346.pth
2026-02-02 02:57:24,875 - INFO - Saved best model (Loss: 0.281336) to results\tgnn\checkpoints\best_model_20260202_025346.pth
2026-02-02 02:57:31,641 - INFO - Saved best model (Loss: 0.281309) to results\tgnn\checkpoints\best_model_20260202_025346.pth
2026-02-02 02:57:38,424 - INFO - Saved best model (Loss: 0.279495) to results\tgnn\checkpoints\best_model_20260202_025346.pth
2026-02-02 02:57:45,114 - INFO - Saved best model (Loss: 0.278570) to results\tgnn\checkpoints\best_model_20260202_025346.pth
2026-02-02 02:57:51,776 - INFO - Saved best model (Loss: 0.278161) to results\tgnn\checkpoints\best_model_20260202_025346.pth
2026-02-02 02:57:58,340 - INFO - Saved best model (Loss: 0.277381) to results\tgnn\checkpoints\best_model_20260202_025346.pth
2026-02-02 02:58:04,962 - INFO - Saved best model (Loss: 0.276436) to results\tgnn\checkpoints\best_model_20260202_025346.pth
2026-02-02 02:58:11,586 - INFO - Saved best model (Loss: 0.275854) to results\tgnn\checkpoints\best_model_20260202_025346.pth
2026-02-02 02:58:18,169 - INFO - Epoch 40/800 | Loss: 0.275339
2026-02-02 02:58:18,178 - INFO - Saved best model (Loss: 0.275339) to results\tgnn\checkpoints\best_model_20260202_025346.pth
2026-02-02 02:58:24,933 - INFO - Saved best model (Loss: 0.274588) to results\tgnn\checkpoints\best_model_20260202_025346.pth
2026-02-02 02:58:38,507 - INFO - Saved best model (Loss: 0.274079) to results\tgnn\checkpoints\best_model_20260202_025346.pth
2026-02-02 02:58:45,216 - INFO - Saved best model (Loss: 0.273280) to results\tgnn\checkpoints\best_model_20260202_025346.pth
2026-02-02 02:58:58,397 - INFO - Saved best model (Loss: 0.272909) to results\tgnn\checkpoints\best_model_20260202_025346.pth
2026-02-02 02:59:04,982 - INFO - Saved best model (Loss: 0.272246) to results\tgnn\checkpoints\best_model_20260202_025346.pth
2026-02-02 02:59:11,565 - INFO - Saved best model (Loss: 0.272030) to results\tgnn\checkpoints\best_model_20260202_025346.pth
2026-02-02 02:59:18,168 - INFO - Saved best model (Loss: 0.271638) to results\tgnn\checkpoints\best_model_20260202_025346.pth
2026-02-02 02:59:24,914 - INFO - Epoch 50/800 | Loss: 0.272702
2026-02-02 02:59:31,659 - INFO - Saved best model (Loss: 0.271570) to results\tgnn\checkpoints\best_model_20260202_025346.pth
2026-02-02 02:59:38,522 - INFO - Saved best model (Loss: 0.271181) to results\tgnn\checkpoints\best_model_20260202_025346.pth
2026-02-02 02:59:45,165 - INFO - Saved best model (Loss: 0.270591) to results\tgnn\checkpoints\best_model_20260202_025346.pth
2026-02-02 02:59:51,717 - INFO - Saved best model (Loss: 0.270277) to results\tgnn\checkpoints\best_model_20260202_025346.pth
2026-02-02 02:59:58,316 - INFO - Saved best model (Loss: 0.270022) to results\tgnn\checkpoints\best_model_20260202_025346.pth
2026-02-02 03:00:04,850 - INFO - Saved best model (Loss: 0.269827) to results\tgnn\checkpoints\best_model_20260202_025346.pth
2026-02-02 03:00:17,277 - INFO - Saved best model (Loss: 0.269800) to results\tgnn\checkpoints\best_model_20260202_025346.pth
2026-02-02 03:00:22,556 - INFO - Saved best model (Loss: 0.269791) to results\tgnn\checkpoints\best_model_20260202_025346.pth
2026-02-02 03:00:27,733 - INFO - Epoch 60/800 | Loss: 0.269679
2026-02-02 03:00:27,740 - INFO - Saved best model (Loss: 0.269679) to results\tgnn\checkpoints\best_model_20260202_025346.pth
2026-02-02 03:00:32,945 - INFO - Saved best model (Loss: 0.269403) to results\tgnn\checkpoints\best_model_20260202_025346.pth
2026-02-02 03:00:38,117 - INFO - Saved best model (Loss: 0.269221) to results\tgnn\checkpoints\best_model_20260202_025346.pth
2026-02-02 03:00:43,304 - INFO - Saved best model (Loss: 0.269056) to results\tgnn\checkpoints\best_model_20260202_025346.pth
2026-02-02 03:00:48,499 - INFO - Saved best model (Loss: 0.268903) to results\tgnn\checkpoints\best_model_20260202_025346.pth
2026-02-02 03:00:58,996 - INFO - Saved best model (Loss: 0.268876) to results\tgnn\checkpoints\best_model_20260202_025346.pth
2026-02-02 03:01:04,222 - INFO - Saved best model (Loss: 0.268587) to results\tgnn\checkpoints\best_model_20260202_025346.pth
2026-02-02 03:01:09,438 - INFO - Saved best model (Loss: 0.268365) to results\tgnn\checkpoints\best_model_20260202_025346.pth
2026-02-02 03:01:14,616 - INFO - Saved best model (Loss: 0.268219) to results\tgnn\checkpoints\best_model_20260202_025346.pth
2026-02-02 03:01:19,836 - INFO - Epoch 70/800 | Loss: 0.268006
2026-02-02 03:01:19,843 - INFO - Saved best model (Loss: 0.268006) to results\tgnn\checkpoints\best_model_20260202_025346.pth
2026-02-02 03:01:25,039 - INFO - Saved best model (Loss: 0.267856) to results\tgnn\checkpoints\best_model_20260202_025346.pth
2026-02-02 03:01:40,633 - INFO - Saved best model (Loss: 0.267523) to results\tgnn\checkpoints\best_model_20260202_025346.pth
2026-02-02 03:01:50,976 - INFO - Saved best model (Loss: 0.267226) to results\tgnn\checkpoints\best_model_20260202_025346.pth
2026-02-02 03:02:11,657 - INFO - Epoch 80/800 | Loss: 0.266723
2026-02-02 03:02:11,663 - INFO - Saved best model (Loss: 0.266723) to results\tgnn\checkpoints\best_model_20260202_025346.pth
2026-02-02 03:02:16,805 - INFO - Saved best model (Loss: 0.266687) to results\tgnn\checkpoints\best_model_20260202_025346.pth
2026-02-02 03:02:27,197 - INFO - Saved best model (Loss: 0.266481) to results\tgnn\checkpoints\best_model_20260202_025346.pth
2026-02-02 03:02:42,763 - INFO - Saved best model (Loss: 0.266251) to results\tgnn\checkpoints\best_model_20260202_025346.pth
2026-02-02 03:03:03,331 - INFO - Epoch 90/800 | Loss: 0.265731
2026-02-02 03:03:03,339 - INFO - Saved best model (Loss: 0.265731) to results\tgnn\checkpoints\best_model_20260202_025346.pth
2026-02-02 03:03:13,752 - INFO - Saved best model (Loss: 0.265400) to results\tgnn\checkpoints\best_model_20260202_025346.pth
2026-02-02 03:03:18,924 - INFO - Saved best model (Loss: 0.265326) to results\tgnn\checkpoints\best_model_20260202_025346.pth
2026-02-02 03:03:29,308 - INFO - Saved best model (Loss: 0.265212) to results\tgnn\checkpoints\best_model_20260202_025346.pth
2026-02-02 03:03:39,676 - INFO - Saved best model (Loss: 0.264657) to results\tgnn\checkpoints\best_model_20260202_025346.pth
2026-02-02 03:03:55,205 - INFO - Epoch 100/800 | Loss: 0.264284
2026-02-02 03:03:55,213 - INFO - Saved best model (Loss: 0.264284) to results\tgnn\checkpoints\best_model_20260202_025346.pth
2026-02-02 03:04:00,373 - INFO - Saved best model (Loss: 0.264106) to results\tgnn\checkpoints\best_model_20260202_025346.pth
2026-02-02 03:04:05,574 - INFO - Saved best model (Loss: 0.264001) to results\tgnn\checkpoints\best_model_20260202_025346.pth
2026-02-02 03:04:10,746 - INFO - Saved best model (Loss: 0.263891) to results\tgnn\checkpoints\best_model_20260202_025346.pth
2026-02-02 03:04:26,334 - INFO - Saved best model (Loss: 0.263564) to results\tgnn\checkpoints\best_model_20260202_025346.pth
2026-02-02 03:04:31,553 - INFO - Saved best model (Loss: 0.263366) to results\tgnn\checkpoints\best_model_20260202_025346.pth
2026-02-02 03:04:47,051 - INFO - Epoch 110/800 | Loss: 0.263477
2026-02-02 03:04:52,235 - INFO - Saved best model (Loss: 0.262689) to results\tgnn\checkpoints\best_model_20260202_025346.pth
2026-02-02 03:04:57,438 - INFO - Saved best model (Loss: 0.262616) to results\tgnn\checkpoints\best_model_20260202_025346.pth
2026-02-02 03:05:18,200 - INFO - Saved best model (Loss: 0.262449) to results\tgnn\checkpoints\best_model_20260202_025346.pth
2026-02-02 03:05:23,403 - INFO - Saved best model (Loss: 0.262122) to results\tgnn\checkpoints\best_model_20260202_025346.pth
2026-02-02 03:05:28,579 - INFO - Saved best model (Loss: 0.261743) to results\tgnn\checkpoints\best_model_20260202_025346.pth
2026-02-02 03:05:33,733 - INFO - Saved best model (Loss: 0.261520) to results\tgnn\checkpoints\best_model_20260202_025346.pth
2026-02-02 03:05:38,970 - INFO - Epoch 120/800 | Loss: 0.261569
2026-02-02 03:05:49,319 - INFO - Saved best model (Loss: 0.261450) to results\tgnn\checkpoints\best_model_20260202_025346.pth
2026-02-02 03:05:59,673 - INFO - Saved best model (Loss: 0.261403) to results\tgnn\checkpoints\best_model_20260202_025346.pth
2026-02-02 03:06:04,900 - INFO - Saved best model (Loss: 0.260867) to results\tgnn\checkpoints\best_model_20260202_025346.pth
2026-02-02 03:06:10,084 - INFO - Saved best model (Loss: 0.260830) to results\tgnn\checkpoints\best_model_20260202_025346.pth
2026-02-02 03:06:15,250 - INFO - Saved best model (Loss: 0.260201) to results\tgnn\checkpoints\best_model_20260202_025346.pth
2026-02-02 03:06:20,481 - INFO - Saved best model (Loss: 0.260108) to results\tgnn\checkpoints\best_model_20260202_025346.pth
2026-02-02 03:06:30,781 - INFO - Epoch 130/800 | Loss: 0.259999
2026-02-02 03:06:30,789 - INFO - Saved best model (Loss: 0.259999) to results\tgnn\checkpoints\best_model_20260202_025346.pth
2026-02-02 03:06:35,985 - INFO - Saved best model (Loss: 0.259694) to results\tgnn\checkpoints\best_model_20260202_025346.pth
2026-02-02 03:06:41,121 - INFO - Saved best model (Loss: 0.259054) to results\tgnn\checkpoints\best_model_20260202_025346.pth
2026-02-02 03:06:56,604 - INFO - Saved best model (Loss: 0.258919) to results\tgnn\checkpoints\best_model_20260202_025346.pth
2026-02-02 03:07:01,772 - INFO - Saved best model (Loss: 0.258852) to results\tgnn\checkpoints\best_model_20260202_025346.pth
2026-02-02 03:07:17,335 - INFO - Saved best model (Loss: 0.258714) to results\tgnn\checkpoints\best_model_20260202_025346.pth
2026-02-02 03:07:22,509 - INFO - Epoch 140/800 | Loss: 0.258535
2026-02-02 03:07:22,517 - INFO - Saved best model (Loss: 0.258535) to results\tgnn\checkpoints\best_model_20260202_025346.pth
2026-02-02 03:07:27,675 - INFO - Saved best model (Loss: 0.258388) to results\tgnn\checkpoints\best_model_20260202_025346.pth
2026-02-02 03:07:32,872 - INFO - Saved best model (Loss: 0.258007) to results\tgnn\checkpoints\best_model_20260202_025346.pth
2026-02-02 03:07:48,423 - INFO - Saved best model (Loss: 0.257725) to results\tgnn\checkpoints\best_model_20260202_025346.pth
2026-02-02 03:07:58,792 - INFO - Saved best model (Loss: 0.257653) to results\tgnn\checkpoints\best_model_20260202_025346.pth
2026-02-02 03:08:09,164 - INFO - Saved best model (Loss: 0.257422) to results\tgnn\checkpoints\best_model_20260202_025346.pth
2026-02-02 03:08:14,339 - INFO - Epoch 150/800 | Loss: 0.256985
2026-02-02 03:08:14,347 - INFO - Saved best model (Loss: 0.256985) to results\tgnn\checkpoints\best_model_20260202_025346.pth
2026-02-02 03:08:19,576 - INFO - Saved best model (Loss: 0.256576) to results\tgnn\checkpoints\best_model_20260202_025346.pth
2026-02-02 03:08:29,858 - INFO - Saved best model (Loss: 0.256520) to results\tgnn\checkpoints\best_model_20260202_025346.pth
2026-02-02 03:09:06,170 - INFO - Epoch 160/800 | Loss: 0.256890
2026-02-02 03:09:11,355 - INFO - Saved best model (Loss: 0.255982) to results\tgnn\checkpoints\best_model_20260202_025346.pth
2026-02-02 03:09:16,564 - INFO - Saved best model (Loss: 0.255677) to results\tgnn\checkpoints\best_model_20260202_025346.pth
2026-02-02 03:09:47,759 - INFO - Saved best model (Loss: 0.255515) to results\tgnn\checkpoints\best_model_20260202_025346.pth
2026-02-02 03:09:52,976 - INFO - Saved best model (Loss: 0.255202) to results\tgnn\checkpoints\best_model_20260202_025346.pth
2026-02-02 03:09:58,158 - INFO - Epoch 170/800 | Loss: 0.255302
2026-02-02 03:10:08,633 - INFO - Saved best model (Loss: 0.254802) to results\tgnn\checkpoints\best_model_20260202_025346.pth
2026-02-02 03:10:19,009 - INFO - Saved best model (Loss: 0.254771) to results\tgnn\checkpoints\best_model_20260202_025346.pth
2026-02-02 03:10:50,089 - INFO - Epoch 180/800 | Loss: 0.255007
2026-02-02 03:10:55,261 - INFO - Saved best model (Loss: 0.254610) to results\tgnn\checkpoints\best_model_20260202_025346.pth
2026-02-02 03:11:05,710 - INFO - Saved best model (Loss: 0.254281) to results\tgnn\checkpoints\best_model_20260202_025346.pth
2026-02-02 03:11:10,909 - INFO - Saved best model (Loss: 0.254064) to results\tgnn\checkpoints\best_model_20260202_025346.pth
2026-02-02 03:11:26,388 - INFO - Saved best model (Loss: 0.253606) to results\tgnn\checkpoints\best_model_20260202_025346.pth
2026-02-02 03:11:41,939 - INFO - Epoch 190/800 | Loss: 0.253938
2026-02-02 03:11:47,095 - INFO - Saved best model (Loss: 0.253396) to results\tgnn\checkpoints\best_model_20260202_025346.pth
2026-02-02 03:12:02,629 - INFO - Saved best model (Loss: 0.253341) to results\tgnn\checkpoints\best_model_20260202_025346.pth
2026-02-02 03:12:12,997 - INFO - Saved best model (Loss: 0.253236) to results\tgnn\checkpoints\best_model_20260202_025346.pth
2026-02-02 03:12:18,195 - INFO - Saved best model (Loss: 0.253096) to results\tgnn\checkpoints\best_model_20260202_025346.pth
2026-02-02 03:12:23,363 - INFO - Saved best model (Loss: 0.252946) to results\tgnn\checkpoints\best_model_20260202_025346.pth
2026-02-02 03:12:33,807 - INFO - Epoch 200/800 | Loss: 0.253124
2026-02-02 03:12:38,982 - INFO - Saved best model (Loss: 0.252871) to results\tgnn\checkpoints\best_model_20260202_025346.pth
2026-02-02 03:12:44,176 - INFO - Saved best model (Loss: 0.252655) to results\tgnn\checkpoints\best_model_20260202_025346.pth
2026-02-02 03:12:49,451 - INFO - Saved best model (Loss: 0.252481) to results\tgnn\checkpoints\best_model_20260202_025346.pth
2026-02-02 03:12:59,841 - INFO - Saved best model (Loss: 0.252470) to results\tgnn\checkpoints\best_model_20260202_025346.pth
2026-02-02 03:13:05,063 - INFO - Saved best model (Loss: 0.252232) to results\tgnn\checkpoints\best_model_20260202_025346.pth
2026-02-02 03:13:10,279 - INFO - Saved best model (Loss: 0.252183) to results\tgnn\checkpoints\best_model_20260202_025346.pth
2026-02-02 03:13:20,619 - INFO - Saved best model (Loss: 0.252175) to results\tgnn\checkpoints\best_model_20260202_025346.pth
2026-02-02 03:13:25,807 - INFO - Epoch 210/800 | Loss: 0.252591
2026-02-02 03:13:51,708 - INFO - Saved best model (Loss: 0.251967) to results\tgnn\checkpoints\best_model_20260202_025346.pth
2026-02-02 03:14:02,111 - INFO - Saved best model (Loss: 0.251808) to results\tgnn\checkpoints\best_model_20260202_025346.pth
2026-02-02 03:14:07,306 - INFO - Saved best model (Loss: 0.251577) to results\tgnn\checkpoints\best_model_20260202_025346.pth
2026-02-02 03:14:12,528 - INFO - Saved best model (Loss: 0.251538) to results\tgnn\checkpoints\best_model_20260202_025346.pth
2026-02-02 03:14:17,722 - INFO - Epoch 220/800 | Loss: 0.251412
2026-02-02 03:14:17,730 - INFO - Saved best model (Loss: 0.251412) to results\tgnn\checkpoints\best_model_20260202_025346.pth
2026-02-02 03:14:43,692 - INFO - Saved best model (Loss: 0.251208) to results\tgnn\checkpoints\best_model_20260202_025346.pth
2026-02-02 03:14:59,263 - INFO - Saved best model (Loss: 0.251039) to results\tgnn\checkpoints\best_model_20260202_025346.pth
2026-02-02 03:15:09,652 - INFO - Epoch 230/800 | Loss: 0.251296
2026-02-02 03:15:25,223 - INFO - Saved best model (Loss: 0.250947) to results\tgnn\checkpoints\best_model_20260202_025346.pth
2026-02-02 03:15:30,446 - INFO - Saved best model (Loss: 0.250901) to results\tgnn\checkpoints\best_model_20260202_025346.pth
2026-02-02 03:15:46,000 - INFO - Saved best model (Loss: 0.250780) to results\tgnn\checkpoints\best_model_20260202_025346.pth
2026-02-02 03:15:56,371 - INFO - Saved best model (Loss: 0.250698) to results\tgnn\checkpoints\best_model_20260202_025346.pth
2026-02-02 03:16:01,536 - INFO - Epoch 240/800 | Loss: 0.250716
2026-02-02 03:16:06,708 - INFO - Saved best model (Loss: 0.250436) to results\tgnn\checkpoints\best_model_20260202_025346.pth
2026-02-02 03:16:42,852 - INFO - Saved best model (Loss: 0.250057) to results\tgnn\checkpoints\best_model_20260202_025346.pth
2026-02-02 03:16:53,279 - INFO - Epoch 250/800 | Loss: 0.250095
2026-02-02 03:17:03,627 - INFO - Saved best model (Loss: 0.249700) to results\tgnn\checkpoints\best_model_20260202_025346.pth
2026-02-02 03:17:45,013 - INFO - Epoch 260/800 | Loss: 0.249938
2026-02-02 03:18:00,559 - INFO - Saved best model (Loss: 0.249687) to results\tgnn\checkpoints\best_model_20260202_025346.pth
2026-02-02 03:18:05,755 - INFO - Saved best model (Loss: 0.249685) to results\tgnn\checkpoints\best_model_20260202_025346.pth
2026-02-02 03:18:16,154 - INFO - Saved best model (Loss: 0.249478) to results\tgnn\checkpoints\best_model_20260202_025346.pth
2026-02-02 03:18:21,345 - INFO - Saved best model (Loss: 0.249128) to results\tgnn\checkpoints\best_model_20260202_025346.pth
2026-02-02 03:18:26,525 - INFO - Saved best model (Loss: 0.248984) to results\tgnn\checkpoints\best_model_20260202_025346.pth
2026-02-02 03:18:36,870 - INFO - Epoch 270/800 | Loss: 0.249019
2026-02-02 03:18:52,407 - INFO - Saved best model (Loss: 0.248796) to results\tgnn\checkpoints\best_model_20260202_025346.pth
2026-02-02 03:19:02,840 - INFO - Saved best model (Loss: 0.248743) to results\tgnn\checkpoints\best_model_20260202_025346.pth
2026-02-02 03:19:28,820 - INFO - Epoch 280/800 | Loss: 0.248619
2026-02-02 03:19:28,827 - INFO - Saved best model (Loss: 0.248619) to results\tgnn\checkpoints\best_model_20260202_025346.pth
2026-02-02 03:19:44,386 - INFO - Saved best model (Loss: 0.248374) to results\tgnn\checkpoints\best_model_20260202_025346.pth
2026-02-02 03:20:20,809 - INFO - Epoch 290/800 | Loss: 0.248439
2026-02-02 03:20:26,008 - INFO - Saved best model (Loss: 0.248279) to results\tgnn\checkpoints\best_model_20260202_025346.pth
2026-02-02 03:20:36,423 - INFO - Saved best model (Loss: 0.248278) to results\tgnn\checkpoints\best_model_20260202_025346.pth
2026-02-02 03:21:02,370 - INFO - Saved best model (Loss: 0.248002) to results\tgnn\checkpoints\best_model_20260202_025346.pth
2026-02-02 03:21:12,747 - INFO - Epoch 300/800 | Loss: 0.248184
2026-02-02 03:21:49,051 - INFO - Saved best model (Loss: 0.247783) to results\tgnn\checkpoints\best_model_20260202_025346.pth
2026-02-02 03:21:54,235 - INFO - Saved best model (Loss: 0.247679) to results\tgnn\checkpoints\best_model_20260202_025346.pth
2026-02-02 03:21:59,446 - INFO - Saved best model (Loss: 0.247672) to results\tgnn\checkpoints\best_model_20260202_025346.pth
2026-02-02 03:22:04,634 - INFO - Epoch 310/800 | Loss: 0.247447
2026-02-02 03:22:04,641 - INFO - Saved best model (Loss: 0.247447) to results\tgnn\checkpoints\best_model_20260202_025346.pth
2026-02-02 03:22:15,004 - INFO - Saved best model (Loss: 0.247341) to results\tgnn\checkpoints\best_model_20260202_025346.pth
2026-02-02 03:22:20,183 - INFO - Saved best model (Loss: 0.246890) to results\tgnn\checkpoints\best_model_20260202_025346.pth
2026-02-02 03:22:56,394 - INFO - Epoch 320/800 | Loss: 0.247526
2026-02-02 03:23:43,088 - INFO - Saved best model (Loss: 0.246630) to results\tgnn\checkpoints\best_model_20260202_025346.pth
2026-02-02 03:23:48,228 - INFO - Epoch 330/800 | Loss: 0.246907
2026-02-02 03:24:09,021 - INFO - Saved best model (Loss: 0.246605) to results\tgnn\checkpoints\best_model_20260202_025346.pth
2026-02-02 03:24:14,206 - INFO - Saved best model (Loss: 0.246327) to results\tgnn\checkpoints\best_model_20260202_025346.pth
2026-02-02 03:24:40,096 - INFO - Epoch 340/800 | Loss: 0.246844
2026-02-02 03:25:06,010 - INFO - Saved best model (Loss: 0.246071) to results\tgnn\checkpoints\best_model_20260202_025346.pth
2026-02-02 03:25:31,872 - INFO - Epoch 350/800 | Loss: 0.246203
2026-02-02 03:25:47,431 - INFO - Saved best model (Loss: 0.245895) to results\tgnn\checkpoints\best_model_20260202_025346.pth
2026-02-02 03:25:52,577 - INFO - Saved best model (Loss: 0.245760) to results\tgnn\checkpoints\best_model_20260202_025346.pth
2026-02-02 03:26:23,722 - INFO - Epoch 360/800 | Loss: 0.245837
2026-02-02 03:26:44,412 - INFO - Saved best model (Loss: 0.245667) to results\tgnn\checkpoints\best_model_20260202_025346.pth
2026-02-02 03:26:54,764 - INFO - Saved best model (Loss: 0.245493) to results\tgnn\checkpoints\best_model_20260202_025346.pth
2026-02-02 03:27:15,471 - INFO - Epoch 370/800 | Loss: 0.245428
2026-02-02 03:27:15,478 - INFO - Saved best model (Loss: 0.245428) to results\tgnn\checkpoints\best_model_20260202_025346.pth
2026-02-02 03:27:20,662 - INFO - Saved best model (Loss: 0.245232) to results\tgnn\checkpoints\best_model_20260202_025346.pth
2026-02-02 03:27:36,222 - INFO - Saved best model (Loss: 0.245068) to results\tgnn\checkpoints\best_model_20260202_025346.pth
2026-02-02 03:27:46,579 - INFO - Saved best model (Loss: 0.245027) to results\tgnn\checkpoints\best_model_20260202_025346.pth
2026-02-02 03:28:07,256 - INFO - Epoch 380/800 | Loss: 0.245425
2026-02-02 03:28:22,828 - INFO - Saved best model (Loss: 0.245014) to results\tgnn\checkpoints\best_model_20260202_025346.pth
2026-02-02 03:28:33,178 - INFO - Saved best model (Loss: 0.244984) to results\tgnn\checkpoints\best_model_20260202_025346.pth
2026-02-02 03:28:48,737 - INFO - Saved best model (Loss: 0.244899) to results\tgnn\checkpoints\best_model_20260202_025346.pth
2026-02-02 03:28:59,193 - INFO - Epoch 390/800 | Loss: 0.245121
2026-02-02 03:29:09,573 - INFO - Saved best model (Loss: 0.244586) to results\tgnn\checkpoints\best_model_20260202_025346.pth
2026-02-02 03:29:45,895 - INFO - Saved best model (Loss: 0.244536) to results\tgnn\checkpoints\best_model_20260202_025346.pth
2026-02-02 03:29:51,084 - INFO - Epoch 400/800 | Loss: 0.244639
2026-02-02 03:30:01,403 - INFO - Saved best model (Loss: 0.244151) to results\tgnn\checkpoints\best_model_20260202_025346.pth
2026-02-02 03:30:42,791 - INFO - Epoch 410/800 | Loss: 0.244533
2026-02-02 03:31:08,692 - INFO - Saved best model (Loss: 0.243965) to results\tgnn\checkpoints\best_model_20260202_025346.pth
2026-02-02 03:31:34,684 - INFO - Epoch 420/800 | Loss: 0.244124
2026-02-02 03:31:45,092 - INFO - Saved best model (Loss: 0.243820) to results\tgnn\checkpoints\best_model_20260202_025346.pth
2026-02-02 03:32:05,862 - INFO - Saved best model (Loss: 0.243705) to results\tgnn\checkpoints\best_model_20260202_025346.pth
2026-02-02 03:32:26,665 - INFO - Epoch 430/800 | Loss: 0.243708
2026-02-02 03:32:37,040 - INFO - Saved best model (Loss: 0.243547) to results\tgnn\checkpoints\best_model_20260202_025346.pth
2026-02-02 03:33:03,015 - INFO - Saved best model (Loss: 0.243371) to results\tgnn\checkpoints\best_model_20260202_025346.pth
2026-02-02 03:33:18,451 - INFO - Epoch 440/800 | Loss: 0.243776
2026-02-02 03:33:44,405 - INFO - Saved best model (Loss: 0.243170) to results\tgnn\checkpoints\best_model_20260202_025346.pth
2026-02-02 03:34:10,338 - INFO - Epoch 450/800 | Loss: 0.243360
2026-02-02 03:34:20,766 - INFO - Saved best model (Loss: 0.243134) to results\tgnn\checkpoints\best_model_20260202_025346.pth
2026-02-02 03:34:51,911 - INFO - Saved best model (Loss: 0.243031) to results\tgnn\checkpoints\best_model_20260202_025346.pth
2026-02-02 03:35:02,339 - INFO - Epoch 460/800 | Loss: 0.243720
2026-02-02 03:35:33,375 - INFO - Saved best model (Loss: 0.242698) to results\tgnn\checkpoints\best_model_20260202_025346.pth
2026-02-02 03:35:54,054 - INFO - Epoch 470/800 | Loss: 0.242791
2026-02-02 03:36:04,344 - INFO - Saved best model (Loss: 0.242283) to results\tgnn\checkpoints\best_model_20260202_025346.pth
2026-02-02 03:36:14,744 - INFO - Saved best model (Loss: 0.242231) to results\tgnn\checkpoints\best_model_20260202_025346.pth
2026-02-02 03:36:46,124 - INFO - Epoch 480/800 | Loss: 0.242545
2026-02-02 03:37:12,067 - INFO - Saved best model (Loss: 0.241963) to results\tgnn\checkpoints\best_model_20260202_025346.pth
2026-02-02 03:37:38,092 - INFO - Epoch 490/800 | Loss: 0.242300
2026-02-02 03:37:43,327 - INFO - Saved best model (Loss: 0.241834) to results\tgnn\checkpoints\best_model_20260202_025346.pth
2026-02-02 03:38:14,500 - INFO - Saved best model (Loss: 0.241766) to results\tgnn\checkpoints\best_model_20260202_025346.pth
2026-02-02 03:38:24,874 - INFO - Saved best model (Loss: 0.241643) to results\tgnn\checkpoints\best_model_20260202_025346.pth
2026-02-02 03:38:30,108 - INFO - Epoch 500/800 | Loss: 0.241620
2026-02-02 03:38:30,117 - INFO - Saved best model (Loss: 0.241620) to results\tgnn\checkpoints\best_model_20260202_025346.pth
2026-02-02 03:39:21,991 - INFO - Epoch 510/800 | Loss: 0.241472
2026-02-02 03:39:21,999 - INFO - Saved best model (Loss: 0.241472) to results\tgnn\checkpoints\best_model_20260202_025346.pth
2026-02-02 03:39:58,257 - INFO - Saved best model (Loss: 0.241469) to results\tgnn\checkpoints\best_model_20260202_025346.pth
2026-02-02 03:40:03,468 - INFO - Saved best model (Loss: 0.241141) to results\tgnn\checkpoints\best_model_20260202_025346.pth
2026-02-02 03:40:13,812 - INFO - Epoch 520/800 | Loss: 0.241264
2026-02-02 03:40:34,459 - INFO - Saved best model (Loss: 0.241136) to results\tgnn\checkpoints\best_model_20260202_025346.pth
2026-02-02 03:41:05,683 - INFO - Epoch 530/800 | Loss: 0.241242
2026-02-02 03:41:16,071 - INFO - Saved best model (Loss: 0.240986) to results\tgnn\checkpoints\best_model_20260202_025346.pth
2026-02-02 03:41:21,298 - INFO - Saved best model (Loss: 0.240865) to results\tgnn\checkpoints\best_model_20260202_025346.pth
2026-02-02 03:41:47,265 - INFO - Saved best model (Loss: 0.240562) to results\tgnn\checkpoints\best_model_20260202_025346.pth
2026-02-02 03:41:57,671 - INFO - Epoch 540/800 | Loss: 0.240808
2026-02-02 03:42:49,411 - INFO - Epoch 550/800 | Loss: 0.241383
2026-02-02 03:43:05,009 - INFO - Saved best model (Loss: 0.240408) to results\tgnn\checkpoints\best_model_20260202_025346.pth
2026-02-02 03:43:41,337 - INFO - Epoch 560/800 | Loss: 0.240623
2026-02-02 03:43:46,573 - INFO - Saved best model (Loss: 0.240121) to results\tgnn\checkpoints\best_model_20260202_025346.pth
2026-02-02 03:44:33,289 - INFO - Epoch 570/800 | Loss: 0.240590
2026-02-02 03:44:48,851 - INFO - Saved best model (Loss: 0.239987) to results\tgnn\checkpoints\best_model_20260202_025346.pth
2026-02-02 03:45:14,815 - INFO - Saved best model (Loss: 0.239856) to results\tgnn\checkpoints\best_model_20260202_025346.pth
2026-02-02 03:45:25,225 - INFO - Epoch 580/800 | Loss: 0.240636
2026-02-02 03:46:07,057 - INFO - Saved best model (Loss: 0.239775) to results\tgnn\checkpoints\best_model_20260202_025346.pth
2026-02-02 03:46:17,423 - INFO - Epoch 590/800 | Loss: 0.239842
2026-02-02 03:46:22,587 - INFO - Saved best model (Loss: 0.239567) to results\tgnn\checkpoints\best_model_20260202_025346.pth
2026-02-02 03:46:32,927 - INFO - Saved best model (Loss: 0.239434) to results\tgnn\checkpoints\best_model_20260202_025346.pth
2026-02-02 03:47:03,952 - INFO - Saved best model (Loss: 0.239267) to results\tgnn\checkpoints\best_model_20260202_025346.pth
2026-02-02 03:47:09,131 - INFO - Epoch 600/800 | Loss: 0.239375
2026-02-02 03:47:45,442 - INFO - Saved best model (Loss: 0.239204) to results\tgnn\checkpoints\best_model_20260202_025346.pth
2026-02-02 03:48:01,003 - INFO - Epoch 610/800 | Loss: 0.239669
2026-02-02 03:48:52,828 - INFO - Epoch 620/800 | Loss: 0.238828
2026-02-02 03:48:52,836 - INFO - Saved best model (Loss: 0.238828) to results\tgnn\checkpoints\best_model_20260202_025346.pth
2026-02-02 03:49:44,449 - INFO - Epoch 630/800 | Loss: 0.239520
2026-02-02 03:50:31,221 - INFO - Saved best model (Loss: 0.238770) to results\tgnn\checkpoints\best_model_20260202_025346.pth
2026-02-02 03:50:36,437 - INFO - Epoch 640/800 | Loss: 0.239378
2026-02-02 03:50:57,249 - INFO - Saved best model (Loss: 0.238722) to results\tgnn\checkpoints\best_model_20260202_025346.pth
2026-02-02 03:51:23,277 - INFO - Saved best model (Loss: 0.238692) to results\tgnn\checkpoints\best_model_20260202_025346.pth
2026-02-02 03:51:28,567 - INFO - Epoch 650/800 | Loss: 0.238799
2026-02-02 03:51:33,718 - INFO - Saved best model (Loss: 0.238631) to results\tgnn\checkpoints\best_model_20260202_025346.pth
2026-02-02 03:52:04,935 - INFO - Saved best model (Loss: 0.238601) to results\tgnn\checkpoints\best_model_20260202_025346.pth
2026-02-02 03:52:10,133 - INFO - Saved best model (Loss: 0.238376) to results\tgnn\checkpoints\best_model_20260202_025346.pth
2026-02-02 03:52:15,345 - INFO - Saved best model (Loss: 0.238356) to results\tgnn\checkpoints\best_model_20260202_025346.pth
2026-02-02 03:52:20,533 - INFO - Epoch 660/800 | Loss: 0.238790
2026-02-02 03:53:12,491 - INFO - Epoch 670/800 | Loss: 0.238340
2026-02-02 03:53:12,498 - INFO - Saved best model (Loss: 0.238340) to results\tgnn\checkpoints\best_model_20260202_025346.pth
2026-02-02 03:53:17,700 - INFO - Saved best model (Loss: 0.238131) to results\tgnn\checkpoints\best_model_20260202_025346.pth
2026-02-02 03:53:38,473 - INFO - Saved best model (Loss: 0.238006) to results\tgnn\checkpoints\best_model_20260202_025346.pth
2026-02-02 03:53:48,860 - INFO - Saved best model (Loss: 0.237941) to results\tgnn\checkpoints\best_model_20260202_025346.pth
2026-02-02 03:54:04,432 - INFO - Epoch 680/800 | Loss: 0.238269
2026-02-02 03:54:56,366 - INFO - Epoch 690/800 | Loss: 0.239530
2026-02-02 03:55:01,597 - INFO - Saved best model (Loss: 0.237925) to results\tgnn\checkpoints\best_model_20260202_025346.pth
2026-02-02 03:55:32,838 - INFO - Saved best model (Loss: 0.237847) to results\tgnn\checkpoints\best_model_20260202_025346.pth
2026-02-02 03:55:48,429 - INFO - Epoch 700/800 | Loss: 0.237772
2026-02-02 03:55:48,438 - INFO - Saved best model (Loss: 0.237772) to results\tgnn\checkpoints\best_model_20260202_025346.pth
2026-02-02 03:55:58,871 - INFO - Saved best model (Loss: 0.237703) to results\tgnn\checkpoints\best_model_20260202_025346.pth
2026-02-02 03:56:40,376 - INFO - Epoch 710/800 | Loss: 0.237495
2026-02-02 03:56:40,382 - INFO - Saved best model (Loss: 0.237495) to results\tgnn\checkpoints\best_model_20260202_025346.pth
2026-02-02 03:57:27,147 - INFO - Saved best model (Loss: 0.237391) to results\tgnn\checkpoints\best_model_20260202_025346.pth
2026-02-02 03:57:32,318 - INFO - Epoch 720/800 | Loss: 0.237419
2026-02-02 03:57:58,348 - INFO - Saved best model (Loss: 0.237231) to results\tgnn\checkpoints\best_model_20260202_025346.pth
2026-02-02 03:58:24,315 - INFO - Epoch 730/800 | Loss: 0.237465
2026-02-02 03:58:34,669 - INFO - Saved best model (Loss: 0.236980) to results\tgnn\checkpoints\best_model_20260202_025346.pth
2026-02-02 03:59:05,696 - INFO - Saved best model (Loss: 0.236953) to results\tgnn\checkpoints\best_model_20260202_025346.pth
2026-02-02 03:59:16,111 - INFO - Epoch 740/800 | Loss: 0.237315
2026-02-02 03:59:42,049 - INFO - Saved best model (Loss: 0.236676) to results\tgnn\checkpoints\best_model_20260202_025346.pth
2026-02-02 04:00:08,043 - INFO - Epoch 750/800 | Loss: 0.238174
2026-02-02 04:01:00,092 - INFO - Epoch 760/800 | Loss: 0.236826
2026-02-02 04:01:05,243 - INFO - Saved best model (Loss: 0.236597) to results\tgnn\checkpoints\best_model_20260202_025346.pth
2026-02-02 04:01:25,963 - INFO - Saved best model (Loss: 0.236577) to results\tgnn\checkpoints\best_model_20260202_025346.pth
2026-02-02 04:01:51,950 - INFO - Epoch 770/800 | Loss: 0.237056
2026-02-02 04:01:57,158 - INFO - Saved best model (Loss: 0.236515) to results\tgnn\checkpoints\best_model_20260202_025346.pth
2026-02-02 04:02:12,771 - INFO - Saved best model (Loss: 0.236424) to results\tgnn\checkpoints\best_model_20260202_025346.pth
2026-02-02 04:02:43,981 - INFO - Epoch 780/800 | Loss: 0.236757
2026-02-02 04:02:59,520 - INFO - Saved best model (Loss: 0.236171) to results\tgnn\checkpoints\best_model_20260202_025346.pth
2026-02-02 04:03:25,397 - INFO - Saved best model (Loss: 0.235911) to results\tgnn\checkpoints\best_model_20260202_025346.pth
2026-02-02 04:03:35,766 - INFO - Epoch 790/800 | Loss: 0.235933
2026-02-02 04:04:22,472 - INFO - Saved final model to results\tgnn\checkpoints\final_model_20260202_025346.pth
2026-02-02 04:04:22,472 - INFO - Training Complete. Best Loss: 0.235911
