2026-02-02 11:18:06,879 - INFO - Starting training for 800 epochs on cuda
2026-02-02 11:18:13,733 - INFO - Epoch 0/800 | Loss: 0.497205
2026-02-02 11:18:13,742 - INFO - Saved best model (Loss: 0.497205) to results\tgnn\checkpoints\best_model_20260202_111806.pth
2026-02-02 11:18:20,208 - INFO - Saved best model (Loss: 0.343139) to results\tgnn\checkpoints\best_model_20260202_111806.pth
2026-02-02 11:18:26,759 - INFO - Saved best model (Loss: 0.319859) to results\tgnn\checkpoints\best_model_20260202_111806.pth
2026-02-02 11:18:33,158 - INFO - Saved best model (Loss: 0.311140) to results\tgnn\checkpoints\best_model_20260202_111806.pth
2026-02-02 11:18:39,629 - INFO - Saved best model (Loss: 0.306275) to results\tgnn\checkpoints\best_model_20260202_111806.pth
2026-02-02 11:18:46,020 - INFO - Saved best model (Loss: 0.302966) to results\tgnn\checkpoints\best_model_20260202_111806.pth
2026-02-02 11:18:52,483 - INFO - Saved best model (Loss: 0.300800) to results\tgnn\checkpoints\best_model_20260202_111806.pth
2026-02-02 11:18:58,993 - INFO - Saved best model (Loss: 0.299428) to results\tgnn\checkpoints\best_model_20260202_111806.pth
2026-02-02 11:19:05,636 - INFO - Saved best model (Loss: 0.297945) to results\tgnn\checkpoints\best_model_20260202_111806.pth
2026-02-02 11:19:12,108 - INFO - Saved best model (Loss: 0.296987) to results\tgnn\checkpoints\best_model_20260202_111806.pth
2026-02-02 11:19:18,457 - INFO - Epoch 10/800 | Loss: 0.296054
2026-02-02 11:19:18,464 - INFO - Saved best model (Loss: 0.296054) to results\tgnn\checkpoints\best_model_20260202_111806.pth
2026-02-02 11:19:24,924 - INFO - Saved best model (Loss: 0.294875) to results\tgnn\checkpoints\best_model_20260202_111806.pth
2026-02-02 11:19:31,398 - INFO - Saved best model (Loss: 0.293548) to results\tgnn\checkpoints\best_model_20260202_111806.pth
2026-02-02 11:19:37,837 - INFO - Saved best model (Loss: 0.291695) to results\tgnn\checkpoints\best_model_20260202_111806.pth
2026-02-02 11:19:44,269 - INFO - Saved best model (Loss: 0.289109) to results\tgnn\checkpoints\best_model_20260202_111806.pth
2026-02-02 11:19:50,660 - INFO - Saved best model (Loss: 0.287219) to results\tgnn\checkpoints\best_model_20260202_111806.pth
2026-02-02 11:19:57,053 - INFO - Saved best model (Loss: 0.284468) to results\tgnn\checkpoints\best_model_20260202_111806.pth
2026-02-02 11:20:09,874 - INFO - Saved best model (Loss: 0.282055) to results\tgnn\checkpoints\best_model_20260202_111806.pth
2026-02-02 11:20:16,264 - INFO - Saved best model (Loss: 0.280666) to results\tgnn\checkpoints\best_model_20260202_111806.pth
2026-02-02 11:20:22,697 - INFO - Epoch 20/800 | Loss: 0.280255
2026-02-02 11:20:22,705 - INFO - Saved best model (Loss: 0.280255) to results\tgnn\checkpoints\best_model_20260202_111806.pth
2026-02-02 11:20:29,091 - INFO - Saved best model (Loss: 0.278209) to results\tgnn\checkpoints\best_model_20260202_111806.pth
2026-02-02 11:20:35,502 - INFO - Saved best model (Loss: 0.277940) to results\tgnn\checkpoints\best_model_20260202_111806.pth
2026-02-02 11:20:41,934 - INFO - Saved best model (Loss: 0.277932) to results\tgnn\checkpoints\best_model_20260202_111806.pth
2026-02-02 11:20:48,370 - INFO - Saved best model (Loss: 0.276804) to results\tgnn\checkpoints\best_model_20260202_111806.pth
2026-02-02 11:20:54,776 - INFO - Saved best model (Loss: 0.276419) to results\tgnn\checkpoints\best_model_20260202_111806.pth
2026-02-02 11:21:01,183 - INFO - Saved best model (Loss: 0.276071) to results\tgnn\checkpoints\best_model_20260202_111806.pth
2026-02-02 11:21:07,614 - INFO - Saved best model (Loss: 0.274836) to results\tgnn\checkpoints\best_model_20260202_111806.pth
2026-02-02 11:21:20,365 - INFO - Saved best model (Loss: 0.274022) to results\tgnn\checkpoints\best_model_20260202_111806.pth
2026-02-02 11:21:26,833 - INFO - Epoch 30/800 | Loss: 0.274361
2026-02-02 11:21:39,685 - INFO - Saved best model (Loss: 0.273041) to results\tgnn\checkpoints\best_model_20260202_111806.pth
2026-02-02 11:21:52,431 - INFO - Saved best model (Loss: 0.272774) to results\tgnn\checkpoints\best_model_20260202_111806.pth
2026-02-02 11:21:58,871 - INFO - Saved best model (Loss: 0.272618) to results\tgnn\checkpoints\best_model_20260202_111806.pth
2026-02-02 11:22:05,285 - INFO - Saved best model (Loss: 0.272269) to results\tgnn\checkpoints\best_model_20260202_111806.pth
2026-02-02 11:22:11,700 - INFO - Saved best model (Loss: 0.272102) to results\tgnn\checkpoints\best_model_20260202_111806.pth
2026-02-02 11:22:24,504 - INFO - Saved best model (Loss: 0.271942) to results\tgnn\checkpoints\best_model_20260202_111806.pth
2026-02-02 11:22:30,923 - INFO - Epoch 40/800 | Loss: 0.271309
2026-02-02 11:22:30,931 - INFO - Saved best model (Loss: 0.271309) to results\tgnn\checkpoints\best_model_20260202_111806.pth
2026-02-02 11:22:37,352 - INFO - Saved best model (Loss: 0.271252) to results\tgnn\checkpoints\best_model_20260202_111806.pth
2026-02-02 11:22:43,723 - INFO - Saved best model (Loss: 0.271166) to results\tgnn\checkpoints\best_model_20260202_111806.pth
2026-02-02 11:22:50,127 - INFO - Saved best model (Loss: 0.270529) to results\tgnn\checkpoints\best_model_20260202_111806.pth
2026-02-02 11:23:03,297 - INFO - Saved best model (Loss: 0.270395) to results\tgnn\checkpoints\best_model_20260202_111806.pth
2026-02-02 11:23:09,689 - INFO - Saved best model (Loss: 0.269997) to results\tgnn\checkpoints\best_model_20260202_111806.pth
2026-02-02 11:23:22,538 - INFO - Saved best model (Loss: 0.269938) to results\tgnn\checkpoints\best_model_20260202_111806.pth
2026-02-02 11:23:28,992 - INFO - Saved best model (Loss: 0.269561) to results\tgnn\checkpoints\best_model_20260202_111806.pth
2026-02-02 11:23:35,410 - INFO - Epoch 50/800 | Loss: 0.269698
2026-02-02 11:23:54,513 - INFO - Saved best model (Loss: 0.269307) to results\tgnn\checkpoints\best_model_20260202_111806.pth
2026-02-02 11:24:00,966 - INFO - Saved best model (Loss: 0.269091) to results\tgnn\checkpoints\best_model_20260202_111806.pth
2026-02-02 11:24:13,848 - INFO - Saved best model (Loss: 0.268991) to results\tgnn\checkpoints\best_model_20260202_111806.pth
2026-02-02 11:24:20,270 - INFO - Saved best model (Loss: 0.268568) to results\tgnn\checkpoints\best_model_20260202_111806.pth
2026-02-02 11:24:26,677 - INFO - Saved best model (Loss: 0.268454) to results\tgnn\checkpoints\best_model_20260202_111806.pth
2026-02-02 11:24:39,431 - INFO - Epoch 60/800 | Loss: 0.268076
2026-02-02 11:24:39,439 - INFO - Saved best model (Loss: 0.268076) to results\tgnn\checkpoints\best_model_20260202_111806.pth
2026-02-02 11:24:58,542 - INFO - Saved best model (Loss: 0.268074) to results\tgnn\checkpoints\best_model_20260202_111806.pth
2026-02-02 11:25:04,926 - INFO - Saved best model (Loss: 0.267773) to results\tgnn\checkpoints\best_model_20260202_111806.pth
2026-02-02 11:25:17,655 - INFO - Saved best model (Loss: 0.267459) to results\tgnn\checkpoints\best_model_20260202_111806.pth
2026-02-02 11:25:36,851 - INFO - Saved best model (Loss: 0.267319) to results\tgnn\checkpoints\best_model_20260202_111806.pth
2026-02-02 11:25:43,231 - INFO - Epoch 70/800 | Loss: 0.267518
2026-02-02 11:25:55,961 - INFO - Saved best model (Loss: 0.267279) to results\tgnn\checkpoints\best_model_20260202_111806.pth
2026-02-02 11:26:02,355 - INFO - Saved best model (Loss: 0.267066) to results\tgnn\checkpoints\best_model_20260202_111806.pth
2026-02-02 11:26:15,090 - INFO - Saved best model (Loss: 0.266808) to results\tgnn\checkpoints\best_model_20260202_111806.pth
2026-02-02 11:26:21,529 - INFO - Saved best model (Loss: 0.266636) to results\tgnn\checkpoints\best_model_20260202_111806.pth
2026-02-02 11:26:47,244 - INFO - Epoch 80/800 | Loss: 0.266709
2026-02-02 11:26:53,634 - INFO - Saved best model (Loss: 0.266202) to results\tgnn\checkpoints\best_model_20260202_111806.pth
2026-02-02 11:27:19,346 - INFO - Saved best model (Loss: 0.266116) to results\tgnn\checkpoints\best_model_20260202_111806.pth
2026-02-02 11:27:25,855 - INFO - Saved best model (Loss: 0.265291) to results\tgnn\checkpoints\best_model_20260202_111806.pth
2026-02-02 11:27:51,448 - INFO - Epoch 90/800 | Loss: 0.265357
2026-02-02 11:28:10,533 - INFO - Saved best model (Loss: 0.265038) to results\tgnn\checkpoints\best_model_20260202_111806.pth
2026-02-02 11:28:16,931 - INFO - Saved best model (Loss: 0.264754) to results\tgnn\checkpoints\best_model_20260202_111806.pth
2026-02-02 11:28:23,347 - INFO - Saved best model (Loss: 0.264657) to results\tgnn\checkpoints\best_model_20260202_111806.pth
2026-02-02 11:28:29,758 - INFO - Saved best model (Loss: 0.264639) to results\tgnn\checkpoints\best_model_20260202_111806.pth
2026-02-02 11:28:42,502 - INFO - Saved best model (Loss: 0.264528) to results\tgnn\checkpoints\best_model_20260202_111806.pth
2026-02-02 11:28:55,223 - INFO - Epoch 100/800 | Loss: 0.264650
2026-02-02 11:29:01,578 - INFO - Saved best model (Loss: 0.264214) to results\tgnn\checkpoints\best_model_20260202_111806.pth
2026-02-02 11:29:27,076 - INFO - Saved best model (Loss: 0.263937) to results\tgnn\checkpoints\best_model_20260202_111806.pth
2026-02-02 11:29:52,585 - INFO - Saved best model (Loss: 0.263812) to results\tgnn\checkpoints\best_model_20260202_111806.pth
2026-02-02 11:29:59,007 - INFO - Epoch 110/800 | Loss: 0.263898
2026-02-02 11:30:05,365 - INFO - Saved best model (Loss: 0.263542) to results\tgnn\checkpoints\best_model_20260202_111806.pth
2026-02-02 11:30:11,853 - INFO - Saved best model (Loss: 0.263276) to results\tgnn\checkpoints\best_model_20260202_111806.pth
2026-02-02 11:30:31,126 - INFO - Saved best model (Loss: 0.263191) to results\tgnn\checkpoints\best_model_20260202_111806.pth
2026-02-02 11:30:37,550 - INFO - Saved best model (Loss: 0.262771) to results\tgnn\checkpoints\best_model_20260202_111806.pth
2026-02-02 11:31:03,041 - INFO - Epoch 120/800 | Loss: 0.262607
2026-02-02 11:31:03,049 - INFO - Saved best model (Loss: 0.262607) to results\tgnn\checkpoints\best_model_20260202_111806.pth
2026-02-02 11:31:09,462 - INFO - Saved best model (Loss: 0.262453) to results\tgnn\checkpoints\best_model_20260202_111806.pth
2026-02-02 11:31:41,328 - INFO - Saved best model (Loss: 0.262261) to results\tgnn\checkpoints\best_model_20260202_111806.pth
2026-02-02 11:31:47,756 - INFO - Saved best model (Loss: 0.262030) to results\tgnn\checkpoints\best_model_20260202_111806.pth
2026-02-02 11:32:06,853 - INFO - Epoch 130/800 | Loss: 0.262183
2026-02-02 11:32:13,244 - INFO - Saved best model (Loss: 0.261654) to results\tgnn\checkpoints\best_model_20260202_111806.pth
2026-02-02 11:32:19,665 - INFO - Saved best model (Loss: 0.261263) to results\tgnn\checkpoints\best_model_20260202_111806.pth
2026-02-02 11:32:57,693 - INFO - Saved best model (Loss: 0.261261) to results\tgnn\checkpoints\best_model_20260202_111806.pth
2026-02-02 11:33:08,395 - INFO - Epoch 140/800 | Loss: 0.261787
2026-02-02 11:33:13,668 - INFO - Saved best model (Loss: 0.260770) to results\tgnn\checkpoints\best_model_20260202_111806.pth
2026-02-02 11:33:18,972 - INFO - Saved best model (Loss: 0.260694) to results\tgnn\checkpoints\best_model_20260202_111806.pth
2026-02-02 11:33:40,124 - INFO - Saved best model (Loss: 0.260363) to results\tgnn\checkpoints\best_model_20260202_111806.pth
2026-02-02 11:33:50,718 - INFO - Saved best model (Loss: 0.260112) to results\tgnn\checkpoints\best_model_20260202_111806.pth
2026-02-02 11:34:01,383 - INFO - Epoch 150/800 | Loss: 0.259755
2026-02-02 11:34:01,391 - INFO - Saved best model (Loss: 0.259755) to results\tgnn\checkpoints\best_model_20260202_111806.pth
2026-02-02 11:34:22,592 - INFO - Saved best model (Loss: 0.259701) to results\tgnn\checkpoints\best_model_20260202_111806.pth
2026-02-02 11:34:27,876 - INFO - Saved best model (Loss: 0.259437) to results\tgnn\checkpoints\best_model_20260202_111806.pth
2026-02-02 11:34:38,531 - INFO - Saved best model (Loss: 0.259366) to results\tgnn\checkpoints\best_model_20260202_111806.pth
2026-02-02 11:34:43,841 - INFO - Saved best model (Loss: 0.259356) to results\tgnn\checkpoints\best_model_20260202_111806.pth
2026-02-02 11:34:49,144 - INFO - Saved best model (Loss: 0.259255) to results\tgnn\checkpoints\best_model_20260202_111806.pth
2026-02-02 11:34:54,461 - INFO - Epoch 160/800 | Loss: 0.259426
2026-02-02 11:35:10,395 - INFO - Saved best model (Loss: 0.259165) to results\tgnn\checkpoints\best_model_20260202_111806.pth
2026-02-02 11:35:15,665 - INFO - Saved best model (Loss: 0.258830) to results\tgnn\checkpoints\best_model_20260202_111806.pth
2026-02-02 11:35:20,993 - INFO - Saved best model (Loss: 0.258519) to results\tgnn\checkpoints\best_model_20260202_111806.pth
2026-02-02 11:35:36,937 - INFO - Saved best model (Loss: 0.258159) to results\tgnn\checkpoints\best_model_20260202_111806.pth
2026-02-02 11:35:47,528 - INFO - Epoch 170/800 | Loss: 0.258371
2026-02-02 11:35:52,826 - INFO - Saved best model (Loss: 0.257878) to results\tgnn\checkpoints\best_model_20260202_111806.pth
2026-02-02 11:36:14,017 - INFO - Saved best model (Loss: 0.257677) to results\tgnn\checkpoints\best_model_20260202_111806.pth
2026-02-02 11:36:19,352 - INFO - Saved best model (Loss: 0.257593) to results\tgnn\checkpoints\best_model_20260202_111806.pth
2026-02-02 11:36:29,956 - INFO - Saved best model (Loss: 0.257436) to results\tgnn\checkpoints\best_model_20260202_111806.pth
2026-02-02 11:36:40,574 - INFO - Epoch 180/800 | Loss: 0.257699
2026-02-02 11:36:51,131 - INFO - Saved best model (Loss: 0.257212) to results\tgnn\checkpoints\best_model_20260202_111806.pth
2026-02-02 11:37:01,805 - INFO - Saved best model (Loss: 0.256673) to results\tgnn\checkpoints\best_model_20260202_111806.pth
2026-02-02 11:37:33,573 - INFO - Epoch 190/800 | Loss: 0.256880
2026-02-02 11:37:44,242 - INFO - Saved best model (Loss: 0.256043) to results\tgnn\checkpoints\best_model_20260202_111806.pth
2026-02-02 11:38:00,178 - INFO - Saved best model (Loss: 0.256036) to results\tgnn\checkpoints\best_model_20260202_111806.pth
2026-02-02 11:38:10,904 - INFO - Saved best model (Loss: 0.255883) to results\tgnn\checkpoints\best_model_20260202_111806.pth
2026-02-02 11:38:21,547 - INFO - Saved best model (Loss: 0.255781) to results\tgnn\checkpoints\best_model_20260202_111806.pth
2026-02-02 11:38:26,845 - INFO - Epoch 200/800 | Loss: 0.255895
2026-02-02 11:38:42,711 - INFO - Saved best model (Loss: 0.255703) to results\tgnn\checkpoints\best_model_20260202_111806.pth
2026-02-02 11:38:53,275 - INFO - Saved best model (Loss: 0.255325) to results\tgnn\checkpoints\best_model_20260202_111806.pth
2026-02-02 11:39:14,535 - INFO - Saved best model (Loss: 0.255066) to results\tgnn\checkpoints\best_model_20260202_111806.pth
2026-02-02 11:39:19,852 - INFO - Epoch 210/800 | Loss: 0.255577
2026-02-02 11:39:46,331 - INFO - Saved best model (Loss: 0.254947) to results\tgnn\checkpoints\best_model_20260202_111806.pth
2026-02-02 11:40:02,256 - INFO - Saved best model (Loss: 0.254863) to results\tgnn\checkpoints\best_model_20260202_111806.pth
2026-02-02 11:40:12,859 - INFO - Epoch 220/800 | Loss: 0.255158
2026-02-02 11:40:18,136 - INFO - Saved best model (Loss: 0.254746) to results\tgnn\checkpoints\best_model_20260202_111806.pth
2026-02-02 11:40:28,758 - INFO - Saved best model (Loss: 0.254355) to results\tgnn\checkpoints\best_model_20260202_111806.pth
2026-02-02 11:41:10,702 - INFO - Epoch 230/800 | Loss: 0.254884
2026-02-02 11:41:21,283 - INFO - Saved best model (Loss: 0.254045) to results\tgnn\checkpoints\best_model_20260202_111806.pth
2026-02-02 11:41:31,866 - INFO - Saved best model (Loss: 0.253930) to results\tgnn\checkpoints\best_model_20260202_111806.pth
2026-02-02 11:41:53,436 - INFO - Saved best model (Loss: 0.253842) to results\tgnn\checkpoints\best_model_20260202_111806.pth
2026-02-02 11:42:04,047 - INFO - Epoch 240/800 | Loss: 0.253939
2026-02-02 11:42:14,608 - INFO - Saved best model (Loss: 0.253762) to results\tgnn\checkpoints\best_model_20260202_111806.pth
2026-02-02 11:42:19,924 - INFO - Saved best model (Loss: 0.253705) to results\tgnn\checkpoints\best_model_20260202_111806.pth
2026-02-02 11:42:35,785 - INFO - Saved best model (Loss: 0.253582) to results\tgnn\checkpoints\best_model_20260202_111806.pth
2026-02-02 11:42:46,420 - INFO - Saved best model (Loss: 0.253502) to results\tgnn\checkpoints\best_model_20260202_111806.pth
2026-02-02 11:42:57,050 - INFO - Epoch 250/800 | Loss: 0.253401
2026-02-02 11:42:57,058 - INFO - Saved best model (Loss: 0.253401) to results\tgnn\checkpoints\best_model_20260202_111806.pth
2026-02-02 11:43:07,755 - INFO - Saved best model (Loss: 0.253262) to results\tgnn\checkpoints\best_model_20260202_111806.pth
2026-02-02 11:43:28,905 - INFO - Saved best model (Loss: 0.253093) to results\tgnn\checkpoints\best_model_20260202_111806.pth
2026-02-02 11:43:50,184 - INFO - Epoch 260/800 | Loss: 0.253777
2026-02-02 11:43:55,492 - INFO - Saved best model (Loss: 0.252880) to results\tgnn\checkpoints\best_model_20260202_111806.pth
2026-02-02 11:44:00,762 - INFO - Saved best model (Loss: 0.252867) to results\tgnn\checkpoints\best_model_20260202_111806.pth
2026-02-02 11:44:11,334 - INFO - Saved best model (Loss: 0.252702) to results\tgnn\checkpoints\best_model_20260202_111806.pth
2026-02-02 11:44:43,034 - INFO - Epoch 270/800 | Loss: 0.253386
2026-02-02 11:45:04,172 - INFO - Saved best model (Loss: 0.252456) to results\tgnn\checkpoints\best_model_20260202_111806.pth
2026-02-02 11:45:20,084 - INFO - Saved best model (Loss: 0.252449) to results\tgnn\checkpoints\best_model_20260202_111806.pth
2026-02-02 11:45:25,381 - INFO - Saved best model (Loss: 0.252370) to results\tgnn\checkpoints\best_model_20260202_111806.pth
2026-02-02 11:45:30,670 - INFO - Saved best model (Loss: 0.252347) to results\tgnn\checkpoints\best_model_20260202_111806.pth
2026-02-02 11:45:35,986 - INFO - Epoch 280/800 | Loss: 0.252311
2026-02-02 11:45:35,995 - INFO - Saved best model (Loss: 0.252311) to results\tgnn\checkpoints\best_model_20260202_111806.pth
2026-02-02 11:46:13,155 - INFO - Saved best model (Loss: 0.251963) to results\tgnn\checkpoints\best_model_20260202_111806.pth
2026-02-02 11:46:23,865 - INFO - Saved best model (Loss: 0.251950) to results\tgnn\checkpoints\best_model_20260202_111806.pth
2026-02-02 11:46:29,205 - INFO - Epoch 290/800 | Loss: 0.252623
2026-02-02 11:47:11,678 - INFO - Saved best model (Loss: 0.251633) to results\tgnn\checkpoints\best_model_20260202_111806.pth
2026-02-02 11:47:22,302 - INFO - Epoch 300/800 | Loss: 0.251969
2026-02-02 11:47:38,174 - INFO - Saved best model (Loss: 0.251495) to results\tgnn\checkpoints\best_model_20260202_111806.pth
2026-02-02 11:48:04,726 - INFO - Saved best model (Loss: 0.251404) to results\tgnn\checkpoints\best_model_20260202_111806.pth
2026-02-02 11:48:10,010 - INFO - Saved best model (Loss: 0.251228) to results\tgnn\checkpoints\best_model_20260202_111806.pth
2026-02-02 11:48:15,309 - INFO - Epoch 310/800 | Loss: 0.251243
2026-02-02 11:48:25,951 - INFO - Saved best model (Loss: 0.251087) to results\tgnn\checkpoints\best_model_20260202_111806.pth
2026-02-02 11:48:52,513 - INFO - Saved best model (Loss: 0.251015) to results\tgnn\checkpoints\best_model_20260202_111806.pth
2026-02-02 11:48:57,902 - INFO - Saved best model (Loss: 0.250975) to results\tgnn\checkpoints\best_model_20260202_111806.pth
2026-02-02 11:49:08,566 - INFO - Epoch 320/800 | Loss: 0.251316
2026-02-02 11:49:24,476 - INFO - Saved best model (Loss: 0.250594) to results\tgnn\checkpoints\best_model_20260202_111806.pth
2026-02-02 11:49:56,351 - INFO - Saved best model (Loss: 0.250487) to results\tgnn\checkpoints\best_model_20260202_111806.pth
2026-02-02 11:50:01,689 - INFO - Epoch 330/800 | Loss: 0.250350
2026-02-02 11:50:01,697 - INFO - Saved best model (Loss: 0.250350) to results\tgnn\checkpoints\best_model_20260202_111806.pth
2026-02-02 11:50:54,958 - INFO - Epoch 340/800 | Loss: 0.250302
2026-02-02 11:50:54,966 - INFO - Saved best model (Loss: 0.250302) to results\tgnn\checkpoints\best_model_20260202_111806.pth
2026-02-02 11:51:16,329 - INFO - Saved best model (Loss: 0.249956) to results\tgnn\checkpoints\best_model_20260202_111806.pth
2026-02-02 11:51:26,987 - INFO - Saved best model (Loss: 0.249842) to results\tgnn\checkpoints\best_model_20260202_111806.pth
2026-02-02 11:51:48,221 - INFO - Epoch 350/800 | Loss: 0.249970
2026-02-02 11:51:53,523 - INFO - Saved best model (Loss: 0.249837) to results\tgnn\checkpoints\best_model_20260202_111806.pth
2026-02-02 11:52:09,503 - INFO - Saved best model (Loss: 0.249655) to results\tgnn\checkpoints\best_model_20260202_111806.pth
2026-02-02 11:52:20,197 - INFO - Saved best model (Loss: 0.249486) to results\tgnn\checkpoints\best_model_20260202_111806.pth
2026-02-02 11:52:30,862 - INFO - Saved best model (Loss: 0.249126) to results\tgnn\checkpoints\best_model_20260202_111806.pth
2026-02-02 11:52:41,545 - INFO - Epoch 360/800 | Loss: 0.249689
2026-02-02 11:53:34,719 - INFO - Epoch 370/800 | Loss: 0.249169
2026-02-02 11:53:50,673 - INFO - Saved best model (Loss: 0.248788) to results\tgnn\checkpoints\best_model_20260202_111806.pth
2026-02-02 11:54:28,039 - INFO - Epoch 380/800 | Loss: 0.248846
2026-02-02 11:54:33,388 - INFO - Saved best model (Loss: 0.248709) to results\tgnn\checkpoints\best_model_20260202_111806.pth
2026-02-02 11:54:44,132 - INFO - Saved best model (Loss: 0.248522) to results\tgnn\checkpoints\best_model_20260202_111806.pth
2026-02-02 11:55:05,363 - INFO - Saved best model (Loss: 0.248497) to results\tgnn\checkpoints\best_model_20260202_111806.pth
2026-02-02 11:55:10,692 - INFO - Saved best model (Loss: 0.248479) to results\tgnn\checkpoints\best_model_20260202_111806.pth
2026-02-02 11:55:16,063 - INFO - Saved best model (Loss: 0.248394) to results\tgnn\checkpoints\best_model_20260202_111806.pth
2026-02-02 11:55:21,388 - INFO - Epoch 390/800 | Loss: 0.248845
2026-02-02 11:55:37,340 - INFO - Saved best model (Loss: 0.248233) to results\tgnn\checkpoints\best_model_20260202_111806.pth
2026-02-02 11:55:58,611 - INFO - Saved best model (Loss: 0.248065) to results\tgnn\checkpoints\best_model_20260202_111806.pth
2026-02-02 11:56:04,006 - INFO - Saved best model (Loss: 0.247815) to results\tgnn\checkpoints\best_model_20260202_111806.pth
2026-02-02 11:56:14,690 - INFO - Epoch 400/800 | Loss: 0.248305
2026-02-02 11:56:46,638 - INFO - Saved best model (Loss: 0.247757) to results\tgnn\checkpoints\best_model_20260202_111806.pth
2026-02-02 11:56:52,001 - INFO - Saved best model (Loss: 0.247573) to results\tgnn\checkpoints\best_model_20260202_111806.pth
2026-02-02 11:57:08,010 - INFO - Epoch 410/800 | Loss: 0.248428
2026-02-02 11:57:50,605 - INFO - Saved best model (Loss: 0.247266) to results\tgnn\checkpoints\best_model_20260202_111806.pth
2026-02-02 11:58:01,291 - INFO - Epoch 420/800 | Loss: 0.247178
2026-02-02 11:58:01,297 - INFO - Saved best model (Loss: 0.247178) to results\tgnn\checkpoints\best_model_20260202_111806.pth
2026-02-02 11:58:54,636 - INFO - Epoch 430/800 | Loss: 0.247593
2026-02-02 11:58:59,954 - INFO - Saved best model (Loss: 0.247072) to results\tgnn\checkpoints\best_model_20260202_111806.pth
2026-02-02 11:59:31,846 - INFO - Saved best model (Loss: 0.247001) to results\tgnn\checkpoints\best_model_20260202_111806.pth
2026-02-02 11:59:37,221 - INFO - Saved best model (Loss: 0.246772) to results\tgnn\checkpoints\best_model_20260202_111806.pth
2026-02-02 11:59:42,549 - INFO - Saved best model (Loss: 0.246747) to results\tgnn\checkpoints\best_model_20260202_111806.pth
2026-02-02 11:59:47,882 - INFO - Epoch 440/800 | Loss: 0.247430
2026-02-02 11:59:53,213 - INFO - Saved best model (Loss: 0.246698) to results\tgnn\checkpoints\best_model_20260202_111806.pth
2026-02-02 12:00:41,246 - INFO - Epoch 450/800 | Loss: 0.246659
2026-02-02 12:00:41,253 - INFO - Saved best model (Loss: 0.246659) to results\tgnn\checkpoints\best_model_20260202_111806.pth
2026-02-02 12:00:51,919 - INFO - Saved best model (Loss: 0.246644) to results\tgnn\checkpoints\best_model_20260202_111806.pth
2026-02-02 12:01:07,967 - INFO - Saved best model (Loss: 0.246632) to results\tgnn\checkpoints\best_model_20260202_111806.pth
2026-02-02 12:01:13,302 - INFO - Saved best model (Loss: 0.246081) to results\tgnn\checkpoints\best_model_20260202_111806.pth
2026-02-02 12:01:34,726 - INFO - Epoch 460/800 | Loss: 0.246496
2026-02-02 12:02:27,905 - INFO - Epoch 470/800 | Loss: 0.246818
2026-02-02 12:02:38,543 - INFO - Saved best model (Loss: 0.246016) to results\tgnn\checkpoints\best_model_20260202_111806.pth
2026-02-02 12:02:43,844 - INFO - Saved best model (Loss: 0.245898) to results\tgnn\checkpoints\best_model_20260202_111806.pth
2026-02-02 12:02:54,551 - INFO - Saved best model (Loss: 0.245857) to results\tgnn\checkpoints\best_model_20260202_111806.pth
2026-02-02 12:03:21,165 - INFO - Epoch 480/800 | Loss: 0.245963
2026-02-02 12:03:26,495 - INFO - Saved best model (Loss: 0.245435) to results\tgnn\checkpoints\best_model_20260202_111806.pth
2026-02-02 12:04:14,325 - INFO - Epoch 490/800 | Loss: 0.245451
2026-02-02 12:04:30,302 - INFO - Saved best model (Loss: 0.245137) to results\tgnn\checkpoints\best_model_20260202_111806.pth
2026-02-02 12:05:07,684 - INFO - Epoch 500/800 | Loss: 0.245686
2026-02-02 12:05:39,631 - INFO - Saved best model (Loss: 0.244990) to results\tgnn\checkpoints\best_model_20260202_111806.pth
2026-02-02 12:06:00,880 - INFO - Epoch 510/800 | Loss: 0.245722
2026-02-02 12:06:27,431 - INFO - Saved best model (Loss: 0.244884) to results\tgnn\checkpoints\best_model_20260202_111806.pth
2026-02-02 12:06:54,077 - INFO - Epoch 520/800 | Loss: 0.245390
2026-02-02 12:06:59,404 - INFO - Saved best model (Loss: 0.244812) to results\tgnn\checkpoints\best_model_20260202_111806.pth
2026-02-02 12:07:25,974 - INFO - Saved best model (Loss: 0.244498) to results\tgnn\checkpoints\best_model_20260202_111806.pth
2026-02-02 12:07:47,311 - INFO - Epoch 530/800 | Loss: 0.244752
2026-02-02 12:08:40,708 - INFO - Epoch 540/800 | Loss: 0.244565
2026-02-02 12:08:46,004 - INFO - Saved best model (Loss: 0.244340) to results\tgnn\checkpoints\best_model_20260202_111806.pth
2026-02-02 12:09:07,377 - INFO - Saved best model (Loss: 0.244302) to results\tgnn\checkpoints\best_model_20260202_111806.pth
2026-02-02 12:09:34,078 - INFO - Epoch 550/800 | Loss: 0.244330
2026-02-02 12:10:27,464 - INFO - Epoch 560/800 | Loss: 0.244185
2026-02-02 12:10:27,472 - INFO - Saved best model (Loss: 0.244185) to results\tgnn\checkpoints\best_model_20260202_111806.pth
2026-02-02 12:10:32,791 - INFO - Saved best model (Loss: 0.243956) to results\tgnn\checkpoints\best_model_20260202_111806.pth
2026-02-02 12:11:20,609 - INFO - Epoch 570/800 | Loss: 0.243973
2026-02-02 12:11:25,910 - INFO - Saved best model (Loss: 0.243838) to results\tgnn\checkpoints\best_model_20260202_111806.pth
2026-02-02 12:11:31,259 - INFO - Saved best model (Loss: 0.243729) to results\tgnn\checkpoints\best_model_20260202_111806.pth
2026-02-02 12:12:13,859 - INFO - Epoch 580/800 | Loss: 0.244082
2026-02-02 12:12:35,028 - INFO - Saved best model (Loss: 0.243687) to results\tgnn\checkpoints\best_model_20260202_111806.pth
2026-02-02 12:13:07,047 - INFO - Epoch 590/800 | Loss: 0.244076
2026-02-02 12:13:12,386 - INFO - Saved best model (Loss: 0.243343) to results\tgnn\checkpoints\best_model_20260202_111806.pth
2026-02-02 12:14:00,357 - INFO - Epoch 600/800 | Loss: 0.243879
2026-02-02 12:14:42,845 - INFO - Saved best model (Loss: 0.243295) to results\tgnn\checkpoints\best_model_20260202_111806.pth
2026-02-02 12:14:48,184 - INFO - Saved best model (Loss: 0.243283) to results\tgnn\checkpoints\best_model_20260202_111806.pth
2026-02-02 12:14:53,556 - INFO - Epoch 610/800 | Loss: 0.243567
2026-02-02 12:15:09,548 - INFO - Saved best model (Loss: 0.243034) to results\tgnn\checkpoints\best_model_20260202_111806.pth
2026-02-02 12:15:46,886 - INFO - Epoch 620/800 | Loss: 0.243149
2026-02-02 12:16:40,221 - INFO - Epoch 630/800 | Loss: 0.243069
2026-02-02 12:16:45,541 - INFO - Saved best model (Loss: 0.243011) to results\tgnn\checkpoints\best_model_20260202_111806.pth
2026-02-02 12:16:50,868 - INFO - Saved best model (Loss: 0.242920) to results\tgnn\checkpoints\best_model_20260202_111806.pth
2026-02-02 12:17:22,796 - INFO - Saved best model (Loss: 0.242706) to results\tgnn\checkpoints\best_model_20260202_111806.pth
2026-02-02 12:17:28,143 - INFO - Saved best model (Loss: 0.242537) to results\tgnn\checkpoints\best_model_20260202_111806.pth
2026-02-02 12:17:33,487 - INFO - Epoch 640/800 | Loss: 0.242898
2026-02-02 12:18:10,789 - INFO - Saved best model (Loss: 0.242347) to results\tgnn\checkpoints\best_model_20260202_111806.pth
2026-02-02 12:18:26,878 - INFO - Epoch 650/800 | Loss: 0.242821
2026-02-02 12:18:58,922 - INFO - Saved best model (Loss: 0.242188) to results\tgnn\checkpoints\best_model_20260202_111806.pth
2026-02-02 12:19:20,315 - INFO - Epoch 660/800 | Loss: 0.242485
2026-02-02 12:20:13,280 - INFO - Epoch 670/800 | Loss: 0.242721
2026-02-02 12:20:56,001 - INFO - Saved best model (Loss: 0.242123) to results\tgnn\checkpoints\best_model_20260202_111806.pth
2026-02-02 12:21:06,700 - INFO - Epoch 680/800 | Loss: 0.242154
2026-02-02 12:21:17,411 - INFO - Saved best model (Loss: 0.242029) to results\tgnn\checkpoints\best_model_20260202_111806.pth
2026-02-02 12:21:22,746 - INFO - Saved best model (Loss: 0.241950) to results\tgnn\checkpoints\best_model_20260202_111806.pth
2026-02-02 12:21:49,406 - INFO - Saved best model (Loss: 0.241894) to results\tgnn\checkpoints\best_model_20260202_111806.pth
2026-02-02 12:22:00,118 - INFO - Epoch 690/800 | Loss: 0.242549
2026-02-02 12:22:05,471 - INFO - Saved best model (Loss: 0.241872) to results\tgnn\checkpoints\best_model_20260202_111806.pth
2026-02-02 12:22:53,291 - INFO - Epoch 700/800 | Loss: 0.241673
2026-02-02 12:22:53,299 - INFO - Saved best model (Loss: 0.241673) to results\tgnn\checkpoints\best_model_20260202_111806.pth
2026-02-02 12:22:58,667 - INFO - Saved best model (Loss: 0.241673) to results\tgnn\checkpoints\best_model_20260202_111806.pth
2026-02-02 12:23:41,296 - INFO - Saved best model (Loss: 0.241519) to results\tgnn\checkpoints\best_model_20260202_111806.pth
2026-02-02 12:23:46,617 - INFO - Epoch 710/800 | Loss: 0.241936
2026-02-02 12:23:57,234 - INFO - Saved best model (Loss: 0.241352) to results\tgnn\checkpoints\best_model_20260202_111806.pth
2026-02-02 12:24:39,943 - INFO - Epoch 720/800 | Loss: 0.241735
2026-02-02 12:25:01,325 - INFO - Saved best model (Loss: 0.241246) to results\tgnn\checkpoints\best_model_20260202_111806.pth
2026-02-02 12:25:06,721 - INFO - Saved best model (Loss: 0.241188) to results\tgnn\checkpoints\best_model_20260202_111806.pth
2026-02-02 12:25:33,347 - INFO - Epoch 730/800 | Loss: 0.241642
2026-02-02 12:25:49,224 - INFO - Saved best model (Loss: 0.241148) to results\tgnn\checkpoints\best_model_20260202_111806.pth
2026-02-02 12:26:26,434 - INFO - Epoch 740/800 | Loss: 0.241625
2026-02-02 12:27:14,647 - INFO - Saved best model (Loss: 0.241130) to results\tgnn\checkpoints\best_model_20260202_111806.pth
2026-02-02 12:27:19,983 - INFO - Epoch 750/800 | Loss: 0.241155
2026-02-02 12:27:25,283 - INFO - Saved best model (Loss: 0.240963) to results\tgnn\checkpoints\best_model_20260202_111806.pth
2026-02-02 12:28:13,408 - INFO - Epoch 760/800 | Loss: 0.240962
2026-02-02 12:28:13,416 - INFO - Saved best model (Loss: 0.240962) to results\tgnn\checkpoints\best_model_20260202_111806.pth
2026-02-02 12:28:18,720 - INFO - Saved best model (Loss: 0.240827) to results\tgnn\checkpoints\best_model_20260202_111806.pth
2026-02-02 12:28:45,299 - INFO - Saved best model (Loss: 0.240800) to results\tgnn\checkpoints\best_model_20260202_111806.pth
2026-02-02 12:28:50,694 - INFO - Saved best model (Loss: 0.240779) to results\tgnn\checkpoints\best_model_20260202_111806.pth
2026-02-02 12:29:06,627 - INFO - Epoch 770/800 | Loss: 0.241042
2026-02-02 12:29:17,276 - INFO - Saved best model (Loss: 0.240394) to results\tgnn\checkpoints\best_model_20260202_111806.pth
2026-02-02 12:29:59,762 - INFO - Epoch 780/800 | Loss: 0.240983
2026-02-02 12:30:26,478 - INFO - Saved best model (Loss: 0.240249) to results\tgnn\checkpoints\best_model_20260202_111806.pth
2026-02-02 12:30:53,200 - INFO - Epoch 790/800 | Loss: 0.240380
2026-02-02 12:31:41,210 - INFO - Saved final model to results\tgnn\checkpoints\final_model_20260202_111806.pth
2026-02-02 12:31:41,210 - INFO - Training Complete. Best Loss: 0.240249
